02-28 23:02:32.309570  5126 7394 D godzilla.txt: Evil, that means take a back seat 81
02-28 23:02:32.315050  2091 8417 D heal_the_world.txt:  108
02-28 23:02:32.315735  6467 8874 D san_guo.txt: 第六十二回　　取培关杨高授首　　　攻雒城黄魏立功 62
02-28 23:02:32.326453  7931 4403 D Scarborough_Fair.txt: (Washes the grave with silvery tears) 19
02-28 23:02:32.336146  2091 6422 V still_loving_you.txt:  36
02-28 23:02:32.346938  5126 22 V without_me.txt: But it feels so empty without me 28
02-28 23:02:32.347568  5126 3914 V superman.txt: Maybe I'll love you one day 90
02-28 23:02:32.358607  5126 3914 V superman.txt: Maybe we'll someday grow 91
02-28 23:02:32.363098  2091 6483 V bad.txt: And the whole world has to answer right now 25
02-28 23:02:32.375014  2091 6483 V bad.txt: Just to tell you once again: Who's bad? 26
02-28 23:02:32.376383  2091 8417 D heal_the_world.txt: [Outro: Michael Jackson & Child] 109
02-28 23:02:32.387347  2091 8671 V zombie.txt: Zombie, zombie, zombie-ie-ie-ie, oh 17
02-28 23:02:32.395642  5126 22 V without_me.txt: So come on and dip, bum on your lips 29
02-28 23:02:32.396207  7931 6831 V bridge_over_trouble_water.txt: Your time has come to shine 29 30
02-28 23:02:32.401500  7931 6831 D bridge_over_trouble_water.txt: All your dreams are on their way 30 31
02-28 23:02:32.411725  2091 9487 V wind_of_change.txt: In the wind of change 31
02-28 23:02:32.422273  5126 1989 V till_I_collapse.txt: This is your moment and every single minute you spittin' 34
02-28 23:02:32.422505  2091 9859 V they_dont_care_about_us.txt: [Verse 1] 9
02-28 23:02:32.425295  5126 5611 D rap_god.txt: Well, to be truthful the blueprint's 59
02-28 23:02:32.430818  2091 639 I thriller.txt: Creatures crawl in search of blood 84
02-28 23:02:32.438217  2091 3448 W beat_it.txt:  31
02-28 23:02:32.444932  7931 4403 V Scarborough_Fair.txt: Between the salt water and the sea strands 20
02-28 23:02:32.453906  2091 9359 D send_me_angle.txt: In the land of the morning star! 48
02-28 23:02:32.455297  5126 5611 V rap_god.txt: Simply rage and youthful exuberance 60
02-28 23:02:32.461593  2091 8827 V billie_jean.txt: Hoo! 39
02-28 23:02:32.472539  2091 639 D thriller.txt: To terrorize y'all's neighborhood 85
02-28 23:02:32.476450  5126 5611 D rap_god.txt: Everybody loves to root for a nuisance 61
02-28 23:02:32.478237  2091 8827 V billie_jean.txt:  40
02-28 23:02:32.479081  5126 3567 V lose_yourself.txt: Make me king, as we move toward a New World Order 39
02-28 23:02:32.488481  2091 8827 D billie_jean.txt: [Pre-Chorus] 41
02-28 23:02:32.489508  7931 6831 F bridge_over_trouble_water.txt: See how they shine 31 32
02-28 23:02:32.501089  2959 197 V vincent.txt: And when no hope was left inside 34
02-28 23:02:32.510064  2091 6422 D still_loving_you.txt: [Chorus] 37
02-28 23:02:32.516212  5126 5611 E rap_god.txt: Hit the Earth like an asteroid 62
02-28 23:02:32.526342  8887 8399 D when_we_are_young.txt: It was just like a song 58
02-28 23:02:32.531610  5126 7394 D godzilla.txt: Take it back to Fat Petes with a maxi, single 82
02-28 23:02:32.532352  8887 3965 V set_fire_to_the_rain.txt: They were never true, never true 13
02-28 23:02:32.534091  2091 8671 D zombie.txt:  18
02-28 23:02:32.537189  2091 6483 V bad.txt:  27
02-28 23:02:32.539446  2091 6422 D still_loving_you.txt: If we'd go again 38
02-28 23:02:32.550166  2959 197 V vincent.txt: On that starry, starry night 35
02-28 23:02:32.555208  7931 4403 V Scarborough_Fair.txt: (And polishes a gun) 21
02-28 23:02:32.563737  5126 1989 V till_I_collapse.txt: Trying to hold onto it 'cause you may never get it again 35
02-28 23:02:32.574219  8887 3965 V set_fire_to_the_rain.txt: And the games you'd play 14
02-28 23:02:32.577614  5126 22 D without_me.txt:  30
02-28 23:02:32.578729  7931 4403 I Scarborough_Fair.txt: Then she'll be a true love of mine 22
02-28 23:02:32.579480  5126 1989 V till_I_collapse.txt: So while you're in it try to get as much shit as you can 36
02-28 23:02:32.581617  2091 8827 V billie_jean.txt: People always told me, "Be careful of what you do 42
02-28 23:02:32.587077  6467 8874 V san_guo.txt: 第六十三回　　诸葛亮痛哭庞统　　　张翼德义释严颜 63
02-28 23:02:32.596550  2091 8671 D zombie.txt: [Post-Chorus] 19
02-28 23:02:32.607432  8887 7 V someone_like_you.txt:  14
02-28 23:02:32.617345  2091 8417 D heal_the_world.txt: Make a better place (You and for me) 110
02-28 23:02:32.623509  6467 8874 V san_guo.txt: 第六十四回　　孔明定计捉张任　　　杨阜借兵破马超 64
02-28 23:02:32.624661  2091 8827 V billie_jean.txt: And don't go around breakin' young girls' hearts" 43
02-28 23:02:32.635627  2091 8827 V billie_jean.txt: (Don't break no hearts!) (Hee-hee) 44
02-28 23:02:32.639349  8887 7 D someone_like_you.txt: Never mind, I'll find someone like you 15
02-28 23:02:32.640593  2091 8417 V heal_the_world.txt: Make a better place (You and for me) 111
02-28 23:02:32.645207  2091 3448 V beat_it.txt: [Chorus] 32
02-28 23:02:32.646065  2959 197 V vincent.txt: You took your life as lovers often do 36
02-28 23:02:32.650803  2091 6483 D bad.txt:  28
02-28 23:02:32.660370  6467 8874 W san_guo.txt: 第六十五回　　马超大战葭萌关　　　刘备自领益州牧 65
02-28 23:02:32.672235  2091 639 V thriller.txt: I'm gonna thrill you tonight 86
02-28 23:02:32.681532  5126 22 D without_me.txt: Fuck that, cum on your lips and some on your tits 31
02-28 23:02:32.693080  5126 3567 V lose_yourself.txt: A normal life is borin', but super stardom's close to post mortem 40
02-28 23:02:32.696688  2091 8827 V billie_jean.txt: But she came and stood right by me 45
02-28 23:02:32.706452  8887 7 V someone_like_you.txt: I wish nothing but the best for you, too 16
02-28 23:02:32.707755  2091 9859 V they_dont_care_about_us.txt: Skin head, dead head, everybody gone bad 10
02-28 23:02:32.709279  2091 6422 D still_loving_you.txt: All the way from the start 39
02-28 23:02:32.717921  2959 197 F vincent.txt: But I could have told you, Vincent 37
02-28 23:02:32.719877  5126 5611 D rap_god.txt: Did nothing but shoot for the Moon since (Pew!) 63
02-28 23:02:32.722393  7931 8438 V sound_of_silence.txt: People writing songs that voices never share 22
02-28 23:02:32.728840  2091 8827 V billie_jean.txt: Then the smell of sweet perfume (Ha-oh) 46
02-28 23:02:32.735269  2091 8827 I billie_jean.txt: This happened much too soon (Ha-oh, ha-ooh) 47
02-28 23:02:32.744424  2091 9359 I send_me_angle.txt: Here I am 49
02-28 23:02:32.750786  8887 5826 V rolling_in_the_deep.txt: (Tears are gonna fall, rolling in the deep) 28
02-28 23:02:32.758573  2091 6422 V still_loving_you.txt: I would try to change 40
02-28 23:02:32.761229  5126 3914 D superman.txt: 'Til then just sit your drunk ass on that fuckin' runway, ho 92
02-28 23:02:32.762923  5126 22 D without_me.txt: And get ready 'cause this shit is about to get heavy 32
02-28 23:02:32.767442  2091 8827 V billie_jean.txt: She called me to her room (Ha-oh, hoo!) 48
02-28 23:02:32.775606  8887 7 D someone_like_you.txt: "Don't forget me, " I beg 17
02-28 23:02:32.787376  5126 22 V without_me.txt: I just settled all my lawsuits, "Fuck you, Debbie!" 33
02-28 23:02:32.796093  8887 8399 V when_we_are_young.txt: My God, this reminds me 59
02-28 23:02:32.800220  8887 5826 D rolling_in_the_deep.txt: They keep me thinking that we almost had it all 29
02-28 23:02:32.801667  2091 9359 D send_me_angle.txt: Will you send me an angel? 50
02-28 23:02:32.807188  5126 7394 V godzilla.txt: Look at my rap sheets, what attracts these people 83
02-28 23:02:32.809960  2091 6422 D still_loving_you.txt: The things that killed our love 41
02-28 23:02:32.814834  2091 8827 V billie_jean.txt:  49
02-28 23:02:32.821173  8887 8399 D when_we_are_young.txt: Of when we were young 60
02-28 23:02:32.831048  2091 3448 I beat_it.txt: Just beat it, beat it, beat it, beat it 33
02-28 23:02:32.839462  7931 6831 D bridge_over_trouble_water.txt: Oh, if you need a friend 32 33
02-28 23:02:32.846782  5126 22 V without_me.txt: Now this looks like a job for me 34
02-28 23:02:32.854945  7931 6831 V bridge_over_trouble_water.txt: I'm sailing right behind 33 34
02-28 23:02:32.855622  2091 8827 F billie_jean.txt: [Chorus] 50
02-28 23:02:32.860135  2091 6483 E bad.txt: Primis Player Placeholder 29
02-28 23:02:32.862683  8887 7 V someone_like_you.txt: I remember you said 18
02-28 23:02:32.864272  5126 5611 D rap_god.txt: MCs get taken to school with this music 64
02-28 23:02:32.866588  2091 6422 V still_loving_you.txt: Your pride has built a wall, so strong 42
02-28 23:02:32.874962  5126 1989 W till_I_collapse.txt: And when your run is over just admit when it's at its end 37
02-28 23:02:32.875665  8887 3965 W set_fire_to_the_rain.txt: You would always win, always win 15
02-28 23:02:32.878388  2091 3448 W beat_it.txt: No one wants to be defeated 34
02-28 23:02:32.881939  2091 3448 V beat_it.txt: Showin' how funky and strong is your fight 35
02-28 23:02:32.890354  2091 8827 V billie_jean.txt: Billie Jean is not my lover (Hoo!) 51
02-28 23:02:32.895897  2091 6483 V bad.txt:  30
02-28 23:02:32.899195  2091 6483 D bad.txt:  31
02-28 23:02:32.903680  7931 4403 V Scarborough_Fair.txt:  23
02-28 23:02:32.915077  2959 197 D vincent.txt: This world was never meant for one 38
02-28 23:02:32.920136  2091 9359 V send_me_angle.txt: Here I am 51
02-28 23:02:32.928893  5126 22 D without_me.txt: So everybody just follow me 35
02-28 23:02:32.940333  5126 1989 V till_I_collapse.txt: 'Cause I'm at the end of my wits with half the shit that gets in 38
02-28 23:02:32.950718  7931 6831 V bridge_over_trouble_water.txt:  34 35
02-28 23:02:32.962584  5126 5611 V rap_god.txt: 'Cause I use it as a vehicle to "bus the rhyme" 65
02-28 23:02:32.967198  5126 1989 V till_I_collapse.txt: I got a list, here's the order of my list that it's in; 39
02-28 23:02:32.978329  7931 6831 V bridge_over_trouble_water.txt: Like a bridge over troubled water 35 36
02-28 23:02:32.986431  8887 8399 D when_we_are_young.txt: When we were young 61
02-28 23:02:32.996435  2091 6483 F bad.txt:  A Vocal Coach Reacts To Lil Tjay's Melodies | Genius News 32
02-28 23:02:33.003074  2091 9487 V wind_of_change.txt:  32
02-28 23:02:33.008812  2091 639 I thriller.txt: And whosoever shall be found 87
02-28 23:02:33.017811  2959 197 D vincent.txt: As beautiful as you 39
02-28 23:02:33.018794  5126 1989 D till_I_collapse.txt: It goes, Reggie, Jay-Z, Tupac and Biggie 40
02-28 23:02:33.019334  8887 5826 D rolling_in_the_deep.txt: (You're gonna wish you never had met me) 30
02-28 23:02:33.026100  5126 1989 V till_I_collapse.txt: Andre from Outkast, Jada, Kurupt, Nas and then me 41
02-28 23:02:33.030322  2091 8671 W zombie.txt: Du, du, du, du 20
02-28 23:02:33.040258  7931 4403 D Scarborough_Fair.txt: Tell her to reap it with a sickle of leather 24
02-28 23:02:33.049404  7931 6831 V bridge_over_trouble_water.txt: I will ease your mind 36 37
02-28 23:02:33.061128  2091 9359 F send_me_angle.txt: In the land of the morning star! 52
02-28 23:02:33.065607  6467 9869 V xi_you.txt: 第二十三回 三藏不忘本 四圣试禅心 23
02-28 23:02:33.077073  2091 6422 D still_loving_you.txt: That I can't get through 43
02-28 23:02:33.084661  5126 3914 V superman.txt:  93
02-28 23:02:33.091019  8887 8399 D when_we_are_young.txt: (When we were young) 62
02-28 23:02:33.102050  8887 507 D hello.txt: So hello from the other side (Other side) 27
02-28 23:02:33.106494  2091 6483 D bad.txt:  33
02-28 23:02:33.116674  5126 22 D without_me.txt: 'Cause we need a little controversy 36
02-28 23:02:33.125255  7931 6831 V bridge_over_trouble_water.txt: Like a bridge over troubled water 37 38
02-28 23:02:33.132186  8887 7 V someone_like_you.txt: "Sometimes it lasts in love, but sometimes it hurts instead" 19
02-28 23:02:33.134727  2091 6422 V still_loving_you.txt: Is there really no chance 44
02-28 23:02:33.138336  7931 4403 V Scarborough_Fair.txt: (Blazing in scarlet battalions) 25
02-28 23:02:33.146598  2091 8671 D zombie.txt: Du, du, du, du 21
02-28 23:02:33.158298  2091 8671 V zombie.txt: Du, du, du, du 22
02-28 23:02:33.161375  2959 197 D vincent.txt:  40
02-28 23:02:33.167205  2091 6483 W bad.txt: [Verse 2] 34
02-28 23:02:33.173005  8887 5826 V rolling_in_the_deep.txt: The scars of your love, they leave me breathless 31
02-28 23:02:33.183798  5126 22 V without_me.txt: 'Cause it feels so empty without me 37
02-28 23:02:33.186547  7931 6831 V bridge_over_trouble_water.txt: I will ease your min 38 39
02-28 23:02:33.194264  8887 8399 D when_we_are_young.txt: When we were young 63
02-28 23:02:33.197254  2091 6483 D bad.txt: The word is out, you're doin' wrong 35
02-28 23:02:33.201598  8887 3965 D set_fire_to_the_rain.txt: But I set fire to the rain 16
02-28 23:02:33.205994  2091 8671 D zombie.txt: Du, du, du, du 23
02-28 23:02:33.212295  5126 22 V without_me.txt: I said, this looks like a job for me 38
02-28 23:02:33.221965  5126 5611 W rap_god.txt: Now I lead a new school full of students 66
02-28 23:02:33.231989  2091 9359 D send_me_angle.txt: Here I am 53
02-28 23:02:33.239004  8887 3965 V set_fire_to_the_rain.txt: Watched it pour as I touched your face 17
02-28 23:02:33.243613  7931 4403 V Scarborough_Fair.txt: Parsley, sage, rosemary, and thyme 26
02-28 23:02:33.251990  2091 8417 V heal_the_world.txt: Make a better place (You and for me) 112
02-28 23:02:33.255015  2091 9859 I they_dont_care_about_us.txt: Situation, aggravation, everybody, allegation 11
02-28 23:02:33.266790  2091 9359 D send_me_angle.txt: Will you send me an angel? 54
02-28 23:02:33.272735  8887 5826 E rolling_in_the_deep.txt: (Tears are gonna fall, rolling in the deep) 32
02-28 23:02:33.277745  5126 5611 D rap_god.txt: Me? I'm a product of Rakim 67
02-28 23:02:33.287657  2091 8671 V zombie.txt:  24
02-28 23:02:33.288351  2091 8417 D heal_the_world.txt: (You and for me) 113
02-28 23:02:33.297125  2091 639 V thriller.txt: Without the soul for getting down 88
02-28 23:02:33.305526  2091 6483 D bad.txt: Gon' lock you up before too long 36
02-28 23:02:33.309572  6467 8874 D san_guo.txt: 第六十六回　　关云长单刀赴会　　　伏皇后为国捐生 66
02-28 23:02:33.317162  5126 5611 D rap_god.txt: Lakim Shabazz, 2Pac, N.W.A, Cube, hey Doc, Ren 68
02-28 23:02:33.317366  2091 6422 I still_loving_you.txt: To start once again 45
02-28 23:02:33.324740  2091 6483 V bad.txt: Your lyin' eyes gon' tell you right 37
02-28 23:02:33.335194  2091 9359 V send_me_angle.txt: Here I am 55
02-28 23:02:33.340587  2091 3448 V beat_it.txt: It doesn't matter who's wrong or right 36
02-28 23:02:33.350969  2091 6422 D still_loving_you.txt:  46
02-28 23:02:33.359059  2091 3448 V beat_it.txt: Just beat it, beat it, beat it, beat it 37
02-28 23:02:33.366368  8887 3965 D set_fire_to_the_rain.txt: Well, it burned while I cried 18
02-28 23:02:33.368353  8887 3965 V set_fire_to_the_rain.txt: 'Cause I heard it screaming out your name 19
02-28 23:02:33.379484  8887 507 V hello.txt: I must've called a thousand times (Thousand times) 28
02-28 23:02:33.391150  2091 639 V thriller.txt: Must stand and face the hounds of hell 89
02-28 23:02:33.395212  2091 9859 V they_dont_care_about_us.txt: In the suit, on the news, everybody, dog food 12
02-28 23:02:33.405461  5126 5611 D rap_god.txt: Yella, Eazy, thank you, they got Slim 69
02-28 23:02:33.405535  2091 9359 D send_me_angle.txt: In the land of the morning star 56
02-28 23:02:33.407988  8887 3965 D set_fire_to_the_rain.txt: Your name 20
02-28 23:02:33.415125  2091 9487 D wind_of_change.txt: The wind of change 33
02-28 23:02:33.425929  8887 7 D someone_like_you.txt: "Sometimes it lasts in love, but sometimes it hurts instead" 20
02-28 23:02:33.433564  2091 8827 V billie_jean.txt: She's just a girl who claims that I am the one 52
02-28 23:02:33.439500  2091 8827 V billie_jean.txt: But the kid is not my son 53
02-28 23:02:33.441279  2091 9487 V wind_of_change.txt: Blows straight into the face of time 34
02-28 23:02:33.446741  2091 639 E thriller.txt: And rot inside a corpse's shell 90
02-28 23:02:33.451699  2091 639 V thriller.txt: I'm gonna thrill you tonight 91
02-28 23:02:33.462546  7931 4403 V Scarborough_Fair.txt: (Generals order their soldiers to kill) 27
02-28 23:02:33.472714  5126 22 V without_me.txt: So everybody just follow me 39
02-28 23:02:33.481740  2091 639 V thriller.txt: (Thriller, ooh, thriller) 92
02-28 23:02:33.487205  6467 8874 D san_guo.txt: 第六十七回　　曹操平定汉中地　　　张辽威震逍遥津 67
02-28 23:02:33.497219  2091 9487 V wind_of_change.txt: Like a storm wind that will ring the freedom bell 35
02-28 23:02:33.501430  8887 7 D someone_like_you.txt:  21
02-28 23:02:33.509999  5126 3914 V superman.txt: [Chorus: Eminem] 94
02-28 23:02:33.514146  7931 4403 V Scarborough_Fair.txt: And gather it all in a bunch of heather 28
02-28 23:02:33.518314  2091 9359 D send_me_angle.txt: Verse 1] 1
02-28 23:02:33.519274  7931 6831 F bridge_over_trouble_water.txt: Bridge Over Troubled Water 0 1
02-28 23:02:33.522034  8887 8399 V when_we_are_young.txt: (When we were young) 64
02-28 23:02:33.532531  2091 9359 V send_me_angle.txt: Wise man said just walk this way 2
02-28 23:02:33.534702  5126 3914 I superman.txt: ‘Cause I can't be your Superman, can't be your Superman 95
02-28 23:02:33.537674  8887 3965 I set_fire_to_the_rain.txt:  21
02-28 23:02:33.546809  2091 8417 D heal_the_world.txt: Heal the world we live in (You and for me) 114
02-28 23:02:33.555391  2091 9487 V wind_of_change.txt: For peace of mind 36
02-28 23:02:33.556528  2091 6483 I bad.txt: So listen up, don't make a fight 38
02-28 23:02:33.563028  2959 197 F vincent.txt: Starry, starry night 41
02-28 23:02:33.570932  2091 6483 D bad.txt: Your talk is cheap, you're not a man 39
02-28 23:02:33.577669  2091 8671 V zombie.txt: [Verse 2] 25
02-28 23:02:33.583610  2091 8827 D billie_jean.txt: No-no-no, no-no-no-no-no-no (Hoo!) 54
02-28 23:02:33.592096  7931 6831 V bridge_over_trouble_water.txt: Simon & Garfunkel 1 2
02-28 23:02:33.604059  8887 3965 V set_fire_to_the_rain.txt: When laying with you 22
02-28 23:02:33.608530  5126 3914 V superman.txt: Can't be your Superman, can't be your Superman 96
02-28 23:02:33.613293  2091 6422 D still_loving_you.txt: If we'd go again 47
02-28 23:02:33.622766  2091 639 D thriller.txt: I'm gonna thrill you tonight 93
02-28 23:02:33.632500  7931 4403 D Scarborough_Fair.txt: (A cause they've long ago forgotten) 29
02-28 23:02:33.633246  2091 9487 V wind_of_change.txt: Let your balalaika sing 37
02-28 23:02:33.641082  5126 22 V without_me.txt: 'Cause we need a little controversy 40
02-28 23:02:33.646220  5126 3914 V superman.txt: I can't be your Superman, can't be your Superman 97
02-28 23:02:33.654996  8887 7 D someone_like_you.txt: You know how the time flies 22
02-28 23:02:33.663271  8887 5826 I rolling_in_the_deep.txt: I can't help feeling 33
02-28 23:02:33.664905  2091 6422 D still_loving_you.txt: All the way from the start 48
02-28 23:02:33.667235  2091 8827 I billie_jean.txt: Billie Jean is not my lover 55
02-28 23:02:33.671931  5126 5611 D rap_god.txt: Inspired enough to one day grow up 70
02-28 23:02:33.674588  2091 8827 V billie_jean.txt: She's just a girl who claims that I am the one (Oh baby) 56
02-28 23:02:33.676491  2091 8417 V heal_the_world.txt: Save it for our children (You and for me) 115
02-28 23:02:33.685876  2091 9295 D always_somewhere.txt: Always somewhere 14
02-28 23:02:33.690669  2091 6483 D bad.txt: You're throwin' stones to hide your hands 40
02-28 23:02:33.701618  2091 9487 V wind_of_change.txt: What my guitar wants to say 38
02-28 23:02:33.706088  2959 197 V vincent.txt: Portraits hung in empty halls 42
02-28 23:02:33.713442  2091 6422 V still_loving_you.txt: I would try to change 49
02-28 23:02:33.716240  2959 8932 V american_pie.txt: When the jester sang for the king and queen 46
02-28 23:02:33.721989  5126 3914 V superman.txt: Can't be your Superman, your Superman, your Superman 98
02-28 23:02:33.730241  5126 5611 W rap_god.txt: Blow up and be in a position 71
02-28 23:02:33.734865  2091 8827 V billie_jean.txt: But the kid is not my son (Oh, no, no) 57
02-28 23:02:33.736685  2091 8671 D zombie.txt: Another mother's breakin' 26
02-28 23:02:33.747120  5126 22 V without_me.txt: 'Cause it feels so empty without me 41
02-28 23:02:33.758090  2091 6422 V still_loving_you.txt: The things that killed our love 50
02-28 23:02:33.767753  2091 6422 E still_loving_you.txt: Yes, I've hurt your pride, and I know 51
02-28 23:02:33.773176  8887 7 V someone_like_you.txt: Only yesterday was the time of our lives 23
02-28 23:02:33.774347  5126 22 V without_me.txt: Little hellions kids feeling rebellious 42
02-28 23:02:33.785687  5126 3914 D superman.txt: ‘Cause I can't be your Superman, can't be your Superman 99
02-28 23:02:33.787486  2091 6483 D bad.txt:  41
02-28 23:02:33.798466  7931 6831 E bridge_over_trouble_water.txt: When you're weary 2 3
02-28 23:02:33.808689  2091 9359 V send_me_angle.txt: To the dawn of the light 3
02-28 23:02:33.819821  7931 6831 V bridge_over_trouble_water.txt: Feeling small 3 4
02-28 23:02:33.831391  2091 8417 V heal_the_world.txt: Heal the world we live in (You and for me) 116
02-28 23:02:33.834311  2091 8827 D billie_jean.txt: She says I am the one (Oh baby) 58
02-28 23:02:33.838738  2091 6483 D bad.txt: [Pre-Chorus 1] 42
02-28 23:02:33.850380  7931 8438 V sound_of_silence.txt: No one dared 23
02-28 23:02:33.858429  2091 9359 D send_me_angle.txt: The wind will blow into your face 4
02-28 23:02:33.868865  2091 6483 V bad.txt: Well, they say the sky's the limit 43
02-28 23:02:33.879004  7931 4403 E Scarborough_Fair.txt: Then she'll be a true love of mine 30
02-28 23:02:33.881012  2091 639 D thriller.txt: (Thriller night, thriller) 94
02-28 23:02:33.882801  5126 1989 D till_I_collapse.txt: But in this industry I'm the cause of a lot of envy 42
02-28 23:02:33.888464  5126 22 D without_me.txt: Embarrassed, their parents still listen to Elvis 43
02-28 23:02:33.889134  2091 639 D thriller.txt: I'm gonna thrill you tonight 95
02-28 23:02:33.899002  2091 6422 E still_loving_you.txt: What you've been through 52
02-28 23:02:33.904028  5126 22 V without_me.txt: They start feeling like prisoners helpless 44
02-28 23:02:33.905626  2959 197 W vincent.txt: Frameless heads on nameless walls 43
02-28 23:02:33.915131  8887 8399 V when_we_are_young.txt:  65
02-28 23:02:33.926023  2091 9859 I they_dont_care_about_us.txt: Bang bang, shot dead, everybody's gone mad 13
02-28 23:02:33.927759  2959 8932 D american_pie.txt: In a coat he borrowed from James Dean 47
02-28 23:02:33.929870  5126 22 V without_me.txt: 'Til someone comes along on a mission and yells "bitch" 45
02-28 23:02:33.933775  5126 22 V without_me.txt: A visionary, vision is scary, 46
02-28 23:02:33.940345  2091 639 V thriller.txt: Ooh, babe, I'm gonna thrill you tonight 96
02-28 23:02:33.944872  5126 5611 D rap_god.txt: To meet RunCD.M.C., induct them 72
02-28 23:02:33.948981  5126 3567 V lose_yourself.txt: It only grows harder, only grows hotter 41
02-28 23:02:33.960049  8887 7 D someone_like_you.txt: We were born and raised in a summer haze 24
02-28 23:02:33.963349  8887 8399 D when_we_are_young.txt: Let me photograph you in this light 66
02-28 23:02:33.970351  8887 7 E someone_like_you.txt: Bound by the surprise of our glory days 25
02-28 23:02:33.974263  2091 9487 V wind_of_change.txt: Take me to the magic of the moment 39
02-28 23:02:33.975400  2091 9359 V send_me_angle.txt: As the years pass you by 5
02-28 23:02:33.986177  8887 7 V someone_like_you.txt: I hate to turn up out of the blue, uninvited 26
02-28 23:02:33.997512  8887 5826 V rolling_in_the_deep.txt:  34
02-28 23:02:34.004684  2091 8827 V billie_jean.txt: But the kid is not my son (No, hee-hee!) 59
02-28 23:02:34.005550  6467 9869 D xi_you.txt: 第二十四回 万寿山大仙留故友 五庄观行者窃人参 24
02-28 23:02:34.011183  2091 9487 V wind_of_change.txt: On a glory night 40
02-28 23:02:34.022466  8887 5826 V rolling_in_the_deep.txt: We could have had it all 35
02-28 23:02:34.026534  5126 5611 V rap_god.txt: Into the motherfuckin' Rock and Roll Hall of Fame 73
02-28 23:02:34.027441  2091 6422 F still_loving_you.txt: You should give me a chance 53
02-28 23:02:34.029524  2091 8417 V heal_the_world.txt: Save it for our children (You and for me) 117
02-28 23:02:34.032511  2091 8671 D zombie.txt: Heart is takin' over 27
02-28 23:02:34.042684  2091 9359 D send_me_angle.txt: Hear this voice from deep inside 6
02-28 23:02:34.042736  2091 9487 V wind_of_change.txt: Where the children of tomorrow share their dreams 41
02-28 23:02:34.046273  2091 8417 D heal_the_world.txt: Heal the world we live in (You and for me) 118
02-28 23:02:34.052485  8887 7 D someone_like_you.txt: But I couldn't stay away, I couldn't fight it 27
02-28 23:02:34.060044  2091 8671 D zombie.txt: When the violence causes silence 28
02-28 23:02:34.061117  2091 6422 V still_loving_you.txt: This can't be the end 54
02-28 23:02:34.063222  8887 7 V someone_like_you.txt: I had hoped you'd see my face 28
02-28 23:02:34.072958  2091 6422 E still_loving_you.txt: I'm still loving you 55
02-28 23:02:34.078971  5126 5611 V rap_god.txt:  74
02-28 23:02:34.083657  2091 9359 D send_me_angle.txt: It's the call of your heart 7
02-28 23:02:34.086451  8887 8399 V when_we_are_young.txt: In case it is the last time 67
02-28 23:02:34.087796  5126 1989 I till_I_collapse.txt: So when I'm not put on this list the shit does not offend me 43
02-28 23:02:34.088948  2959 197 D vincent.txt: With eyes that watch the world and can't forget 44
02-28 23:02:34.089673  7931 6831 V bridge_over_trouble_water.txt: When tears are in your eyes 4 5
02-28 23:02:34.094253  8887 7 V someone_like_you.txt: And that you'd be reminded that for me, it isn't over 29
02-28 23:02:34.096720  2091 639 V thriller.txt: Thriller night, babe 97
02-28 23:02:34.100979  5126 1989 D till_I_collapse.txt: That's why you see me walk around like nothing's bothering me 44
02-28 23:02:34.111303  5126 22 F without_me.txt: Could start a revolution, pollutin' the air waves a rebel 47
02-28 23:02:34.112775  2091 8827 V billie_jean.txt: [Break] 60
02-28 23:02:34.122277  5126 22 V without_me.txt: So let me just revel and bask 48
02-28 23:02:34.128585  2091 8417 V heal_the_world.txt: Save it for our children (You and for me) 119
02-28 23:02:34.139189  7931 6831 I bridge_over_trouble_water.txt: I'll dry them all 5 6
02-28 23:02:34.147930  2091 6422 I still_loving_you.txt: I’m still loving you 56
02-28 23:02:34.158317  8887 7 D someone_like_you.txt:  30
02-28 23:02:34.169320  2091 8417 V heal_the_world.txt: Heal the world we live in (You and for me) 120
02-28 23:02:34.174659  2959 197 V vincent.txt: Like the strangers that you've met 45
02-28 23:02:34.181272  2091 6483 D bad.txt: And to me, that's really true 44
02-28 23:02:34.193143  2091 9359 V send_me_angle.txt: Close your eyes and you will find 8
02-28 23:02:34.201594  7931 4403 D Scarborough_Fair.txt: Are you going to Scarborough Fair? 31
02-28 23:02:34.211258  2091 8827 D billie_jean.txt: Ah, hee-hee-hee! 61
02-28 23:02:34.212801  2091 3448 V beat_it.txt: No one wants to be defeated 38
02-28 23:02:34.219837  8887 7 D someone_like_you.txt: Never mind, I'll find someone like you 31
02-28 23:02:34.231150  2959 197 V vincent.txt: The ragged men in ragged clothes 46
02-28 23:02:34.232285  5126 1989 D till_I_collapse.txt: Even though half you people got a fuckin' problem with me 45
02-28 23:02:34.241179  8887 507 D hello.txt: To tell you I'm sorry for everything that I've done 29
02-28 23:02:34.247562  7931 6831 V bridge_over_trouble_water.txt: I'm on your side 6 7
02-28 23:02:34.259290  5126 3914 D superman.txt: Can't be your Superman, can't be your Superman 100
02-28 23:02:34.270640  5126 1989 D till_I_collapse.txt: You hate it but you know respect you've got to give me 46
02-28 23:02:34.272510  2091 8671 V zombie.txt: We must be mistaken 29
02-28 23:02:34.274840  2091 8417 W heal_the_world.txt: Save it for our childre 121
02-28 23:02:34.275903  2091 9359 D send_me_angle.txt: Passage out of the dark 9
02-28 23:02:34.277976  5126 7394 V godzilla.txt: Is my gangster, bitch, like Apache with a catchy jingle 84
02-28 23:02:34.288763  2091 8827 I billie_jean.txt: Hee! Hoo! 62
02-28 23:02:34.294104  5126 3914 W superman.txt: I can't be your Superman, can't be your Superman 101
02-28 23:02:34.302577  2091 9359 D send_me_angle.txt:  10
02-28 23:02:34.308828  6467 8874 D san_guo.txt: 第六十八回　　甘宁百骑劫魏营　　　左慈掷杯戏曹操 68
02-28 23:02:34.309058  2091 9359 V send_me_angle.txt: [Chorus] 11
02-28 23:02:34.316389  8887 7 V someone_like_you.txt: I wish nothing but the best for you, too 32
02-28 23:02:34.320581  2091 9359 F send_me_angle.txt: Here I am 12
02-28 23:02:34.329945  7931 4403 V Scarborough_Fair.txt: Parsley, sage, rosemary, and thyme 32
02-28 23:02:34.339398  7931 4403 V Scarborough_Fair.txt: Remember me to one who lives there 33
02-28 23:02:34.347240  5126 5611 V rap_god.txt: Even though I'll walk in the church 75
02-28 23:02:34.349386  2091 8417 D heal_the_world.txt: [Intro: Child] 1
02-28 23:02:34.356322  2959 197 V vincent.txt: The silver thorn of bloody rose 47
02-28 23:02:34.359761  5126 22 D without_me.txt: In the fact that I got everyone kissing my ass 49
02-28 23:02:34.364543  2091 8671 E zombie.txt:  30
02-28 23:02:34.370160  8887 7 V someone_like_you.txt: "Don't forget me, " I begged 33
02-28 23:02:34.374680  7931 4403 I Scarborough_Fair.txt: She once was a true love of min 34
02-28 23:02:34.377832  2091 8827 V billie_jean.txt:  63
02-28 23:02:34.388519  2091 9487 V wind_of_change.txt: With you and me 42
02-28 23:02:34.399350  2091 9359 V send_me_angle.txt: Will you send me an angel? 13
02-28 23:02:34.401751  8887 3965 D set_fire_to_the_rain.txt: I could stay there 23
02-28 23:02:34.412100  8887 8399 V when_we_are_young.txt: That we might be exactly like we were 68
02-28 23:02:34.415625  7931 4403 V Scarborough_Fair.txt: Scarborough Fair/Canticle 1
02-28 23:02:34.422905  2091 9359 I send_me_angle.txt: Here I am 14
02-28 23:02:34.431561  8887 3965 D set_fire_to_the_rain.txt: Close my eyes, feel you here forever 24
02-28 23:02:34.434256  5126 22 D without_me.txt: And it's a disaster such a catastrophe 50
02-28 23:02:34.437107  2959 8932 I american_pie.txt: And a voice that came from you and me 48
02-28 23:02:34.443450  8887 8399 V when_we_are_young.txt: Before we realized 69
02-28 23:02:34.454899  2091 639 V thriller.txt: The foulest stench is in the air 98
02-28 23:02:34.456580  8887 8399 V when_we_are_young.txt: We were sad of getting old 70
02-28 23:02:34.461935  8887 7 D someone_like_you.txt: I remember you said 34
02-28 23:02:34.465457  7931 4403 V Scarborough_Fair.txt: Simon & Garfunkel 2
02-28 23:02:34.465602  5126 5611 E rap_god.txt: And burst in a ball of flames 76
02-28 23:02:34.477392  2091 8671 I zombie.txt: [Pre-Chorus] 31
02-28 23:02:34.478675  7931 6831 D bridge_over_trouble_water.txt: Oh, when times get rough 7 8
02-28 23:02:34.482327  5126 22 D without_me.txt: For you to see so damn much of my ass you ask for me 51
02-28 23:02:34.482744  2959 197 V vincent.txt: Lie crushed and broken on the virgin snow 48
02-28 23:02:34.486528  2091 8827 V billie_jean.txt: [Chorus] 64
02-28 23:02:34.489291  7931 4403 D Scarborough_Fair.txt: Are you going to Scarborough Fair? 3
02-28 23:02:34.496561  2091 3448 D beat_it.txt: Showin' how funky and strong is your fight 39
02-28 23:02:34.502036  2091 639 V thriller.txt: The funk of forty thousand years (Thriller night, thriller) 99
02-28 23:02:34.505062  5126 3914 D superman.txt: Can't be your Superman, your Superman, your Superman 102
02-28 23:02:34.506640  6467 9869 D xi_you.txt: 第二十五回 镇元仙赶捉取经僧 孙行者大闹五庄观 25
02-28 23:02:34.518323  2091 6422 D still_loving_you.txt: I'm still loving you 57
