02-28 23:02:04.304796  2091 8827 V billie_jean.txt:  1
02-28 23:02:04.311771  2091 639 V thriller.txt: Verse 1: Michael Jackson] 1
02-28 23:02:04.314093  5126 22 V without_me.txt: Obie Trice 1
02-28 23:02:04.320352  5126 22 V without_me.txt: Real name no gimmicks 2
02-28 23:02:04.322815  2091 6422 V still_loving_you.txt: [Verse 1] 1
02-28 23:02:04.324422  8887 8399 V when_we_are_young.txt: Everybody loves the things you do 1
02-28 23:02:04.324995  8887 8399 D when_we_are_young.txt: From the way you talk 2
02-28 23:02:04.333152  6467 8874 D san_guo.txt: 第一回　　　　宴桃园豪杰三结义　　斩黄巾英雄首立功 1
02-28 23:02:04.340744  2091 8417 D heal_the_world.txt: [Intro: Child] 1
02-28 23:02:04.347632  2091 9487 I wind_of_change.txt: Follow the Moskva 1
02-28 23:02:04.353467  2091 6422 V still_loving_you.txt: Time, it needs time 2
02-28 23:02:04.355774  2091 9359 D send_me_angle.txt: Verse 1] 1
02-28 23:02:04.362798  2091 9359 V send_me_angle.txt: Wise man said just walk this way 2
02-28 23:02:04.374221  8887 7 V someone_like_you.txt: Someone Like You 1
02-28 23:02:04.380967  2091 8671 D zombie.txt: [Verse 1] 1
02-28 23:02:04.389628  2091 6422 V still_loving_you.txt: To win back your love again 3
02-28 23:02:04.396517  2091 639 D thriller.txt: It's close to midnight 2
02-28 23:02:04.403112  5126 22 I without_me.txt: Two trailer park girls go round the outside 3
02-28 23:02:04.405758  5126 5611 D rap_god.txt: Look, I was gonna go easy on you 1
02-28 23:02:04.414864  2091 8417 V heal_the_world.txt: Think about the generations and say that we wanna make it a better place for our children, and our children's children, so that they, they, they know it's a better world for them, and think, if they can make it a better place... 2
02-28 23:02:04.417671  2091 9487 D wind_of_change.txt: Down to Gorky Park 2
02-28 23:02:04.426705  2091 6422 D still_loving_you.txt: I will be there, I will be there 4
02-28 23:02:04.431860  2091 9487 D wind_of_change.txt: Listening to the wind of change 3
02-28 23:02:04.443120  5126 22 W without_me.txt: Round the outside, round the outside 4
02-28 23:02:04.454109  2091 8827 V billie_jean.txt: She was more like a beauty queen from a movie scene 2
02-28 23:02:04.454640  8887 507 V hello.txt: Hello, it's me 1
02-28 23:02:04.465270  8887 507 I hello.txt: I was wondering if after all these years you'd like to meet 2
02-28 23:02:04.475569  2091 6422 V still_loving_you.txt: Love, only love 5
02-28 23:02:04.480231  2091 6483 V bad.txt: [Verse 1] 1
02-28 23:02:04.482257  5126 3914 F superman.txt: Mhmmm *inhales* 1
02-28 23:02:04.492640  5126 22 D without_me.txt: Two trailer park girls go round the outside 5
02-28 23:02:04.498349  2091 6483 V bad.txt: Your butt is mine, gon' tell you right 2
02-28 23:02:04.503691  2091 8827 V billie_jean.txt: I said, "Don't mind, but what do you mean, I am the one 3
02-28 23:02:04.510893  2091 9295 V always_somewhere.txt: [Verse 1] 1
02-28 23:02:04.513364  8887 3965 V set_fire_to_the_rain.txt: I let it fall, my heart 1
02-28 23:02:04.518084  2091 9859 E they_dont_care_about_us.txt:  1
02-28 23:02:04.521704  2091 8827 V billie_jean.txt: Who will dance on the floor in the round?" 4
02-28 23:02:04.524894  5126 3914 W superman.txt: You high, baby? 2
02-28 23:02:04.532671  8887 8399 V when_we_are_young.txt: To the way you move 3
02-28 23:02:04.534848  2091 9859 V they_dont_care_about_us.txt: All I want to say is that they don't really care about us 2
02-28 23:02:04.545354  8887 507 V hello.txt: To go over everything 3
02-28 23:02:04.551460  8887 7 I someone_like_you.txt: Adele 2
02-28 23:02:04.555133  8887 7 D someone_like_you.txt: I heard that you're settled down 3
02-28 23:02:04.561750  7931 6831 F bridge_over_trouble_water.txt: Bridge Over Troubled Water 0 1
02-28 23:02:04.564784  8887 7 D someone_like_you.txt: That you found a girl and you're married now 4
02-28 23:02:04.576601  5126 22 V without_me.txt: Round the outside, round the outside 6
02-28 23:02:04.577894  5126 3914 V superman.txt: Yeah 3
02-28 23:02:04.583234  6467 8874 V san_guo.txt: 第二回　　　　张翼德怒鞭督邮　　　何国舅谋诛宦竖 2
02-28 23:02:04.591645  2091 6483 D bad.txt: Just show your face in broad daylight 3
02-28 23:02:04.598309  2091 6483 V bad.txt: I'm tellin' you on how I feel 4
02-28 23:02:04.603801  5126 3914 D superman.txt: Yeah? 4
02-28 23:02:04.604777  2959 197 D vincent.txt: Vincent 1
02-28 23:02:04.615418  5126 22 D without_me.txt: Guess who's back, back again 7
02-28 23:02:04.615486  5126 7394 V godzilla.txt: Ugh, you're a monster 1
02-28 23:02:04.625350  2091 9487 W wind_of_change.txt: An August summer night 4
02-28 23:02:04.627415  5126 5611 V rap_god.txt: Not to hurt your feelings 2
02-28 23:02:04.634150  2091 8827 V billie_jean.txt: She said I am the one 5
02-28 23:02:04.645637  2091 6422 V still_loving_you.txt: Can bring back your love someday 6
02-28 23:02:04.647313  8887 8399 D when_we_are_young.txt: Everybody here is watching you 4
02-28 23:02:04.652516  5126 5611 V rap_god.txt: But I'm only going to get this one chance 3
02-28 23:02:04.656427  5126 7394 V godzilla.txt: I can swallow a bottle of alcohol and I'll feel like Godzilla 2
02-28 23:02:04.662735  2091 9359 V send_me_angle.txt: To the dawn of the light 3
02-28 23:02:04.665099  2091 8827 V billie_jean.txt: Who will dance on the floor, in the round 6
02-28 23:02:04.671439  2959 197 V vincent.txt: Don McLean 2
02-28 23:02:04.682642  2091 8417 V heal_the_world.txt:  3
02-28 23:02:04.690517  8887 7 V someone_like_you.txt: I heard that your dreams came true 5
02-28 23:02:04.695183  6467 8874 W san_guo.txt: 第三回　　　　议温明董卓叱丁原　　馈金珠李肃说吕布 3
02-28 23:02:04.702220  2091 6483 D bad.txt: Gon' hurt your mind, don't shoot to kill 5
02-28 23:02:04.704980  2091 639 D thriller.txt: Something evil's lurking in the dark 3
02-28 23:02:04.715916  2091 8417 V heal_the_world.txt: [Verse 1] 4
02-28 23:02:04.715921  2091 8417 V heal_the_world.txt: There's a place in your heart 5
02-28 23:02:04.721160  8887 507 D hello.txt: They say that time's supposed to heal ya 4
02-28 23:02:04.732859  8887 5826 V rolling_in_the_deep.txt: There's a fire starting in my heart 1
02-28 23:02:04.742783  2091 639 D thriller.txt: Under the moonlight 4
02-28 23:02:04.746957  2959 197 D vincent.txt: Starry, starry night 3
02-28 23:02:04.757551  5126 1989 I till_I_collapse.txt: 'Cause sometimes you just feel tired, you feel weak 1
02-28 23:02:04.759697  8887 507 V hello.txt: But I ain't done much healing 5
02-28 23:02:04.761698  2091 8671 V zombie.txt: Another head hangs lowly 2
02-28 23:02:04.769508  2959 197 V vincent.txt: Paint your palette blue and gray 4
02-28 23:02:04.773601  2091 9359 D send_me_angle.txt: The wind will blow into your face 4
02-28 23:02:04.780168  5126 22 D without_me.txt: Shady's back, tell a friend 8
02-28 23:02:04.785120  2091 8827 D billie_jean.txt: She told me her name was Billie Jean 7
02-28 23:02:04.796433  2091 6483 V bad.txt: Shamone, ah, shamone 6
02-28 23:02:04.802509  8887 7 V someone_like_you.txt: Guess she gave you things, I didn't give to you 6
02-28 23:02:04.805735  7931 6831 V bridge_over_trouble_water.txt: Simon & Garfunkel 1 2
02-28 23:02:04.810827  8887 8399 F when_we_are_young.txt: 'Cause you feel like home 5
02-28 23:02:04.819495  5126 22 V without_me.txt: Guess who's back, guess who's back? 9
02-28 23:02:04.828054  2091 9859 D they_dont_care_about_us.txt: Don't worry what people say, we know the truth 3
02-28 23:02:04.837630  5126 5611 F rap_god.txt: Something's wrong, I can feel it 4
02-28 23:02:04.841002  8887 7 D someone_like_you.txt: Old friend, why are you so shy? 7
02-28 23:02:04.850158  2091 9487 D wind_of_change.txt: Soldiers passing by 5
02-28 23:02:04.858429  2091 8671 V zombie.txt: Child is slowly taken 3
02-28 23:02:04.866472  5126 22 V without_me.txt: Guess who's back, guess who's back? 10
02-28 23:02:04.874672  2091 8827 W billie_jean.txt: As she caused a scene 8
02-28 23:02:04.882938  8887 7 V someone_like_you.txt: Ain't like you to hold back or hide from the light 8
02-28 23:02:04.892489  6467 8874 V san_guo.txt: 第四回　　　　废汉帝陈留践位　　　谋董贼孟德献刀 4
02-28 23:02:04.898755  5126 5611 D rap_god.txt: (Six minutes) 5
02-28 23:02:04.908720  8887 5826 D rolling_in_the_deep.txt: Reaching a fever pitch and it's bringing me out the dark 2
02-28 23:02:04.912490  2959 197 D vincent.txt: Look out on a summer's day 5
02-28 23:02:04.920846  5126 22 D without_me.txt: Guess who's back, guess who's back? 11
02-28 23:02:04.926254  2091 6422 E still_loving_you.txt: I will be there, I will be there 7
02-28 23:02:04.932431  2959 197 D vincent.txt: With eyes that know the darkness in my soul 6
02-28 23:02:04.937065  2091 6422 V still_loving_you.txt:  8
02-28 23:02:04.946063  2091 9295 V always_somewhere.txt: Arrive at seven the place feels good 2
02-28 23:02:04.955949  2091 6483 D bad.txt: Lay it on me, all right 7
02-28 23:02:04.958614  8887 5826 D rolling_in_the_deep.txt: Finally, I can see you crystal clear 3
02-28 23:02:04.965445  2091 8417 V heal_the_world.txt: And I know that it is love 6
02-28 23:02:04.975082  2091 9859 F they_dont_care_about_us.txt: All I want to say is that they don't really care about us 4
02-28 23:02:04.975821  7931 4403 V Scarborough_Fair.txt: Scarborough Fair/Canticle 1
02-28 23:02:04.985361  2959 8932 V american_pie.txt: A long, long time ago 1
02-28 23:02:04.993245  5126 1989 V till_I_collapse.txt: And when you feel weak you feel like you want to just give up 2
02-28 23:02:05.003534  2959 197 V vincent.txt: Shadows on the hills 7
02-28 23:02:05.004118  2091 9859 V they_dont_care_about_us.txt: Enough is enough of this garbage 5
02-28 23:02:05.009445  8887 7 D someone_like_you.txt:  9
02-28 23:02:05.012054  2091 8417 D heal_the_world.txt: And this place could be much brighter than tomorrow 7
02-28 23:02:05.017216  2091 8827 D billie_jean.txt: Then every head turned with eyes that dreamed of bein' the one 9
02-28 23:02:05.024102  7931 6831 E bridge_over_trouble_water.txt: When you're weary 2 3
02-28 23:02:05.033624  5126 3914 V superman.txt: Talk to me 5
02-28 23:02:05.035463  5126 22 D without_me.txt: Guess who's back? 12
02-28 23:02:05.036071  8887 507 D hello.txt:  6
02-28 23:02:05.040359  2959 197 V vincent.txt: Sketch the trees and the daffodils 8
02-28 23:02:05.050552  5126 5611 D rap_god.txt: Just a feeling I've got 6
02-28 23:02:05.055539  2091 9859 V they_dont_care_about_us.txt: All I want to say is that they don't really care about us 6
02-28 23:02:05.056086  5126 3567 D lose_yourself.txt: Look 1
02-28 23:02:05.056450  8887 5826 D rolling_in_the_deep.txt: Go ahead and sell me out and I'll lay your ship bare 4
02-28 23:02:05.059663  5126 5611 V rap_god.txt: Like something's about to happen 7
02-28 23:02:05.069730  2091 8417 D heal_the_world.txt: And if you really try 8
02-28 23:02:05.081568  5126 22 V without_me.txt:  13
02-28 23:02:05.089473  2091 8417 V heal_the_world.txt: You'll find there's no need to cry 9
02-28 23:02:05.100864  2091 8827 V billie_jean.txt: Who will dance on the floor in the round 10
02-28 23:02:05.109282  5126 1989 V till_I_collapse.txt: But you gotta search within you, you gotta find that inner strength 3
02-28 23:02:05.117058  2091 3448 W beat_it.txt: [Verse 1] 1
02-28 23:02:05.117543  8887 3965 V set_fire_to_the_rain.txt: And as it fell, you rose to claim it 2
02-28 23:02:05.120428  2091 8827 V billie_jean.txt:  11
02-28 23:02:05.124324  8887 7 W someone_like_you.txt: I hate to turn up out of the blue, uninvited 10
02-28 23:02:05.135801  8887 507 V hello.txt: Hello, can you hear me? 7
02-28 23:02:05.138686  8887 8399 D when_we_are_young.txt: You're like a dream come true 6
02-28 23:02:05.149912  2091 8671 V zombie.txt: And the violence caused such silence 4
02-28 23:02:05.159449  2091 8417 V heal_the_world.txt: In this place, you will feel there's no hurt or sorrow 10
02-28 23:02:05.168762  2959 197 D vincent.txt: Catch the breeze and the winter chills 9
02-28 23:02:05.174059  2959 197 D vincent.txt: In colors on the snowy, linen land 10
02-28 23:02:05.176889  8887 8399 W when_we_are_young.txt:  7
02-28 23:02:05.180946  2091 9487 V wind_of_change.txt: Listening to the wind of change 6
02-28 23:02:05.186257  8887 8399 D when_we_are_young.txt: But if by chance you're here alone 8
02-28 23:02:05.191720  6467 8874 V san_guo.txt: 第五回　　　　发矫诏诸镇应曹公　　破关兵三英战吕布 5
02-28 23:02:05.203038  2091 9359 V send_me_angle.txt: As the years pass you by 5
02-28 23:02:05.212490  8887 8399 E when_we_are_young.txt: Can I have a moment? 9
02-28 23:02:05.219795  2091 639 V thriller.txt: You see a sight that almost stops your heart 5
02-28 23:02:05.220013  2091 8417 V heal_the_world.txt:  11
02-28 23:02:05.223694  7931 6831 V bridge_over_trouble_water.txt: Feeling small 3 4
02-28 23:02:05.230142  2091 6422 V still_loving_you.txt: I'll fight, babe, I'll fight 9
02-28 23:02:05.240788  8887 507 V hello.txt: I'm in California dreaming about who we used to be 8
02-28 23:02:05.246171  8887 5826 V rolling_in_the_deep.txt: See how I'll leave with every piece of you 5
02-28 23:02:05.248513  2091 9359 D send_me_angle.txt: Hear this voice from deep inside 6
02-28 23:02:05.255732  2091 6483 D bad.txt: I'm givin' you on count of three 8
02-28 23:02:05.267300  5126 7394 D godzilla.txt: Better hit the deck like the card dealer 3
02-28 23:02:05.276829  8887 7 W someone_like_you.txt: But I couldn't stay away, I couldn't fight it 11
02-28 23:02:05.280186  2091 8417 V heal_the_world.txt: [Pre-Chorus 1] 12
02-28 23:02:05.286108  8887 3965 F set_fire_to_the_rain.txt: It was dark and I was over 3
02-28 23:02:05.294106  5126 7394 V godzilla.txt: My whole squad's in here, walkin' around the party 4
02-28 23:02:05.296749  5126 3914 W superman.txt: You want me to tell you something? 6
02-28 23:02:05.297211  2091 8827 D billie_jean.txt: [Pre-Chorus] 12
02-28 23:02:05.302284  5126 3914 D superman.txt: Uh-huh 7
02-28 23:02:05.305744  5126 22 V without_me.txt: I've created a monster, 'cause nobody wants to see Marshall no more 14
02-28 23:02:05.313582  7931 6831 V bridge_over_trouble_water.txt: When tears are in your eyes 4 5
02-28 23:02:05.313837  5126 3914 V superman.txt: I know what you wanna hear 8
02-28 23:02:05.319106  2959 197 W vincent.txt:  11
02-28 23:02:05.322771  2091 9487 V wind_of_change.txt: The world is closing in 7
02-28 23:02:05.323078  2091 6422 V still_loving_you.txt: To win back your love again 10
02-28 23:02:05.323137  7931 6831 I bridge_over_trouble_water.txt: I'll dry them all 5 6
02-28 23:02:05.330715  2091 6483 D bad.txt: To show your stuff or let it be 9
02-28 23:02:05.339286  5126 3914 V superman.txt:  9
02-28 23:02:05.344406  5126 1989 D till_I_collapse.txt: And just pull that shit out of you and get that motivation to not give up 4
02-28 23:02:05.354131  2959 197 D vincent.txt: Now, I understand what you tried to say to me 12
02-28 23:02:05.356717  7931 6831 V bridge_over_trouble_water.txt: I'm on your side 6 7
02-28 23:02:05.357895  2091 9359 D send_me_angle.txt: It's the call of your heart 7
02-28 23:02:05.359840  5126 22 I without_me.txt: They want Shady, I'm chopped liver 15
02-28 23:02:05.363140  2091 3448 V beat_it.txt: They told him, "Don't you ever come around here 2
02-28 23:02:05.368880  2091 9295 V always_somewhere.txt: No time to call you today 3
02-28 23:02:05.369090  8887 7 D someone_like_you.txt: I had hoped you'd see my face 12
02-28 23:02:05.370871  2091 9859 D they_dont_care_about_us.txt: (Overlapping voices) 7
02-28 23:02:05.371220  2091 6483 D bad.txt: I'm tellin' you, just watch your mouth 10
02-28 23:02:05.378725  5126 3914 D superman.txt: [Refrain: Eminem (& Dina Rae)] 10
02-28 23:02:05.380283  2091 9359 V send_me_angle.txt: Close your eyes and you will find 8
02-28 23:02:05.390153  2959 197 W vincent.txt: And how you suffered for your sanity 13
02-28 23:02:05.391975  8887 7 V someone_like_you.txt: And that you'd be reminded that for me, it isn't over 13
02-28 23:02:05.400322  2091 9859 D they_dont_care_about_us.txt:  8
02-28 23:02:05.409246  2091 6422 D still_loving_you.txt: I will be there, I will be there 11
02-28 23:02:05.412773  8887 3965 V set_fire_to_the_rain.txt: Until you kissed my lips and you saved me 4
02-28 23:02:05.413657  2091 639 D thriller.txt: You try to scream 6
02-28 23:02:05.421883  7931 4403 V Scarborough_Fair.txt: Simon & Garfunkel 2
02-28 23:02:05.425755  2091 8827 V billie_jean.txt: People always told me, "Be careful of what you do 13
02-28 23:02:05.435268  5126 5611 D rap_god.txt: But I don't know what 8
02-28 23:02:05.439021  5126 1989 D till_I_collapse.txt: And not be a quitter, no matter how bad you want to just fall flat on your face and collapse 5
02-28 23:02:05.445634  5126 22 V without_me.txt: Well if you want Shady, then this is what I'll give ya 16
02-28 23:02:05.451316  5126 3567 E lose_yourself.txt: If you had 2
02-28 23:02:05.455511  8887 8399 D when_we_are_young.txt: Before I go? 10
02-28 23:02:05.465313  5126 22 V without_me.txt: A little bit of weed mixed with some hard liquor 17
02-28 23:02:05.465866  8887 5826 V rolling_in_the_deep.txt: Don't underestimate the things that I will do 6
02-28 23:02:05.468440  8887 7 V someone_like_you.txt:  14
02-28 23:02:05.472039  5126 22 V without_me.txt: Some vodka that will jump start my heart quicker 18
02-28 23:02:05.482359  2091 9359 D send_me_angle.txt: Passage out of the dark 9
02-28 23:02:05.483678  2091 9487 V wind_of_change.txt: Did you ever think 8
02-28 23:02:05.493983  2091 8417 V heal_the_world.txt: There are ways to get there 13
02-28 23:02:05.494036  2091 6422 W still_loving_you.txt: Love, only love 12
02-28 23:02:05.501118  5126 3567 V lose_yourself.txt: One shot 3
02-28 23:02:05.505785  2091 8417 F heal_the_world.txt: If you care enough for the living 14
02-28 23:02:05.512477  2091 8827 V billie_jean.txt: Don't go around breakin' young girls' hearts" (Hee-hee) 14
02-28 23:02:05.518619  5126 5611 I rap_god.txt: If that means what I think it means 9
02-28 23:02:05.522494  5126 3914 V superman.txt: 'Cause I know you want me, baby, I think I want you too 11
02-28 23:02:05.525577  2091 8417 F heal_the_world.txt: Make a little space 15
02-28 23:02:05.530412  2091 6422 V still_loving_you.txt: Can break down the wall someday 13
02-28 23:02:05.534460  2091 6483 E bad.txt: I know your game, what you're about 11
02-28 23:02:05.545842  8887 8399 I when_we_are_young.txt: 'Cause I've been by myself all night long 11
02-28 23:02:05.556828  2091 639 D thriller.txt: But terror takes the sound before you make it 7
02-28 23:02:05.557181  8887 8399 V when_we_are_young.txt: Hoping you're someone I used to know 12
02-28 23:02:05.559815  2091 6422 D still_loving_you.txt: I will be there, I will be there 14
02-28 23:02:05.568880  7931 6831 D bridge_over_trouble_water.txt: Oh, when times get rough 7 8
02-28 23:02:05.577958  2091 6422 D still_loving_you.txt:  15
02-28 23:02:05.582763  2091 639 D thriller.txt: You start to freeze 8
02-28 23:02:05.588516  8887 507 V hello.txt: When we were younger and free 9
02-28 23:02:05.595082  2091 3448 V beat_it.txt: Don't wanna see your face, you better disappear" 3
02-28 23:02:05.596522  5126 3914 D superman.txt: (I think I love you, baby) I think I love you too 12
02-28 23:02:05.596535  5126 22 D without_me.txt: Then a shot when I get shocked at the hospital 19
02-28 23:02:05.601077  2091 6483 D bad.txt:  12
02-28 23:02:05.611717  5126 5611 D rap_god.txt:  10
02-28 23:02:05.623221  2091 8417 D heal_the_world.txt: Make a better place 16
02-28 23:02:05.634907  2959 197 V vincent.txt: And how you tried to set them free 14
02-28 23:02:05.639787  2091 9487 D wind_of_change.txt: That we could be so close, like brothers 9
02-28 23:02:05.646528  2091 9859 V they_dont_care_about_us.txt: [Verse 1] 9
02-28 23:02:05.651160  2091 3448 D beat_it.txt: The fire's in their eyes and their words are really clear 4
02-28 23:02:05.660081  2091 6422 D still_loving_you.txt: [Chorus] 16
02-28 23:02:05.662278  2959 197 V vincent.txt: They would not listen, they did not know how 15
02-28 23:02:05.673044  8887 3965 V set_fire_to_the_rain.txt: My hands, they were strong 5
02-28 23:02:05.680677  8887 8399 V when_we_are_young.txt:  13
02-28 23:02:05.682828  2091 8671 V zombie.txt: Who are we mistaken? 5
02-28 23:02:05.688350  6467 8874 D san_guo.txt: 第六回　　　　焚金阙董卓行凶　　　匿玉玺孙坚背约 6
02-28 23:02:05.693689  7931 6831 D bridge_over_trouble_water.txt: And friends just can't be found 8 9
02-28 23:02:05.700942  2091 8417 V heal_the_world.txt:  17
02-28 23:02:05.704636  2091 6483 V bad.txt: [Pre-Chorus 1] 13
02-28 23:02:05.708964  2091 9487 I wind_of_change.txt: The future's in the air 10
02-28 23:02:05.718433  2091 6422 D still_loving_you.txt: If we'd go again 17
02-28 23:02:05.721592  8887 3965 D set_fire_to_the_rain.txt: But my knees were far too weak 6
02-28 23:02:05.727344  2091 8417 F heal_the_world.txt: [Chorus] 18
02-28 23:02:05.732307  2091 6422 V still_loving_you.txt: All the way from the start 18
02-28 23:02:05.733188  8887 3965 W set_fire_to_the_rain.txt: To stand in your arms 7
02-28 23:02:05.743644  2091 9487 D wind_of_change.txt: Can feel it everywhere 11
02-28 23:02:05.747957  5126 22 F without_me.txt: By the doctor when I'm not cooperating 20
02-28 23:02:05.749763  8887 7 D someone_like_you.txt: Never mind, I'll find someone like you 15
02-28 23:02:05.759952  5126 1989 V till_I_collapse.txt: 'Til I collapse I'm spilling these raps long as you feel 'em 6
02-28 23:02:05.764275  5126 22 V without_me.txt: When I'm rocking the table while he's operating "Hey" 21
02-28 23:02:05.773128  2091 639 D thriller.txt: As horror looks you right between your eyes 9
02-28 23:02:05.779046  2959 8932 V american_pie.txt: I can still remember how that music 2
02-28 23:02:05.786630  2091 639 D thriller.txt: You're paralyzed 10
02-28 23:02:05.788735  7931 4403 D Scarborough_Fair.txt: Are you going to Scarborough Fair? 3
02-28 23:02:05.796565  2091 6422 D still_loving_you.txt: I would try to change 19
02-28 23:02:05.798272  2091 9487 D wind_of_change.txt: Blowing with the wind of change 12
02-28 23:02:05.801709  8887 507 V hello.txt: I've forgotten how it felt before the world fell at our feet 10
02-28 23:02:05.803609  2091 6422 D still_loving_you.txt: The things that killed our love 20
02-28 23:02:05.813390  7931 4403 F Scarborough_Fair.txt: Parsley, sage, rosemary, and thyme 4
02-28 23:02:05.818384  2091 9859 V they_dont_care_about_us.txt: Skin head, dead head, everybody gone bad 10
02-28 23:02:05.824069  6467 8874 V san_guo.txt: 第七回　　　　袁绍磐河战公孙　　　孙坚跨江击刘表 7
02-28 23:02:05.833539  5126 7394 I godzilla.txt: A cross between a zombie apocalypse and big Bobby 5
02-28 23:02:05.842189  2091 6483 V bad.txt: Well, they say the sky's the limit 14
02-28 23:02:05.842212  2959 197 V vincent.txt: Perhaps they'll listen now 16
02-28 23:02:05.848740  7931 6831 I bridge_over_trouble_water.txt:  9 10
02-28 23:02:05.852738  5126 3914 V superman.txt: I'm here to save you, girl, come be in Shady's world 13
02-28 23:02:05.852742  8887 8399 V when_we_are_young.txt: You look like a movie 14
02-28 23:02:05.864268  8887 7 V someone_like_you.txt: I wish nothing but the best for you, too 16
02-28 23:02:05.871484  2091 9487 D wind_of_change.txt: Take me to the magic of the moment 13
02-28 23:02:05.873689  2091 8827 D billie_jean.txt: And mother always told me, "Be careful of who you love 15
02-28 23:02:05.882826  7931 4403 V Scarborough_Fair.txt: Remember me to one who lives there 5
02-28 23:02:05.894202  5126 3567 V lose_yourself.txt: Or one opportunity 4
02-28 23:02:05.900194  2091 8417 I heal_the_world.txt: Heal the world 19
02-28 23:02:05.909199  2959 197 V vincent.txt:  17
02-28 23:02:05.915655  5126 3914 V superman.txt: I wanna grow together, let's let our love unfurl 14
02-28 23:02:05.919302  8887 7 D someone_like_you.txt: "Don't forget me, " I beg 17
02-28 23:02:05.930918  5126 3914 V superman.txt: You know you want me, baby, you know I want you too 15
02-28 23:02:05.936577  5126 5611 V rap_god.txt: We're in trouble, big trouble 11
02-28 23:02:05.938379  5126 22 V without_me.txt: You waited this long to stop debating 22
02-28 23:02:05.947775  2091 6483 V bad.txt: And to me, that's really true 15
02-28 23:02:05.956034  7931 4403 D Scarborough_Fair.txt: She once was a true love of mine 6
02-28 23:02:05.959813  2091 9359 D send_me_angle.txt:  10
02-28 23:02:05.961591  5126 5611 D rap_god.txt: And if he is as bananas as you say 12
02-28 23:02:05.968844  5126 1989 V till_I_collapse.txt: 'Til the day that I drop you'll never say that I'm not killing 'em 7
02-28 23:02:05.977855  2091 8671 F zombie.txt:  6
02-28 23:02:05.977934  5126 3914 D superman.txt: They call me Superman, I'm here to rescue you 16
02-28 23:02:05.985704  2091 639 I thriller.txt:  11
02-28 23:02:05.994716  8887 7 V someone_like_you.txt: I remember you said 18
02-28 23:02:05.997767  2091 3448 D beat_it.txt: So beat it, just beat it (Ooh!) 5
02-28 23:02:05.998194  2091 9359 V send_me_angle.txt: [Chorus] 11
02-28 23:02:06.005078  2091 9487 V wind_of_change.txt: On a glory night 14
02-28 23:02:06.007918  2091 6422 V still_loving_you.txt: Your pride has built a wall, so strong 21
02-28 23:02:06.017872  6467 8874 V san_guo.txt: 第八回　　　　王司徒巧使连环计　　董太师大闹凤仪亭 8
02-28 23:02:06.025381  2091 6483 V bad.txt: But my friend, you have seen nothing 16
02-28 23:02:06.033966  2091 9359 F send_me_angle.txt: Here I am 12
02-28 23:02:06.034771  2091 6422 V still_loving_you.txt: That I can't get through 22
02-28 23:02:06.041026  8887 507 D hello.txt: There's such a difference between us 11
02-28 23:02:06.051027  8887 7 V someone_like_you.txt: "Sometimes it lasts in love, but sometimes it hurts instead" 19
02-28 23:02:06.060425  2091 8827 V billie_jean.txt: And be careful of what you do (Oh-oh) 16
02-28 23:02:06.062573  8887 3965 V set_fire_to_the_rain.txt: Without falling to your feet 8
02-28 23:02:06.071680  7931 6831 E bridge_over_trouble_water.txt: Like a bridge over troubled water 10 11
02-28 23:02:06.074007  5126 5611 I rap_god.txt: I'm not taking any chances 13
02-28 23:02:06.083938  7931 6831 D bridge_over_trouble_water.txt: I will lay me down 11 12
02-28 23:02:06.091441  7931 4403 V Scarborough_Fair.txt:  7
02-28 23:02:06.103007  2091 639 V thriller.txt: [Chorus 1: Michael Jackson] 12
02-28 23:02:06.106719  2091 8417 D heal_the_world.txt: Make it a better place 20
02-28 23:02:06.113327  8887 7 D someone_like_you.txt: "Sometimes it lasts in love, but sometimes it hurts instead" 20
02-28 23:02:06.121859  7931 4403 V Scarborough_Fair.txt: Tell her to make me a cambric shirt (in the deep forest green) 8
02-28 23:02:06.123653  2959 197 V vincent.txt: Starry, starry night 18
02-28 23:02:06.125387  8887 7 D someone_like_you.txt:  21
02-28 23:02:06.131547  5126 1989 V till_I_collapse.txt: 'Cause when I am not then I'm a stop pinning them 8
02-28 23:02:06.141644  2091 6483 D bad.txt: Just wait 'til I get through! 17
02-28 23:02:06.145965  6467 9869 W xi_you.txt: 第一回 灵根育孕源流出 心性修持大道生 1
02-28 23:02:06.154846  2091 6422 I still_loving_you.txt: Is there really no chance 23
02-28 23:02:06.162425  5126 3914 F superman.txt: I wanna save you, girl, come be in Shady's world 17
02-28 23:02:06.168037  2959 197 V vincent.txt: Flaming flowers that brightly blaze 19
02-28 23:02:06.168725  2091 639 D thriller.txt: 'Cause this is thriller 13
02-28 23:02:06.173924  2091 9487 V wind_of_change.txt: Where the children of tomorrow dream away 15
02-28 23:02:06.174450  2091 3448 V beat_it.txt: You better run, you better do what you can 6
02-28 23:02:06.183384  5126 5611 D rap_god.txt: You are just what the doc ordered 14
02-28 23:02:06.194523  8887 3965 V set_fire_to_the_rain.txt:  9
02-28 23:02:06.195357  2091 8671 I zombie.txt: [Pre-Chorus] 7
02-28 23:02:06.204980  2091 6483 V bad.txt:  18
02-28 23:02:06.205699  5126 5611 V rap_god.txt: I'm beginnin' to feel like a Rap God, Rap God 15
02-28 23:02:06.211422  5126 5611 D rap_god.txt: All my people from the front to the back nod, back nod 16
02-28 23:02:06.220956  5126 22 V without_me.txt: 'Cause I'm back, I'm on the rag and ovulating 23
02-28 23:02:06.227402  2091 9359 V send_me_angle.txt: Will you send me an angel? 13
02-28 23:02:06.232436  2091 9859 I they_dont_care_about_us.txt: Situation, aggravation, everybody, allegation 11
02-28 23:02:06.236379  2091 6422 V still_loving_you.txt: To start once again 24
02-28 23:02:06.240794  5126 1989 V till_I_collapse.txt: And I am not hip-hop and I'm just not Eminem 9
02-28 23:02:06.246091  8887 507 V hello.txt: And a million miles 12
02-28 23:02:06.253655  8887 7 D someone_like_you.txt: You know how the time flies 22
02-28 23:02:06.257061  2091 9359 I send_me_angle.txt: Here I am 14
02-28 23:02:06.267307  2091 6483 D bad.txt: [Chorus] 19
02-28 23:02:06.270055  7931 8438 D sound_of_silence.txt: The Sound of Silence 1
02-28 23:02:06.279344  5126 5611 V rap_god.txt: Now, who thinks their arms are long enough 17
02-28 23:02:06.279744  2091 8827 E billie_jean.txt: 'Cause the lie becomes the truth" (Oh-oh) 17
02-28 23:02:06.282084  2091 9295 F always_somewhere.txt: Encores 'til eleven, then Chinese food 4
02-28 23:02:06.285711  2091 6422 D still_loving_you.txt: I'm still loving you 25
02-28 23:02:06.291603  5126 22 D without_me.txt: I know you got a job Ms. Cheney 24
02-28 23:02:06.294110  2091 8671 V zombie.txt: But you see, it's not me, it's not my family 8
02-28 23:02:06.304117  6467 8874 V san_guo.txt: 第九回　　　　除暴徒吕布助司徒　　犯长安李倔听贾诩 9
02-28 23:02:06.305984  2091 6483 V bad.txt: Because I'm bad, I'm bad! Shamone! (Bad, bad, really, really bad) 20
02-28 23:02:06.313527  8887 7 V someone_like_you.txt: Only yesterday was the time of our lives 23
02-28 23:02:06.322880  8887 5826 V rolling_in_the_deep.txt: There's a fire starting in my heart 7
02-28 23:02:06.325693  2091 6483 W bad.txt: You know I'm bad, I'm bad (Bad, bad) 21
02-28 23:02:06.326596  5126 5611 V rap_god.txt: To slap box, slap box? 18
02-28 23:02:06.333279  7931 6831 V bridge_over_trouble_water.txt: Like a bridge over troubled water 12 13
02-28 23:02:06.340908  5126 22 D without_me.txt: But your husband's heart problem is complicating 25
02-28 23:02:06.352172  8887 5826 D rolling_in_the_deep.txt: Reaching a fever pitch and it's bring me out the dark 8
02-28 23:02:06.360817  2091 8827 V billie_jean.txt:  18
02-28 23:02:06.369401  2091 6483 V bad.txt: You know it! (Really, really bad) 22
02-28 23:02:06.375458  2091 3448 V beat_it.txt: Don't wanna see no blood, don't be a macho man (Ooh!) 7
02-28 23:02:06.379925  2091 8827 D billie_jean.txt: [Chorus] 19
02-28 23:02:06.390274  5126 22 V without_me.txt: So the F-C-C won't let me be or let me be me so let me see 26
02-28 23:02:06.401930  2091 639 V thriller.txt: Thriller night 14
02-28 23:02:06.407904  2091 9487 V wind_of_change.txt: In the wind of change 16
02-28 23:02:06.409748  2091 8417 D heal_the_world.txt: For you and for me and the entire human race 21
02-28 23:02:06.414415  2091 6422 V still_loving_you.txt: Primis Player Placeholder 26
02-28 23:02:06.425543  2959 197 V vincent.txt: Swirling clouds in violet haze 20
02-28 23:02:06.432135  2091 9359 D send_me_angle.txt: In the land of the morning star! 15
02-28 23:02:06.440370  2091 639 V thriller.txt: And no one's gonna save you 15
02-28 23:02:06.449459  5126 5611 V rap_god.txt: They said I rap like a robot, so call me Rap-bot 19
02-28 23:02:06.455506  2959 8932 I american_pie.txt: Used to make me smile 3
02-28 23:02:06.465881  2091 6483 V bad.txt: You know I'm bad, I'm bad! Shamone! (Bad, bad) 23
02-28 23:02:06.473051  2091 9859 V they_dont_care_about_us.txt: In the suit, on the news, everybody, dog food 12
02-28 23:02:06.476573  2091 6483 D bad.txt: You know! (Really, really bad) 24
02-28 23:02:06.482424  7931 6831 V bridge_over_trouble_water.txt: I will lay me down 13 14
02-28 23:02:06.483805  8887 7 D someone_like_you.txt: We were born and raised in a summer haze 24
02-28 23:02:06.489522  2091 8827 D billie_jean.txt: Billie Jean is not my lover 20
02-28 23:02:06.490710  8887 7 E someone_like_you.txt: Bound by the surprise of our glory days 25
02-28 23:02:06.495958  2091 6422 D still_loving_you.txt:  A Vocal Coach Reacts To Lil Tjay's Melodies | Genius News 27
02-28 23:02:06.505191  2091 8671 D zombie.txt: In your head, in your head, they are fightin' 9
02-28 23:02:06.512046  2091 9487 D wind_of_change.txt:  17
02-28 23:02:06.512127  2091 8417 V heal_the_world.txt: There are people dying 22
02-28 23:02:06.523550  5126 7394 V godzilla.txt: The Brain Heenan which is probably the 6
02-28 23:02:06.533420  2091 9487 F wind_of_change.txt: Walking down the street 18
02-28 23:02:06.535596  5126 1989 E till_I_collapse.txt: Subliminal thoughts when I'm stop sending them 10
02-28 23:02:06.538968  8887 3965 D set_fire_to_the_rain.txt: But there's a side to you 10
02-28 23:02:06.543183  7931 6831 D bridge_over_trouble_water.txt:  14 15
02-28 23:02:06.553576  8887 8399 I when_we_are_young.txt: You sound like a song 15
02-28 23:02:06.555971  2091 8827 V billie_jean.txt: She's just a girl who claims that I am the one (Oh, baby) 21
02-28 23:02:06.561225  5126 22 D without_me.txt: They tried to shut me down on M-T-V 27
02-28 23:02:06.569389  2091 8417 V heal_the_world.txt: If you care enough for the living 23
02-28 23:02:06.577687  2091 9295 V always_somewhere.txt: Back to the hotel again 5
02-28 23:02:06.587321  7931 6831 D bridge_over_trouble_water.txt: When you're down and out 15 16
02-28 23:02:06.595176  5126 7394 V godzilla.txt: Same reason I wrestle with mania 7
02-28 23:02:06.606105  2091 8417 E heal_the_world.txt: Make a better place for you and for me 24
02-28 23:02:06.607772  2091 9359 I send_me_angle.txt:  16
02-28 23:02:06.609859  8887 3965 D set_fire_to_the_rain.txt: That I never knew, never knew 11
02-28 23:02:06.617733  2091 8671 V zombie.txt: With their tanks and their bombs and their bombs and their guns 10
02-28 23:02:06.624465  5126 22 V without_me.txt: But it feels so empty without me 28
02-28 23:02:06.635974  2091 9359 D send_me_angle.txt: [Verse 2] 17
02-28 23:02:06.636786  2091 8827 V billie_jean.txt: But the kid is not my son, hoo! 22
02-28 23:02:06.639024  2091 8417 D heal_the_world.txt:  25
02-28 23:02:06.640463  7931 4403 D Scarborough_Fair.txt: Parsley, sage, rosemary, and thyme 9
02-28 23:02:06.647096  2959 8932 V american_pie.txt: And I knew if I had my chance 4
02-28 23:02:06.658637  5126 22 V without_me.txt: So come on and dip, bum on your lips 29
02-28 23:02:06.660364  2091 9359 D send_me_angle.txt: Wise man said just find your place 18
02-28 23:02:06.666008  2091 9359 V send_me_angle.txt: In the eye of the storm 19
02-28 23:02:06.674105  7931 6831 D bridge_over_trouble_water.txt: When you're on the street 16 17
02-28 23:02:06.681885  2091 6483 V bad.txt: And the whole world has to answer right now 25
02-28 23:02:06.690169  2091 3448 D beat_it.txt: You wanna be tough, better do what you can 8
02-28 23:02:06.692053  2959 8932 V american_pie.txt: That I could make those people dance 5
02-28 23:02:06.696985  2091 9487 V wind_of_change.txt: Distant memories 19
02-28 23:02:06.702489  2091 8671 D zombie.txt: In your head, in your head, they are cryin' 11
02-28 23:02:06.710426  8887 3965 I set_fire_to_the_rain.txt: All the things you'd say 12
02-28 23:02:06.716835  8887 7 V someone_like_you.txt: I hate to turn up out of the blue, uninvited 26
02-28 23:02:06.727880  2959 197 W vincent.txt: Reflect in Vincent's eyes of china blue 21
02-28 23:02:06.738768  8887 507 V hello.txt: Hello from the other side 13
02-28 23:02:06.746592  2091 3448 V beat_it.txt: So beat it, but you wanna be bad 9
02-28 23:02:06.750323  2091 8827 D billie_jean.txt: She says I am the one (Oh, baby) 23
02-28 23:02:06.753000  2091 8827 V billie_jean.txt: But the kid is not my son (Hee-hee-hee, no-no-no, hee-hee-hee) 24
02-28 23:02:06.755336  2091 8671 V zombie.txt:  12
02-28 23:02:06.758811  2091 8417 V heal_the_world.txt: [Verse 2] 26
02-28 23:02:06.758885  2091 639 V thriller.txt: From the beast about to strike 16
02-28 23:02:06.764160  7931 4403 V Scarborough_Fair.txt: (Tracing of sparrow on snow-crested ground) 10
02-28 23:02:06.775001  5126 1989 W till_I_collapse.txt: Women are caught in webs spin and hock venom 11
02-28 23:02:06.776889  2091 6483 V bad.txt: Just to tell you once again: Who's bad? 26
02-28 23:02:06.788158  5126 3914 D superman.txt: (Oh boy, you drive me crazy) Bitch, you make me hurl 18
02-28 23:02:06.796817  7931 4403 D Scarborough_Fair.txt: Without no seams nor needle work 11
02-28 23:02:06.798005  5126 1989 D till_I_collapse.txt:  12
02-28 23:02:06.799944  2091 6483 V bad.txt:  27
02-28 23:02:06.808087  2091 9487 V wind_of_change.txt: Are buried in the past, forever 20
02-28 23:02:06.813035  2091 6483 D bad.txt:  28
02-28 23:02:06.815816  2091 9487 V wind_of_change.txt: I follow the Moskva 21
02-28 23:02:06.817063  2091 8671 V zombie.txt: [Chorus] 13
02-28 23:02:06.821570  2091 6483 E bad.txt: Primis Player Placeholder 29
02-28 23:02:06.826152  8887 7 D someone_like_you.txt: But I couldn't stay away, I couldn't fight it 27
02-28 23:02:06.836684  2091 9359 V send_me_angle.txt: Seek the roses along the way 20
02-28 23:02:06.840385  6467 8874 V san_guo.txt: 第十回　　　　勤王室马腾举义　　　报父仇曹操兴师 10
02-28 23:02:06.847375  8887 3965 V set_fire_to_the_rain.txt: They were never true, never true 13
02-28 23:02:06.857663  2959 197 V vincent.txt: Colors changing hue 22
02-28 23:02:06.859940  2091 639 D thriller.txt: You know it's thriller 17
02-28 23:02:06.867121  2091 9359 V send_me_angle.txt: Just beware of the thorns 21
02-28 23:02:06.873602  5126 5611 V rap_god.txt: But for me to rap like a computer 20
02-28 23:02:06.880281  5126 3914 F superman.txt:  19
02-28 23:02:06.884804  7931 6831 W bridge_over_trouble_water.txt: When evening falls so hard 17 18
02-28 23:02:06.893731  5126 7394 V godzilla.txt: Shady's in this bitch, I'm posse'd up 8
02-28 23:02:06.902126  2091 9859 I they_dont_care_about_us.txt: Bang bang, shot dead, everybody's gone mad 13
02-28 23:02:06.909721  5126 5611 D rap_god.txt: It must be in my genes 21
02-28 23:02:06.914971  8887 5826 W rolling_in_the_deep.txt:  9
02-28 23:02:06.922036  7931 6831 F bridge_over_trouble_water.txt: I will comfort you 18 19
02-28 23:02:06.927987  2091 6422 V still_loving_you.txt:  28
02-28 23:02:06.937704  5126 5611 I rap_god.txt: I got a laptop in my back pocket 22
02-28 23:02:06.943735  2091 3448 D beat_it.txt:  10
02-28 23:02:06.948106  7931 4403 V Scarborough_Fair.txt: (Bedclothes the child of the mountain) 12
02-28 23:02:06.953568  5126 3914 V superman.txt: [Verse 1: Eminem] 20
02-28 23:02:06.956596  5126 1989 V till_I_collapse.txt: Adrenaline shots of penicillin could not get the illin' to stop 13
02-28 23:02:06.962072  5126 7394 D godzilla.txt: Consider it to cross me a costly mistake 9
02-28 23:02:06.966750  5126 22 D without_me.txt:  30
02-28 23:02:06.969508  5126 5611 V rap_god.txt: My pen'll go off when I half-cock it 23
02-28 23:02:06.971685  2091 9359 F send_me_angle.txt:  22
02-28 23:02:06.971893  5126 3914 V superman.txt: They call me Superman 21
02-28 23:02:06.974909  2091 8671 E zombie.txt: In your head, in your head 14
02-28 23:02:06.978770  2091 6483 V bad.txt:  30
02-28 23:02:06.988153  2091 9359 V send_me_angle.txt: [Chorus] 23
02-28 23:02:06.998076  8887 5826 D rolling_in_the_deep.txt: The scars of your love remind me of us 10
02-28 23:02:06.998506  2091 6422 V still_loving_you.txt: [Verse 2] 29
02-28 23:02:07.007001  2091 8827 V billie_jean.txt: Hoo! 25
02-28 23:02:07.011957  7931 4403 F Scarborough_Fair.txt: Then she'll be a true love of mine 13
02-28 23:02:07.016636  7931 4403 D Scarborough_Fair.txt: (Sleeps unaware of the clarion call) 14
02-28 23:02:07.018375  2091 9359 E send_me_angle.txt: Here I am 24
02-28 23:02:07.020648  5126 22 D without_me.txt: Fuck that, cum on your lips and some on your tits 31
02-28 23:02:07.023046  2091 9859 V they_dont_care_about_us.txt:  14
02-28 23:02:07.032241  2091 6422 V still_loving_you.txt: Try, baby, try 30
02-28 23:02:07.039182  2091 639 D thriller.txt: Thriller night 18
02-28 23:02:07.045611  5126 5611 D rap_god.txt: Got a fat knot from that rap profit 24
02-28 23:02:07.056419  2091 9359 V send_me_angle.txt: Will you send me an angel? 25
02-28 23:02:07.057502  2091 9359 V send_me_angle.txt: Here I am 26
02-28 23:02:07.065566  7931 6831 V bridge_over_trouble_water.txt: I'll take your part 19 20
02-28 23:02:07.076630  5126 5611 V rap_god.txt: Made a livin' and a killin' off it 25
02-28 23:02:07.088152  2091 8827 V billie_jean.txt:  26
02-28 23:02:07.097680  5126 22 D without_me.txt: And get ready 'cause this shit is about to get heavy 32
02-28 23:02:07.103539  2091 9359 V send_me_angle.txt: In the land of the morning star! 27
02-28 23:02:07.108295  8887 507 V hello.txt: I must've called a thousand times 14
02-28 23:02:07.109563  6467 8874 D san_guo.txt: 第十一回　　　刘皇叔北海救孔融　　吕温侯濮阳破曹操 11
02-28 23:02:07.118773  5126 7394 V godzilla.txt: If they sleepin' on me, the 10
02-28 23:02:07.123946  7931 6831 D bridge_over_trouble_water.txt: Oh, when darkness comes 20 21
02-28 23:02:07.130519  8887 7 V someone_like_you.txt: I had hoped you'd see my face 28
02-28 23:02:07.130656  5126 1989 W till_I_collapse.txt: Amoxicillin is just not real enough 14
02-28 23:02:07.141374  2959 197 D vincent.txt: Morning fields of amber grain 23
02-28 23:02:07.151473  2091 9859 V they_dont_care_about_us.txt: [Chorus] 15
02-28 23:02:07.163286  2091 6422 W still_loving_you.txt: To trust in my love again 31
02-28 23:02:07.166462  7931 4403 V Scarborough_Fair.txt:  15
02-28 23:02:07.176730  5126 1989 V till_I_collapse.txt: The criminal cop killing hip-hop filling a 15
02-28 23:02:07.187539  2091 8827 D billie_jean.txt: [Verse 2] 27
02-28 23:02:07.195575  2091 8671 V zombie.txt: Zombie, zombie, zombie-ie-ie 15
02-28 23:02:07.200484  2091 6483 D bad.txt:  31
02-28 23:02:07.211549  8887 7 V someone_like_you.txt: And that you'd be reminded that for me, it isn't over 29
02-28 23:02:07.214490  7931 6831 I bridge_over_trouble_water.txt: And pain is all around 21 22
02-28 23:02:07.214812  2091 9487 D wind_of_change.txt: Down to Gorky Park 22
02-28 23:02:07.224693  2091 9859 V they_dont_care_about_us.txt: All I wanna say is that they don't really care about us 16
02-28 23:02:07.234750  2091 8417 V heal_the_world.txt: If you want to know why 27
02-28 23:02:07.241598  2091 6483 F bad.txt:  A Vocal Coach Reacts To Lil Tjay's Melodies | Genius News 32
02-28 23:02:07.244406  2091 9359 V send_me_angle.txt:  28
02-28 23:02:07.245307  2091 9859 V they_dont_care_about_us.txt: All I wanna say is that they don't really care about us 17
02-28 23:02:07.250864  6467 8874 E san_guo.txt: 第十二回　　　陶恭祖三让徐州　　　曹孟德大战吕布 12
02-28 23:02:07.255738  2091 6483 D bad.txt:  33
02-28 23:02:07.262585  5126 1989 D till_I_collapse.txt: Minimal swap to cop millions of Pac listeners 16
02-28 23:02:07.267583  7931 6831 D bridge_over_trouble_water.txt:  22 23
02-28 23:02:07.269265  7931 6831 V bridge_over_trouble_water.txt: Like a bridge over troubled water 23 24
02-28 23:02:07.279489  8887 8399 D when_we_are_young.txt: My God this reminds me, of when we were young 16
02-28 23:02:07.281763  2959 197 V vincent.txt: Weathered faces lined in pain 24
02-28 23:02:07.291039  2091 8827 V billie_jean.txt: For forty days and for forty nights, the law was on her side 28
02-28 23:02:07.296534  2091 8827 V billie_jean.txt: But who can stand when she's in demand? 29
02-28 23:02:07.299119  2091 9487 V wind_of_change.txt: Listening to the wind of change 23
02-28 23:02:07.303755  8887 507 D hello.txt: To tell you I'm sorry for everything that I've done 15
02-28 23:02:07.307294  2091 6483 W bad.txt: [Verse 2] 34
02-28 23:02:07.307970  8887 507 D hello.txt: But when I call, you never seem to be home 16
02-28 23:02:07.317716  8887 5826 D rolling_in_the_deep.txt: They keep me thinking that we almost had it all 11
02-28 23:02:07.323513  2091 8671 D zombie.txt: What's in your head, in your head? 16
02-28 23:02:07.334692  8887 7 D someone_like_you.txt:  30
02-28 23:02:07.344724  2091 6422 V still_loving_you.txt: I will be there, I will be there 32
02-28 23:02:07.345964  2091 9295 V always_somewhere.txt:  6
02-28 23:02:07.348270  2091 9359 V send_me_angle.txt:  29
02-28 23:02:07.357359  5126 5611 V rap_god.txt:  26
02-28 23:02:07.361997  2091 9359 V send_me_angle.txt: [Verse 3] 30
02-28 23:02:07.373480  2091 6483 D bad.txt: The word is out, you're doin' wrong 35
02-28 23:02:07.380557  2091 8671 V zombie.txt: Zombie, zombie, zombie-ie-ie-ie, oh 17
02-28 23:02:07.380964  2091 9859 W they_dont_care_about_us.txt:  18
02-28 23:02:07.388243  5126 3567 D lose_yourself.txt: To seize everything you ever wanted 5
02-28 23:02:07.390911  5126 3914 V superman.txt: Leap tall hoes in a single bound 22
02-28 23:02:07.397719  5126 5611 D rap_god.txt: Ever since Bill Clinton was still in office 27
02-28 23:02:07.401632  2091 9359 V send_me_angle.txt: Wise man said just raise your hand 31
02-28 23:02:07.412132  2959 197 V vincent.txt: Are soothed beneath the artist's loving hand 25
02-28 23:02:07.421293  8887 5826 D rolling_in_the_deep.txt: The scars of your love, they leave me breathless 12
02-28 23:02:07.425758  2091 9359 V send_me_angle.txt: And reach out for the spell 32
02-28 23:02:07.426978  8887 7 D someone_like_you.txt: Never mind, I'll find someone like you 31
02-28 23:02:07.436750  2091 9359 V send_me_angle.txt: Find the door to the promised land 33
02-28 23:02:07.442509  2091 8827 V billie_jean.txt: Her schemes and plans 30
02-28 23:02:07.452753  7931 4403 D Scarborough_Fair.txt: Tell her to find me an acre of land 16
02-28 23:02:07.452993  2091 6422 V still_loving_you.txt: Love, our love 33
02-28 23:02:07.463350  2091 639 I thriller.txt: You're fighting for your life 19
02-28 23:02:07.465108  7931 4403 V Scarborough_Fair.txt: (A sprinkling of leaves) 17
02-28 23:02:07.466636  6467 8874 V san_guo.txt: 第十三回　　　李倔郭汜大交兵　　　杨奉董承双救驾 13
02-28 23:02:07.472419  5126 22 V without_me.txt: I just settled all my lawsuits, "Fuck you, Debbie!" 33
02-28 23:02:07.482479  2091 6483 D bad.txt: Gon' lock you up before too long 36
02-28 23:02:07.487034  2959 197 D vincent.txt: Now, I understand, what you tried to say to me 26
02-28 23:02:07.497861  2091 6422 D still_loving_you.txt: Just shouldn't be thrown away 34
02-28 23:02:07.501063  5126 3914 D superman.txt: I'm single now: got no ring on this finger now 23
02-28 23:02:07.509805  2091 6483 V bad.txt: Your lyin' eyes gon' tell you right 37
02-28 23:02:07.517870  6467 8874 D san_guo.txt: 第十四回　　　曹孟德移驾幸许都　　吕奉先乘夜袭徐郡 14
02-28 23:02:07.528634  2091 6422 D still_loving_you.txt: I will be there, I will be there 35
02-28 23:02:07.539026  2091 8827 E billie_jean.txt: 'Cause we danced on the floor in the round, hee! 31
02-28 23:02:07.543090  6467 8874 V san_guo.txt: 第十五回　　　太史慈酣斗小霸王　　孙伯符大战严白虎 15
02-28 23:02:07.544444  2091 639 D thriller.txt: Inside a killer 20
02-28 23:02:07.548824  5126 5611 D rap_god.txt: With Monica Lewinsky feelin' on his nutsack 28
02-28 23:02:07.555200  8887 7 V someone_like_you.txt: I wish nothing but the best for you, too 32
02-28 23:02:07.559084  2091 639 D thriller.txt: Thriller tonight, yeah, ooh 21
02-28 23:02:07.570461  2091 9359 D send_me_angle.txt: Just believe in yourself 34
02-28 23:02:07.576117  7931 6831 V bridge_over_trouble_water.txt: I will lay me down 24 25
02-28 23:02:07.578802  5126 3567 V lose_yourself.txt: In one moment 6
02-28 23:02:07.579166  5126 1989 D till_I_collapse.txt: You're coming with me, feel it or not 17
02-28 23:02:07.590820  7931 6831 D bridge_over_trouble_water.txt: Like a bridge over troubled water 25 26
02-28 23:02:07.596384  2091 639 D thriller.txt:  22
02-28 23:02:07.604284  5126 3914 D superman.txt: I'd never let another chick bring me down 24
02-28 23:02:07.605183  5126 3914 V superman.txt: In a relationship; save it, bitch! 25
02-28 23:02:07.607131  2091 8417 V heal_the_world.txt: There's a love that cannot lie 28
02-28 23:02:07.611635  2959 197 V vincent.txt: How you suffered for your sanity 27
02-28 23:02:07.614633  2091 6483 I bad.txt: So listen up, don't make a fight 38
02-28 23:02:07.626430  5126 22 V without_me.txt: Now this looks like a job for me 34
02-28 23:02:07.632207  2091 6483 D bad.txt: Your talk is cheap, you're not a man 39
02-28 23:02:07.633990  2091 8417 V heal_the_world.txt: Love is strong, it only cares for joyful giving 29
02-28 23:02:07.638334  7931 4403 I Scarborough_Fair.txt: Parsley, sage, rosemary and thyme 18
02-28 23:02:07.640946  2091 8417 V heal_the_world.txt: If we try, we shall see 30
02-28 23:02:07.649568  6467 8874 D san_guo.txt: 第十六回　　　吕奉先射戟辕门　　　曹孟德败师育水 16
02-28 23:02:07.655617  7931 4403 D Scarborough_Fair.txt: (Washes the grave with silvery tears) 19
02-28 23:02:07.656898  5126 3914 V superman.txt: Babysit? You make me sick 26
02-28 23:02:07.659629  2091 9359 V send_me_angle.txt: Hear this voice from deep inside 35
02-28 23:02:07.663329  2091 639 D thriller.txt: [Verse 2: Michael Jackson] 23
02-28 23:02:07.669382  2091 6483 D bad.txt: You're throwin' stones to hide your hands 40
02-28 23:02:07.677662  2091 6483 D bad.txt:  41
02-28 23:02:07.681018  2091 639 V thriller.txt: You hear the door slam 24
02-28 23:02:07.686909  5126 3567 V lose_yourself.txt: Would you capture it 7
02-28 23:02:07.691805  2959 197 E vincent.txt: How you tried to set them free 28
02-28 23:02:07.693086  5126 3914 D superman.txt: Superman ain't savin' shit 27
02-28 23:02:07.696606  5126 1989 D till_I_collapse.txt: You're gonna fear it like I showed you the spirit of god lives in us 18
02-28 23:02:07.704728  2091 9359 D send_me_angle.txt: It's the call of your heart 36
02-28 23:02:07.711881  8887 3965 V set_fire_to_the_rain.txt: And the games you'd play 14
02-28 23:02:07.714530  7931 6831 V bridge_over_trouble_water.txt: I will lay me down 26 27
02-28 23:02:07.724653  2091 6483 D bad.txt: [Pre-Chorus 1] 42
02-28 23:02:07.734960  2091 8671 D zombie.txt:  18
02-28 23:02:07.741865  5126 1989 D till_I_collapse.txt: You hear it a lot, lyrics that shock, is it a miracle 19
02-28 23:02:07.747317  8887 7 V someone_like_you.txt: "Don't forget me, " I begged 33
