02-28 23:02:21.468420  7931 6831 V bridge_over_trouble_water.txt: I will ease your min 38 39
02-28 23:02:21.470430  2959 197 V vincent.txt: The silver thorn of bloody rose 47
02-28 23:02:21.480194  2091 8671 V zombie.txt: And the violence caused such silence 4
02-28 23:02:21.482590  2091 639 D thriller.txt: Thriller night 18
02-28 23:02:21.490966  5126 5611 V rap_god.txt: And it'll glue to you and 159
02-28 23:02:21.497215  5126 3914 D superman.txt: I can't be your Superman, can't be your Superman 157
02-28 23:02:21.503315  5126 3567 V lose_yourself.txt: You own it, you better never let it go 28
02-28 23:02:21.509592  7931 6831 F bridge_over_trouble_water.txt: Bridge Over Troubled Water 0 1
02-28 23:02:21.512879  2091 6483 V bad.txt: But my friend, you have seen nothing 16
02-28 23:02:21.519522  2091 3448 V beat_it.txt: They told him, "Don't you ever come around here 2
02-28 23:02:21.520699  6467 8874 D san_guo.txt: 第四十一回　　刘玄德携民渡江　　　赵子龙单骑救主 41
02-28 23:02:21.522877  5126 5611 V rap_god.txt: I'm devastating, more than ever demonstrating 160
02-28 23:02:21.529914  2091 6483 D bad.txt: Just wait 'til I get through! 17
02-28 23:02:21.532887  2091 6483 V bad.txt:  18
02-28 23:02:21.538274  2091 3448 V beat_it.txt: Don't wanna see your face, you better disappear" 3
02-28 23:02:21.548765  2091 9487 D wind_of_change.txt: That we could be so close, like brothers 9
02-28 23:02:21.549864  2091 8671 V zombie.txt: Who are we mistaken? 5
02-28 23:02:21.550731  8887 507 D hello.txt: So hello from the other side (Other side) 27
02-28 23:02:21.560710  2091 9359 D send_me_angle.txt: Will you send me an angel? 46
02-28 23:02:21.562202  5126 1989 D till_I_collapse.txt: I will not fall 86
02-28 23:02:21.564427  5126 3914 D superman.txt: Can't be your Superman, your Superman, your Superman 158
02-28 23:02:21.565223  8887 7 V someone_like_you.txt: I remember you said 18
02-28 23:02:21.567309  7931 6831 V bridge_over_trouble_water.txt: Simon & Garfunkel 1 2
02-28 23:02:21.569741  5126 22 V without_me.txt: 'Cause it feels so empty without me 41
02-28 23:02:21.572833  5126 1989 V till_I_collapse.txt: I will stand tall 87
02-28 23:02:21.576896  7931 6831 E bridge_over_trouble_water.txt: When you're weary 2 3
02-28 23:02:21.580590  2959 197 V vincent.txt: Lie crushed and broken on the virgin snow 48
02-28 23:02:21.592420  5126 1989 D till_I_collapse.txt: Feels like no one can beat m 88
02-28 23:02:21.594028  2959 8932 V american_pie.txt: I was a lonely teenage bronckin' buck 33
02-28 23:02:21.599396  8887 5826 V rolling_in_the_deep.txt: (Tears are gonna fall, rolling in the deep) 65
02-28 23:02:21.607904  2091 9487 I wind_of_change.txt: The future's in the air 10
02-28 23:02:21.613097  2091 9487 D wind_of_change.txt: Can feel it everywhere 11
02-28 23:02:21.614483  5126 5611 W rap_god.txt:  161
02-28 23:02:21.623248  2091 6483 D bad.txt: [Chorus] 19
02-28 23:02:21.625994  2091 6422 V still_loving_you.txt: That I can't get through 22
02-28 23:02:21.632892  2091 6483 V bad.txt: Because I'm bad, I'm bad! Shamone! (Bad, bad, really, really bad) 20
02-28 23:02:21.634709  7931 4403 V Scarborough_Fair.txt: Scarborough Fair/Canticle 1
02-28 23:02:21.635773  2091 9295 D always_somewhere.txt: Always somewhere 27
02-28 23:02:21.645597  8887 3965 D set_fire_to_the_rain.txt: Your name 20
02-28 23:02:21.652951  5126 7394 V godzilla.txt: I'm on point, like my index is, so all you will ever get is 53
02-28 23:02:21.661869  2091 9359 V send_me_angle.txt: Here I am 47
02-28 23:02:21.667027  2091 6483 W bad.txt: You know I'm bad, I'm bad (Bad, bad) 21
02-28 23:02:21.678279  6467 8874 D san_guo.txt: 第四十二回　　张翼德大闹长坂桥　　刘豫州败走汉津口 42
02-28 23:02:21.690141  2959 197 D vincent.txt: Now, I think I know what you tried to say to me 49
02-28 23:02:21.700278  2091 6483 V bad.txt: You know it! (Really, really bad) 22
02-28 23:02:21.708837  6467 9869 V xi_you.txt: 第十五回 蛇盘山诸神暗佑 鹰愁涧意马收缰 15
02-28 23:02:21.713471  8887 507 V hello.txt: I must've called a thousand times (Thousand times) 28
02-28 23:02:21.725228  5126 1989 I till_I_collapse.txt: 'Cause sometimes you just feel tired, you feel weak 1
02-28 23:02:21.731276  2091 8827 E billie_jean.txt: 'Cause the lie becomes the truth" (Oh-oh) 17
02-28 23:02:21.736134  2959 197 D vincent.txt: How you suffered for your sanity 50
02-28 23:02:21.746434  2091 6422 I still_loving_you.txt: Is there really no chance 23
02-28 23:02:21.747010  7931 4403 V Scarborough_Fair.txt: Simon & Garfunkel 2
02-28 23:02:21.752400  2091 6483 V bad.txt: You know I'm bad, I'm bad! Shamone! (Bad, bad) 23
02-28 23:02:21.757709  2091 8827 V billie_jean.txt:  18
02-28 23:02:21.761871  2091 9859 D they_dont_care_about_us.txt: He wouldn't let this be, no, no 62
02-28 23:02:21.765292  7931 6831 V bridge_over_trouble_water.txt: Feeling small 3 4
02-28 23:02:21.772836  8887 7 V someone_like_you.txt: "Sometimes it lasts in love, but sometimes it hurts instead" 19
02-28 23:02:21.775085  2091 6483 D bad.txt: You know! (Really, really bad) 24
02-28 23:02:21.776544  7931 6831 V bridge_over_trouble_water.txt: When tears are in your eyes 4 5
02-28 23:02:21.783122  2091 639 I thriller.txt: You're fighting for your life 19
02-28 23:02:21.783179  8887 7 D someone_like_you.txt: "Sometimes it lasts in love, but sometimes it hurts instead" 20
02-28 23:02:21.784863  5126 22 V without_me.txt: Little hellions kids feeling rebellious 42
02-28 23:02:21.786081  8887 507 D hello.txt: To tell you I'm sorry for everything that I've done 29
02-28 23:02:21.795228  5126 3567 D lose_yourself.txt: You only get one shot, do not miss your chance to blow 29
02-28 23:02:21.805846  8887 7 D someone_like_you.txt:  21
02-28 23:02:21.814652  2091 6483 V bad.txt: And the whole world has to answer right now 25
02-28 23:02:21.822252  8887 507 I hello.txt: But when I call, you never seem to be home 30
02-28 23:02:21.829380  2091 9487 D wind_of_change.txt: Blowing with the wind of change 12
02-28 23:02:21.836101  5126 5611 W rap_god.txt: How to give a motherfuckin' audience 162
02-28 23:02:21.844962  2091 8417 V heal_the_world.txt: If you care enough for the living 23
02-28 23:02:21.849265  2091 9359 D send_me_angle.txt: In the land of the morning star! 48
02-28 23:02:21.859643  2959 197 D vincent.txt: How you tried to set them free 51
02-28 23:02:21.869625  5126 5611 V rap_god.txt: A feeling like it's levitating 163
02-28 23:02:21.872196  5126 3914 V superman.txt:  159
02-28 23:02:21.882403  5126 1989 V till_I_collapse.txt: And when you feel weak you feel like you want to just give up 2
02-28 23:02:21.886462  7931 6831 I bridge_over_trouble_water.txt: I'll dry them all 5 6
02-28 23:02:21.897023  2091 8417 E heal_the_world.txt: Make a better place for you and for me 24
02-28 23:02:21.897401  8887 8399 D when_we_are_young.txt: Before I go? 10
02-28 23:02:21.907726  2091 6483 V bad.txt: Just to tell you once again: Who's bad? 26
02-28 23:02:21.913459  8887 7 D someone_like_you.txt: You know how the time flies 22
02-28 23:02:21.917241  2091 639 D thriller.txt: Inside a killer 20
02-28 23:02:21.923327  5126 5611 D rap_god.txt: Never fading, and I know the haters are forever waiting 164
02-28 23:02:21.931518  8887 507 E hello.txt:  31
02-28 23:02:21.940367  5126 22 D without_me.txt: Embarrassed, their parents still listen to Elvis 43
02-28 23:02:21.944953  5126 22 V without_me.txt: They start feeling like prisoners helpless 44
02-28 23:02:21.955805  2091 6422 V still_loving_you.txt: To start once again 24
02-28 23:02:21.956300  2091 3448 D beat_it.txt: The fire's in their eyes and their words are really clear 4
02-28 23:02:21.957152  5126 5611 V rap_god.txt: For the day that they can say I fell off, they'll be celebrating 165
02-28 23:02:21.967673  5126 5611 D rap_god.txt: 'Cause I know the way to get 'em motivated 166
02-28 23:02:21.974969  5126 22 V without_me.txt: 'Til someone comes along on a mission and yells "bitch" 45
02-28 23:02:21.985745  8887 8399 I when_we_are_young.txt: 'Cause I've been by myself all night long 11
02-28 23:02:21.985796  2091 639 D thriller.txt: Thriller tonight, yeah, ooh 21
02-28 23:02:21.990482  2959 197 V vincent.txt: They would not listen, they're not listening still 52
02-28 23:02:21.994968  5126 5611 D rap_god.txt: I make elevating music, you make elevator music 167
02-28 23:02:22.003496  2091 9295 V always_somewhere.txt: Miss you where I've been 28
02-28 23:02:22.006096  5126 3914 V superman.txt: [Refrain: Eminem (& Dina Rae)] 160
02-28 23:02:22.014882  2091 6483 V bad.txt:  27
02-28 23:02:22.020537  2091 6483 D bad.txt:  28
02-28 23:02:22.028527  2091 6483 E bad.txt: Primis Player Placeholder 29
02-28 23:02:22.037133  2091 9487 D wind_of_change.txt: Take me to the magic of the moment 13
02-28 23:02:22.041099  2091 6483 V bad.txt:  30
02-28 23:02:22.045878  2091 8827 D billie_jean.txt: [Chorus] 19
02-28 23:02:22.053207  8887 3965 I set_fire_to_the_rain.txt:  21
02-28 23:02:22.058656  2091 9295 D always_somewhere.txt: I'll be back to love you again 29
02-28 23:02:22.069195  2091 6483 D bad.txt:  31
02-28 23:02:22.075165  2091 8827 D billie_jean.txt: Billie Jean is not my lover 20
02-28 23:02:22.082188  5126 5611 V rap_god.txt: "Oh, he's too mainstream." 168
02-28 23:02:22.082679  8887 3965 V set_fire_to_the_rain.txt: When laying with you 22
02-28 23:02:22.089291  8887 8399 V when_we_are_young.txt: Hoping you're someone I used to know 12
02-28 23:02:22.097035  2091 6422 D still_loving_you.txt: I'm still loving you 25
02-28 23:02:22.104611  2959 197 V vincent.txt: Perhaps they never wil 53
02-28 23:02:22.112314  2091 6483 F bad.txt:  A Vocal Coach Reacts To Lil Tjay's Melodies | Genius News 32
02-28 23:02:22.118944  7931 6831 V bridge_over_trouble_water.txt: I'm on your side 6 7
02-28 23:02:22.119783  2091 639 D thriller.txt:  22
02-28 23:02:22.124780  8887 7 V someone_like_you.txt: Only yesterday was the time of our lives 23
02-28 23:02:22.131327  2091 9859 V they_dont_care_about_us.txt:  63
02-28 23:02:22.142828  2959 197 D vincent.txt: Vincent 1
02-28 23:02:22.152904  2091 8827 V billie_jean.txt: She's just a girl who claims that I am the one (Oh, baby) 21
02-28 23:02:22.163878  2091 9487 V wind_of_change.txt: On a glory night 14
02-28 23:02:22.172280  2091 9295 V always_somewhere.txt: Always somewhere 30
02-28 23:02:22.181816  2091 9487 V wind_of_change.txt: Where the children of tomorrow dream away 15
02-28 23:02:22.186600  8887 3965 D set_fire_to_the_rain.txt: I could stay there 23
02-28 23:02:22.193876  2091 8417 D heal_the_world.txt:  25
02-28 23:02:22.195043  6467 8874 V san_guo.txt: 第四十三回　　诸葛亮舌战群儒　　　鲁子敬力排众议 43
02-28 23:02:22.204404  2091 8671 F zombie.txt:  6
02-28 23:02:22.206116  2091 9487 V wind_of_change.txt: In the wind of change 16
02-28 23:02:22.214396  2091 9359 I send_me_angle.txt: Here I am 49
02-28 23:02:22.220632  2959 197 V vincent.txt: Don McLean 2
02-28 23:02:22.226756  8887 7 D someone_like_you.txt: We were born and raised in a summer haze 24
02-28 23:02:22.228813  8887 7 E someone_like_you.txt: Bound by the surprise of our glory days 25
02-28 23:02:22.238807  5126 22 V without_me.txt: A visionary, vision is scary, 46
02-28 23:02:22.244664  5126 7394 V godzilla.txt: The motherfuckin' finger (Finger), prostate exam ('xam) 54
02-28 23:02:22.250851  5126 22 F without_me.txt: Could start a revolution, pollutin' the air waves a rebel 47
02-28 23:02:22.259630  8887 8399 V when_we_are_young.txt:  13
02-28 23:02:22.262092  5126 3914 V superman.txt: 'Cause I know you want me, baby, I think I want you too 161
02-28 23:02:22.265904  5126 5611 V rap_god.txt: Well, that's what they do when they get jealous 169
02-28 23:02:22.275297  5126 3914 D superman.txt: (I think I love you, baby) I think I love you too 162
02-28 23:02:22.283548  2091 6422 V still_loving_you.txt: Primis Player Placeholder 26
02-28 23:02:22.288277  2091 3448 D beat_it.txt: So beat it, just beat it (Ooh!) 5
02-28 23:02:22.299203  2091 8417 V heal_the_world.txt: [Verse 2] 26
02-28 23:02:22.310123  2091 6483 D bad.txt:  33
02-28 23:02:22.317252  2091 9487 D wind_of_change.txt:  17
02-28 23:02:22.319727  2091 6422 D still_loving_you.txt:  A Vocal Coach Reacts To Lil Tjay's Melodies | Genius News 27
02-28 23:02:22.327189  2091 639 D thriller.txt: [Verse 2: Michael Jackson] 23
02-28 23:02:22.331742  2091 6422 V still_loving_you.txt:  28
02-28 23:02:22.342030  2091 639 V thriller.txt: You hear the door slam 24
02-28 23:02:22.345093  2091 8827 V billie_jean.txt: But the kid is not my son, hoo! 22
02-28 23:02:22.353627  5126 22 V without_me.txt: So let me just revel and bask 48
02-28 23:02:22.356451  5126 7394 V godzilla.txt: How can I have all these fans and perspire? 55
02-28 23:02:22.363911  2091 9487 F wind_of_change.txt: Walking down the street 18
02-28 23:02:22.368029  5126 5611 D rap_god.txt: They confuse it 170
02-28 23:02:22.374443  6467 9869 V xi_you.txt: 第十六回 观音院僧谋宝贝 黑风山怪窃袈裟 16
02-28 23:02:22.385830  7931 4403 D Scarborough_Fair.txt: Are you going to Scarborough Fair? 3
02-28 23:02:22.391602  7931 6831 D bridge_over_trouble_water.txt: Oh, when times get rough 7 8
02-28 23:02:22.400216  7931 6831 D bridge_over_trouble_water.txt: And friends just can't be found 8 9
02-28 23:02:22.407529  2091 3448 V beat_it.txt: You better run, you better do what you can 6
02-28 23:02:22.410480  2091 9359 D send_me_angle.txt: Will you send me an angel? 50
02-28 23:02:22.420921  2091 639 D thriller.txt: And realize there's nowhere left to run 25
02-28 23:02:22.421519  2959 197 D vincent.txt: Starry, starry night 3
02-28 23:02:22.422822  2091 8671 I zombie.txt: [Pre-Chorus] 7
02-28 23:02:22.426749  2091 9859 V they_dont_care_about_us.txt:  64
02-28 23:02:22.434733  2091 8827 D billie_jean.txt: She says I am the one (Oh, baby) 23
02-28 23:02:22.444202  2091 9859 D they_dont_care_about_us.txt: [Verse 4] 65
02-28 23:02:22.453798  7931 8438 D sound_of_silence.txt: I turned my collar to the cold and damp 14
02-28 23:02:22.461165  2091 9295 D always_somewhere.txt: Miss you where I've been 31
02-28 23:02:22.470215  2091 8827 V billie_jean.txt: But the kid is not my son (Hee-hee-hee, no-no-no, hee-hee-hee) 24
02-28 23:02:22.478999  8887 507 V hello.txt: Hello from the outside (Outside) 32
02-28 23:02:22.487284  8887 7 V someone_like_you.txt: I hate to turn up out of the blue, uninvited 26
02-28 23:02:22.488062  2091 8417 V heal_the_world.txt: If you want to know why 27
02-28 23:02:22.493318  5126 5611 D rap_god.txt: "It's not hip-hop, it's pop, "―'cause I found a hella way to fuse it 171
02-28 23:02:22.495068  2091 9487 V wind_of_change.txt: Distant memories 19
02-28 23:02:22.504696  7931 6831 I bridge_over_trouble_water.txt:  9 10
02-28 23:02:22.510804  2091 6483 W bad.txt: [Verse 2] 34
02-28 23:02:22.514343  7931 6831 E bridge_over_trouble_water.txt: Like a bridge over troubled water 10 11
02-28 23:02:22.516285  5126 5611 V rap_god.txt: With rock, shock rap with Doc 172
02-28 23:02:22.518286  5126 1989 V till_I_collapse.txt: But you gotta search within you, you gotta find that inner strength 3
02-28 23:02:22.518618  2959 8932 V american_pie.txt: With a pink carnation and a pickup truck 34
02-28 23:02:22.530351  5126 5611 V rap_god.txt: Throw on "Lose Yourself" and make 'em lose it 173
02-28 23:02:22.534209  2091 8827 V billie_jean.txt: Hoo! 25
02-28 23:02:22.545239  5126 3914 V superman.txt: I'm here to save you, girl, come be in Shady's world 163
02-28 23:02:22.556841  2959 197 V vincent.txt: Paint your palette blue and gray 4
02-28 23:02:22.565683  2091 8417 V heal_the_world.txt: There's a love that cannot lie 28
02-28 23:02:22.572487  2091 9359 V send_me_angle.txt: Here I am 51
02-28 23:02:22.574631  2091 6422 V still_loving_you.txt: [Verse 2] 29
02-28 23:02:22.579619  2091 9487 V wind_of_change.txt: Are buried in the past, forever 20
02-28 23:02:22.586842  5126 7394 D godzilla.txt: Like a liar's pants, I'm on fire 56
02-28 23:02:22.592833  8887 5826 D rolling_in_the_deep.txt:  66
02-28 23:02:22.597916  2091 8671 V zombie.txt: But you see, it's not me, it's not my family 8
02-28 23:02:22.609814  2091 6422 V still_loving_you.txt: Try, baby, try 30
02-28 23:02:22.610450  8887 7 D someone_like_you.txt: But I couldn't stay away, I couldn't fight it 27
02-28 23:02:22.620472  8887 7 V someone_like_you.txt: I had hoped you'd see my face 28
02-28 23:02:22.631434  2091 6483 D bad.txt: The word is out, you're doin' wrong 35
02-28 23:02:22.636825  8887 8399 V when_we_are_young.txt: You look like a movie 14
02-28 23:02:22.648692  5126 3914 D superman.txt: I wanna grow together, let's let our love unfurl 164
02-28 23:02:22.659546  2091 3448 V beat_it.txt: Don't wanna see no blood, don't be a macho man (Ooh!) 7
02-28 23:02:22.666501  5126 3914 D superman.txt: You know you want me, baby, you know I want you too 165
02-28 23:02:22.672650  8887 507 V hello.txt: At least I can say that I've tried (I've tried) 33
02-28 23:02:22.672794  5126 3914 D superman.txt: They call me Superman, I'm here to rescue you 166
02-28 23:02:22.679312  2091 9359 F send_me_angle.txt: In the land of the morning star! 52
02-28 23:02:22.682730  8887 507 V hello.txt: To tell you I'm sorry for breaking your heart 34
02-28 23:02:22.692817  5126 1989 D till_I_collapse.txt: And just pull that shit out of you and get that motivation to not give up 4
02-28 23:02:22.697700  7931 4403 F Scarborough_Fair.txt: Parsley, sage, rosemary, and thyme 4
02-28 23:02:22.701086  2091 9359 D send_me_angle.txt: Here I am 53
02-28 23:02:22.708309  7931 6831 D bridge_over_trouble_water.txt: I will lay me down 11 12
02-28 23:02:22.716026  5126 3914 V superman.txt: I wanna save you, girl, come be in Shady's world 167
02-28 23:02:22.718531  2091 6422 W still_loving_you.txt: To trust in my love again 31
02-28 23:02:22.724436  2091 9359 D send_me_angle.txt: Will you send me an angel? 54
02-28 23:02:22.725274  2959 197 D vincent.txt: Look out on a summer's day 5
02-28 23:02:22.732235  2091 9295 V always_somewhere.txt: I'll be back to love you agai 32
02-28 23:02:22.735391  7931 6831 V bridge_over_trouble_water.txt: Like a bridge over troubled water 12 13
02-28 23:02:22.736566  7931 4403 V Scarborough_Fair.txt: Remember me to one who lives there 5
02-28 23:02:22.743553  2959 197 D vincent.txt: With eyes that know the darkness in my soul 6
02-28 23:02:22.743866  8887 7 V someone_like_you.txt: And that you'd be reminded that for me, it isn't over 29
02-28 23:02:22.744941  5126 3914 V superman.txt: (Oh boy, you drive me crazy) Bitch, you make me hurl 168
02-28 23:02:22.745249  2091 6422 V still_loving_you.txt: I will be there, I will be there 32
02-28 23:02:22.750339  6467 8874 D san_guo.txt: 第四十四回　　孔明用智激周瑜　　　孙权决计破曹操 44
02-28 23:02:22.761656  2091 6422 V still_loving_you.txt: Love, our love 33
02-28 23:02:22.767594  5126 3914 D superman.txt:  169
02-28 23:02:22.771373  5126 1989 D till_I_collapse.txt: And not be a quitter, no matter how bad you want to just fall flat on your face and collapse 5
02-28 23:02:22.777456  5126 5611 V rap_god.txt: "I don't know how to make songs like that 174
02-28 23:02:22.779838  2091 9295 V always_somewhere.txt: [Verse 1] 1
02-28 23:02:22.781160  2091 8827 V billie_jean.txt:  26
02-28 23:02:22.784208  7931 6831 V bridge_over_trouble_water.txt: I will lay me down 13 14
02-28 23:02:22.795934  8887 8399 I when_we_are_young.txt: You sound like a song 15
02-28 23:02:22.797272  2091 9359 V send_me_angle.txt: Here I am 55
02-28 23:02:22.804935  2091 639 V thriller.txt: You feel the cold hand 26
02-28 23:02:22.805783  2091 6422 D still_loving_you.txt: Just shouldn't be thrown away 34
02-28 23:02:22.810636  8887 7 D someone_like_you.txt:  30
02-28 23:02:22.820464  8887 8399 D when_we_are_young.txt: My God this reminds me, of when we were young 16
02-28 23:02:22.828342  2091 6483 D bad.txt: Gon' lock you up before too long 36
02-28 23:02:22.832846  6467 8874 V san_guo.txt: 第四十五回　　三江口曹操折兵　　　群英会蒋干中计 45
02-28 23:02:22.838494  2091 8827 D billie_jean.txt: [Verse 2] 27
02-28 23:02:22.840804  2091 6422 D still_loving_you.txt: I will be there, I will be there 35
02-28 23:02:22.847490  7931 4403 D Scarborough_Fair.txt: She once was a true love of mine 6
02-28 23:02:22.851504  2091 6483 V bad.txt: Your lyin' eyes gon' tell you right 37
02-28 23:02:22.860399  5126 3914 V superman.txt: [Chorus: Eminem] 170
02-28 23:02:22.868081  2091 3448 D beat_it.txt: You wanna be tough, better do what you can 8
02-28 23:02:22.872982  5126 5611 V rap_god.txt: I don't know what words to use." 175
02-28 23:02:22.875175  5126 3914 D superman.txt: ‘Cause I can't be your Superman, can't be your Superman 171
02-28 23:02:22.876187  2091 3448 V beat_it.txt: So beat it, but you wanna be bad 9
02-28 23:02:22.886392  2091 8417 V heal_the_world.txt: Love is strong, it only cares for joyful giving 29
02-28 23:02:22.890361  2091 8417 V heal_the_world.txt: If we try, we shall see 30
02-28 23:02:22.894838  5126 3914 V superman.txt: Can't be your Superman, can't be your Superman 172
02-28 23:02:22.896559  2091 9859 V they_dont_care_about_us.txt: Skin head, dead head, everybody's gone bad 66
02-28 23:02:22.906575  8887 5826 D rolling_in_the_deep.txt: We could have had it all 67
02-28 23:02:22.908353  5126 3914 V superman.txt: I can't be your Superman, can't be your Superman 173
02-28 23:02:22.909190  2091 8827 V billie_jean.txt: For forty days and for forty nights, the law was on her side 28
02-28 23:02:22.913813  2091 9359 D send_me_angle.txt: In the land of the morning star 56
02-28 23:02:22.924723  8887 3965 D set_fire_to_the_rain.txt: Close my eyes, feel you here forever 24
02-28 23:02:22.930910  5126 3914 V superman.txt: Can't be your Superman, your Superman, your Superman 174
02-28 23:02:22.939589  8887 5826 V rolling_in_the_deep.txt: (You're gonna wish you never had met me) 68
02-28 23:02:22.944685  8887 507 D hello.txt: But it don't matter, it clearly doesn't tear you apart anymore 35
02-28 23:02:22.952350  2091 9859 D they_dont_care_about_us.txt: Situation, speculation, everybody, litigation 67
02-28 23:02:22.952582  5126 5611 D rap_god.txt: Let me know when it occurs to you 176
02-28 23:02:22.955065  2091 8671 D zombie.txt: In your head, in your head, they are fightin' 9
02-28 23:02:22.962153  2091 9359 D send_me_angle.txt: Verse 1] 1
02-28 23:02:22.963472  2091 8827 V billie_jean.txt: But who can stand when she's in demand? 29
02-28 23:02:22.973639  2091 9359 V send_me_angle.txt: Wise man said just walk this way 2
02-28 23:02:22.981044  7931 6831 D bridge_over_trouble_water.txt:  14 15
02-28 23:02:22.983849  5126 5611 V rap_god.txt: While I'm rippin' any one of these 177
02-28 23:02:22.986132  8887 5826 D rolling_in_the_deep.txt: Rolling in the deep 69
02-28 23:02:22.993421  5126 3914 V superman.txt: ‘Cause I can't be your Superman, can't be your Superman 175
02-28 23:02:22.999545  2091 8671 V zombie.txt: With their tanks and their bombs and their bombs and their guns 10
02-28 23:02:23.006701  2959 197 V vincent.txt: Shadows on the hills 7
02-28 23:02:23.017571  6467 8874 D san_guo.txt: 第四十六回　　用奇计孔明借箭　　　献密计黄盖受刑 46
02-28 23:02:23.027272  8887 5826 V rolling_in_the_deep.txt: (Tears are gonna fall, rolling in the deep) 70
02-28 23:02:23.034973  2091 8827 V billie_jean.txt: Her schemes and plans 30
02-28 23:02:23.042762  2959 197 V vincent.txt: Sketch the trees and the daffodils 8
02-28 23:02:23.052817  2091 639 D thriller.txt: And wonder if you'll ever see the sun 27
02-28 23:02:23.060475  2091 8827 E billie_jean.txt: 'Cause we danced on the floor in the round, hee! 31
02-28 23:02:23.063628  5126 7394 D godzilla.txt: And I got no plans to retire and I'm still the man you admire 57
02-28 23:02:23.072281  2091 9487 V wind_of_change.txt: I follow the Moskva 21
02-28 23:02:23.072409  8887 507 V hello.txt: Ooh-ooh, anymore 36
02-28 23:02:23.075987  6467 8874 D san_guo.txt: 第四十七回　　阚泽密献诈降书　　　庞统巧授连环计 47
02-28 23:02:23.085060  7931 8438 V sound_of_silence.txt: When my eyes were stabbed by the flash of a neon light 15
02-28 23:02:23.094541  2091 6422 V still_loving_you.txt:  36
02-28 23:02:23.105868  2091 3448 D beat_it.txt:  10
02-28 23:02:23.108166  5126 5611 V rap_god.txt: S that versus you 178
02-28 23:02:23.118220  8887 7 D someone_like_you.txt: Never mind, I'll find someone like you 31
02-28 23:02:23.119460  8887 7 V someone_like_you.txt: I wish nothing but the best for you, too 32
02-28 23:02:23.125664  8887 507 D hello.txt: Ooh-ooh-ooh, anymore 37
02-28 23:02:23.133165  5126 5611 V rap_god.txt: It's curtains, I'm inadvertently hurtin' you 179
02-28 23:02:23.140256  2959 197 D vincent.txt: Catch the breeze and the winter chills 9
02-28 23:02:23.149399  5126 3914 F superman.txt: Can't be your Superman, can't be your Superman 176
02-28 23:02:23.160693  2091 9487 D wind_of_change.txt: Down to Gorky Park 22
02-28 23:02:23.172686  5126 3914 W superman.txt: I can't be your Superman, can't be your Superman 177
02-28 23:02:23.183108  2091 8827 F billie_jean.txt: So take my strong advice, just remember to always think twice 32
02-28 23:02:23.192758  2091 6422 D still_loving_you.txt: [Chorus] 37
02-28 23:02:23.195069  7931 6831 D bridge_over_trouble_water.txt: When you're down and out 15 16
02-28 23:02:23.205770  7931 6831 D bridge_over_trouble_water.txt: When you're on the street 16 17
02-28 23:02:23.209017  5126 22 D without_me.txt: In the fact that I got everyone kissing my ass 49
02-28 23:02:23.215729  8887 3965 D set_fire_to_the_rain.txt: You and me together, nothing is better 25
02-28 23:02:23.218320  5126 5611 D rap_god.txt: How many verses I gotta murder to 180
02-28 23:02:23.224362  8887 3965 D set_fire_to_the_rain.txt: 'Cause there's a side to you 26
02-28 23:02:23.232712  8887 8399 V when_we_are_young.txt:  17
02-28 23:02:23.233690  5126 5611 V rap_god.txt: Prove that if you were half as nice 181
02-28 23:02:23.241584  7931 6831 W bridge_over_trouble_water.txt: When evening falls so hard 17 18
02-28 23:02:23.250634  2091 9487 V wind_of_change.txt: Listening to the wind of change 23
02-28 23:02:23.258497  2091 9359 V send_me_angle.txt: To the dawn of the light 3
02-28 23:02:23.264504  2091 6483 I bad.txt: So listen up, don't make a fight 38
02-28 23:02:23.270838  2091 8827 D billie_jean.txt: (Don't think twice) Do think twice! (A-hoo!) 33
02-28 23:02:23.277236  7931 4403 V Scarborough_Fair.txt:  7
02-28 23:02:23.280777  5126 3914 I superman.txt: Can't be your Superman, your Superman, your Superma 178
02-28 23:02:23.283696  2091 9359 D send_me_angle.txt: The wind will blow into your face 4
02-28 23:02:23.293567  8887 8399 V when_we_are_young.txt: Let me photograph you in this light 18
02-28 23:02:23.303643  5126 22 D without_me.txt: And it's a disaster such a catastrophe 50
02-28 23:02:23.314671  5126 22 D without_me.txt: For you to see so damn much of my ass you ask for me 51
02-28 23:02:23.320201  2091 8417 D heal_the_world.txt: In this bliss, we cannot feel 31
02-28 23:02:23.328886  5126 1989 V till_I_collapse.txt: 'Til I collapse I'm spilling these raps long as you feel 'em 6
02-28 23:02:23.336131  8887 7 V someone_like_you.txt: "Don't forget me, " I begged 33
02-28 23:02:23.344247  7931 8438 I sound_of_silence.txt: That split the night 16
02-28 23:02:23.349311  2959 197 D vincent.txt: In colors on the snowy, linen land 10
02-28 23:02:23.356979  8887 5826 V rolling_in_the_deep.txt: You had my heart inside of your hands 71
02-28 23:02:23.368225  5126 7394 V godzilla.txt: These chicks are spazzin' out, I only get more handsome and flier 58
02-28 23:02:23.378977  2959 197 W vincent.txt:  11
02-28 23:02:23.384655  2959 197 D vincent.txt: Now, I understand what you tried to say to me 12
02-28 23:02:23.391884  2091 8417 V heal_the_world.txt: Fear or dread, we stop existing and start living 32
02-28 23:02:23.400486  8887 507 I hello.txt: Ooh-ooh, anymore 38
02-28 23:02:23.405346  5126 22 V without_me.txt: Well I'm back, nana-na na na nana-na na na kshh 52
02-28 23:02:23.409751  7931 4403 V Scarborough_Fair.txt: Tell her to make me a cambric shirt (in the deep forest green) 8
02-28 23:02:23.414522  5126 5611 D rap_god.txt: Your songs you could sacrifice virgins too? 182
02-28 23:02:23.420558  5126 22 V without_me.txt: Fix your bent antenna, tune it in and then I'm gonna enter in endin' up 53
02-28 23:02:23.430039  2959 197 W vincent.txt: And how you suffered for your sanity 13
02-28 23:02:23.435922  5126 22 F without_me.txt: Under your skin like a splinter 54
02-28 23:02:23.444047  2091 639 V thriller.txt: You close your eyes 28
02-28 23:02:23.452661  2091 9359 V send_me_angle.txt: As the years pass you by 5
02-28 23:02:23.456015  5126 3914 F superman.txt: Mhmmm *inhales* 1
02-28 23:02:23.459999  2091 9859 V they_dont_care_about_us.txt: Beat me, bash me, you can never trash me 68
02-28 23:02:23.471258  8887 3965 D set_fire_to_the_rain.txt: That I never knew, never knew 27
02-28 23:02:23.472815  8887 3965 D set_fire_to_the_rain.txt: All the things you'd say 28
02-28 23:02:23.484664  2091 9359 D send_me_angle.txt: Hear this voice from deep inside 6
02-28 23:02:23.485892  5126 22 D without_me.txt: The center of attention back for the winter 55
02-28 23:02:23.494699  2091 8671 D zombie.txt: In your head, in your head, they are cryin' 11
02-28 23:02:23.499358  2091 8827 V billie_jean.txt: She told my baby we'd danced till three, then she looked at me 34
02-28 23:02:23.501941  2091 3448 D beat_it.txt: [Chorus] 11
02-28 23:02:23.504199  2959 197 V vincent.txt: And how you tried to set them free 14
02-28 23:02:23.515568  5126 5611 V rap_god.txt: Ugh, school flunky, pill junkie 183
02-28 23:02:23.526348  2959 8932 D american_pie.txt: But I knew I was out of luck 35
02-28 23:02:23.538347  5126 22 D without_me.txt: I'm interesting, the best thing since wrestling 56
02-28 23:02:23.548798  2091 9359 D send_me_angle.txt: It's the call of your heart 7
02-28 23:02:23.554569  2091 9359 V send_me_angle.txt: Close your eyes and you will find 8
02-28 23:02:23.561199  2091 9295 V always_somewhere.txt: Arrive at seven the place feels good 2
02-28 23:02:23.564556  7931 6831 F bridge_over_trouble_water.txt: I will comfort you 18 19
02-28 23:02:23.570274  2091 9487 V wind_of_change.txt: Take me to the magic of the moment 24
02-28 23:02:23.574127  7931 4403 D Scarborough_Fair.txt: Parsley, sage, rosemary, and thyme 9
02-28 23:02:23.574480  2091 9487 D wind_of_change.txt: On a glory night 25
02-28 23:02:23.579425  8887 5826 V rolling_in_the_deep.txt: (You're gonna wish you never had met me) 72
02-28 23:02:23.589039  5126 3914 W superman.txt: You high, baby? 2
02-28 23:02:23.593805  2091 8417 D heal_the_world.txt:  33
02-28 23:02:23.599055  5126 5611 W rap_god.txt: But look at the accolades these skills brung me 184
02-28 23:02:23.601407  2091 9487 V wind_of_change.txt: Where the children of tomorrow share their dreams 26
02-28 23:02:23.612889  2091 8827 D billie_jean.txt: Then showed a photo of a baby cryin', his eyes were like mine (Oh, no) 35
02-28 23:02:23.623499  5126 5611 V rap_god.txt: Full of myself, but still hungry 185
02-28 23:02:23.629066  2091 9487 D wind_of_change.txt: With you and me 27
02-28 23:02:23.631738  2091 8417 D heal_the_world.txt:  34
02-28 23:02:23.638306  2091 6483 D bad.txt: Your talk is cheap, you're not a man 39
02-28 23:02:23.649760  7931 4403 V Scarborough_Fair.txt: (Tracing of sparrow on snow-crested ground) 10
02-28 23:02:23.660217  2091 6422 D still_loving_you.txt: If we'd go again 38
02-28 23:02:23.661618  8887 3965 D set_fire_to_the_rain.txt: They were never true, never true 29
02-28 23:02:23.662901  5126 1989 V till_I_collapse.txt: 'Til the day that I drop you'll never say that I'm not killing 'em 7
02-28 23:02:23.671844  7931 6831 V bridge_over_trouble_water.txt: I'll take your part 19 20
02-28 23:02:23.681126  2091 9859 D they_dont_care_about_us.txt: Hit me, kick me, you can never get me 69
02-28 23:02:23.685780  8887 3965 W set_fire_to_the_rain.txt: And the games you'd play 30
02-28 23:02:23.687282  2091 9295 V always_somewhere.txt: No time to call you today 3
02-28 23:02:23.691902  2091 9359 D send_me_angle.txt: Passage out of the dark 9
02-28 23:02:23.694622  2959 8932 D american_pie.txt: The day the music died 36
02-28 23:02:23.698439  5126 3914 V superman.txt: Yeah 3
02-28 23:02:23.700104  5126 5611 V rap_god.txt:  186
02-28 23:02:23.708604  2091 9859 V they_dont_care_about_us.txt:  70
02-28 23:02:23.710116  2091 8417 W heal_the_world.txt: Primis Player Placeholder 35
02-28 23:02:23.710970  8887 7 D someone_like_you.txt: I remember you said 34
02-28 23:02:23.713207  2091 6422 D still_loving_you.txt: All the way from the start 39
02-28 23:02:23.717267  8887 7 D someone_like_you.txt: "Sometimes it lasts in love, but sometimes it hurts instead" 35
02-28 23:02:23.723923  8887 5826 D rolling_in_the_deep.txt: But you played it 73
02-28 23:02:23.733513  2091 6483 D bad.txt: You're throwin' stones to hide your hands 40
02-28 23:02:23.734435  2091 8671 V zombie.txt:  12
02-28 23:02:23.735276  2091 8417 D heal_the_world.txt:  36
02-28 23:02:23.745792  2091 8417 D heal_the_world.txt:  A Vocal Coach Reacts To Lil Tjay's Melodies | Genius News 37
02-28 23:02:23.754781  6467 8874 V san_guo.txt: 第四十八回　　宴长江曹操赋诗　　　锁战船北军用武 48
02-28 23:02:23.761655  2091 8827 V billie_jean.txt: 'Cause we danced on the floor in the round, baby 36
02-28 23:02:23.765062  8887 8399 V when_we_are_young.txt: In case it is the last time 19
02-28 23:02:23.776204  2091 9295 F always_somewhere.txt: Encores 'til eleven, then Chinese food 4
02-28 23:02:23.781090  2091 6483 D bad.txt:  41
02-28 23:02:23.788818  5126 3914 D superman.txt: Yeah? 4
02-28 23:02:23.798028  2091 8417 D heal_the_world.txt:  38
02-28 23:02:23.804389  2091 8827 V billie_jean.txt: (Ooh, hee-hee-hee) 37
02-28 23:02:23.814487  2091 9359 D send_me_angle.txt:  10
02-28 23:02:23.822241  5126 5611 V rap_god.txt: I bully myself 'cause I make me do 187
02-28 23:02:23.832192  5126 3914 V superman.txt: Talk to me 5
02-28 23:02:23.833359  8887 7 D someone_like_you.txt:  36
02-28 23:02:23.838270  5126 5611 D rap_god.txt: What I put my mind to 188
02-28 23:02:23.844427  2091 8827 D billie_jean.txt: Hee! 38
02-28 23:02:23.851515  8887 507 D hello.txt: Anymore 39
02-28 23:02:23.855532  5126 3914 W superman.txt: You want me to tell you something? 6
02-28 23:02:23.858626  2091 6483 D bad.txt: [Pre-Chorus 1] 42
02-28 23:02:23.859766  5126 7394 D godzilla.txt: I got 'em passin' out like what you do, when you hand someone flyers 59
02-28 23:02:23.870261  2091 8827 V billie_jean.txt: Hoo! 39
02-28 23:02:23.871525  7931 6831 D bridge_over_trouble_water.txt: Oh, when darkness comes 20 21
02-28 23:02:23.879932  2091 9359 V send_me_angle.txt: [Chorus] 11
02-28 23:02:23.887097  2091 3448 V beat_it.txt: Just beat it, beat it, beat it, beat it 12
02-28 23:02:23.896136  8887 7 V someone_like_you.txt: Nothing compares, no worries or cares 37
02-28 23:02:23.901078  5126 22 V without_me.txt: Infesting in your kids ears and nesting 57
02-28 23:02:23.902452  5126 7394 V godzilla.txt: What goes around comes around just like the blades on a chainsaw 60
02-28 23:02:23.903487  2091 9359 F send_me_angle.txt: Here I am 12
02-28 23:02:23.908016  5126 22 I without_me.txt:  58
02-28 23:02:23.915760  2091 8417 V heal_the_world.txt: [Pre-Chorus 2] 39
02-28 23:02:23.926095  2091 9359 V send_me_angle.txt: Will you send me an angel? 13
02-28 23:02:23.928225  8887 5826 V rolling_in_the_deep.txt: You played it 74
02-28 23:02:23.939925  2091 6483 V bad.txt: Well, they say the sky's the limit 43
02-28 23:02:23.939936  2091 9487 D wind_of_change.txt: Take me to the magic of the moment 28
02-28 23:02:23.940764  2091 9487 V wind_of_change.txt: On a glory night 29
02-28 23:02:23.951786  2091 639 D thriller.txt: And hope that this is just imagination 29
02-28 23:02:23.954487  2091 8827 V billie_jean.txt:  40
02-28 23:02:23.960779  2959 197 V vincent.txt: They would not listen, they did not know how 15
02-28 23:02:23.962552  2091 8827 D billie_jean.txt: [Pre-Chorus] 41
02-28 23:02:23.972305  5126 5611 F rap_god.txt: And I'm a million leagues above you 189
02-28 23:02:23.980616  7931 6831 I bridge_over_trouble_water.txt: And pain is all around 21 22
02-28 23:02:23.985793  5126 7394 V godzilla.txt: 'Cause I caught the flaps of my dollar stack 61
02-28 23:02:23.988465  8887 7 D someone_like_you.txt: Regrets and mistakes, they're memories made 38
02-28 23:02:23.988830  5126 5611 V rap_god.txt: Ill when I speak in tongues 190
02-28 23:02:24.000345  7931 4403 D Scarborough_Fair.txt: Without no seams nor needle work 11
02-28 23:02:24.006849  2091 8827 V billie_jean.txt: People always told me, "Be careful of what you do 42
02-28 23:02:24.007377  2091 8827 V billie_jean.txt: And don't go around breakin' young girls' hearts" 43
02-28 23:02:24.011539  2959 197 V vincent.txt: Perhaps they'll listen now 16
02-28 23:02:24.013405  5126 5611 D rap_god.txt: But it's still tongue-in-cheek fuck you 191
02-28 23:02:24.018207  2091 9359 I send_me_angle.txt: Here I am 14
02-28 23:02:24.024147  7931 4403 V Scarborough_Fair.txt: (Bedclothes the child of the mountain) 12
02-28 23:02:24.026277  8887 7 V someone_like_you.txt: Who would have known how bittersweet this would taste? 39
02-28 23:02:24.033720  2091 9359 D send_me_angle.txt: In the land of the morning star! 15
02-28 23:02:24.042765  5126 22 V without_me.txt: "Testing attention please" 59
02-28 23:02:24.052263  6467 8874 V san_guo.txt: 第四十九回　　七星坛诸葛祭风　　　三江口周瑜纵火 49
02-28 23:02:24.056482  2091 639 V thriller.txt: (Girl) 30
02-28 23:02:24.068087  8887 507 V hello.txt: Hello from the other side (Other side) 40
02-28 23:02:24.077863  2091 3448 D beat_it.txt: No one wants to be defeated 13
02-28 23:02:24.087233  5126 1989 V till_I_collapse.txt: 'Cause when I am not then I'm a stop pinning them 8
02-28 23:02:24.091847  5126 22 V without_me.txt: Feel the tension soon as someone mentions me 60
02-28 23:02:24.093789  2091 8827 V billie_jean.txt: (Don't break no hearts!) (Hee-hee) 44
02-28 23:02:24.097786  8887 7 V someone_like_you.txt: Never mind, I'll find someone like you 40
02-28 23:02:24.104294  2091 8671 V zombie.txt: [Chorus] 13
02-28 23:02:24.110099  5126 3567 D lose_yourself.txt: This opportunity comes once in a lifetime 30
02-28 23:02:24.112038  8887 507 D hello.txt:  41
02-28 23:02:24.120792  2091 9359 I send_me_angle.txt:  16
02-28 23:02:24.122348  2091 8827 V billie_jean.txt: But she came and stood right by me 45
02-28 23:02:24.122890  5126 22 I without_me.txt: Here's my ten cents, my two cents is free 61
02-28 23:02:24.124118  5126 3914 D superman.txt: Uh-huh 7
02-28 23:02:24.130794  8887 3965 D set_fire_to_the_rain.txt: You would always win, always win 31
02-28 23:02:24.139173  2091 3448 D beat_it.txt: Showin' how funky and strong is your fight 14
02-28 23:02:24.148964  2091 8671 E zombie.txt: In your head, in your head 14
02-28 23:02:24.151919  2091 9487 D wind_of_change.txt: Where the children of tomorrow dream away 30
02-28 23:02:24.158774  2091 9359 D send_me_angle.txt: [Verse 2] 17
02-28 23:02:24.159785  2091 8417 D heal_the_world.txt: Then it feels that always 40
02-28 23:02:24.162511  2091 6483 D bad.txt: And to me, that's really true 44
02-28 23:02:24.172378  2091 8827 V billie_jean.txt: Then the smell of sweet perfume (Ha-oh) 46
02-28 23:02:24.175844  6467 8874 D san_guo.txt: 第五十回　　　诸葛亮智算华容　　　关云长义释曹操 50
02-28 23:02:24.184896  5126 7394 V godzilla.txt: Right off the bat like a baseball, like Kid Ink 62
02-28 23:02:24.195053  2091 8671 V zombie.txt: Zombie, zombie, zombie-ie-ie 15
02-28 23:02:24.199003  2091 6483 D bad.txt: But my friend, you have seen nothing 45
02-28 23:02:24.202020  7931 6831 D bridge_over_trouble_water.txt:  22 23
02-28 23:02:24.205747  2091 9487 V wind_of_change.txt: In the wind of change 31
02-28 23:02:24.214808  5126 22 D without_me.txt: A nuisance, who sent, you sent for me? 62
02-28 23:02:24.224056  5126 1989 V till_I_collapse.txt: And I am not hip-hop and I'm just not Eminem 9
02-28 23:02:24.231440  7931 6831 V bridge_over_trouble_water.txt: Like a bridge over troubled water 23 24
02-28 23:02:24.239556  7931 6831 V bridge_over_trouble_water.txt: I will lay me down 24 25
02-28 23:02:24.247712  2091 9359 D send_me_angle.txt: Wise man said just find your place 18
02-28 23:02:24.252774  2091 8671 D zombie.txt: What's in your head, in your head? 16
02-28 23:02:24.260897  7931 6831 D bridge_over_trouble_water.txt: Like a bridge over troubled water 25 26
02-28 23:02:24.271974  8887 507 V hello.txt: I must've called a thousand times (Thousand times) 42
02-28 23:02:24.279619  2091 8827 I billie_jean.txt: This happened much too soon (Ha-oh, ha-ooh) 47
02-28 23:02:24.285407  7931 6831 V bridge_over_trouble_water.txt: I will lay me down 26 27
02-28 23:02:24.294373  5126 3914 V superman.txt: I know what you wanna hear 8
02-28 23:02:24.305187  7931 6831 V bridge_over_trouble_water.txt: Sail on silver girl 27 28
02-28 23:02:24.310124  2959 197 V vincent.txt:  17
02-28 23:02:24.314457  2091 8671 V zombie.txt: Zombie, zombie, zombie-ie-ie-ie, oh 17
02-28 23:02:24.316805  2091 9359 V send_me_angle.txt: In the eye of the storm 19
02-28 23:02:24.322215  5126 5611 D rap_god.txt: I'm drunk, so, Satan, take the fucking wheel 192
02-28 23:02:24.324633  8887 8399 V when_we_are_young.txt: That we might be exactly like we were 20
02-28 23:02:24.334961  2091 8827 V billie_jean.txt: She called me to her room (Ha-oh, hoo!) 48
02-28 23:02:24.341032  2091 639 D thriller.txt: But all the while 31
02-28 23:02:24.341996  2091 9487 V wind_of_change.txt:  32
02-28 23:02:24.352093  5126 22 D without_me.txt: Now this looks like a job for me 63
02-28 23:02:24.358746  2091 8671 D zombie.txt:  18
02-28 23:02:24.368732  8887 8399 I when_we_are_young.txt: Before we realized 21
02-28 23:02:24.369415  2091 8417 D heal_the_world.txt: Love's enough for us growing 41
02-28 23:02:24.380394  5126 22 D without_me.txt: So everybody just follow me 64
02-28 23:02:24.384391  8887 3965 I set_fire_to_the_rain.txt: But I set fire to the rain 32
02-28 23:02:24.395088  5126 1989 E till_I_collapse.txt: Subliminal thoughts when I'm stop sending them 10
02-28 23:02:24.399798  2091 9859 F they_dont_care_about_us.txt: [Chorus] 71
02-28 23:02:24.405639  2091 8417 D heal_the_world.txt: So make a better world 42
02-28 23:02:24.408854  2091 9359 V send_me_angle.txt: Seek the roses along the way 20
02-28 23:02:24.418453  8887 507 V hello.txt: To tell you I'm sorry for everything that I've done 43
02-28 23:02:24.423266  2091 6483 D bad.txt: Just wait 'til I get through! 46
02-28 23:02:24.424166  2091 9487 D wind_of_change.txt: The wind of change 33
02-28 23:02:24.432695  8887 7 I someone_like_you.txt: I wish nothing but the best for you 41
02-28 23:02:24.441211  8887 507 D hello.txt: But when I call, you never seem to be home 44
02-28 23:02:24.442078  2091 6422 V still_loving_you.txt: I would try to change 40
02-28 23:02:24.446421  2091 9359 V send_me_angle.txt: Just beware of the thorns 21
02-28 23:02:24.447144  7931 6831 V bridge_over_trouble_water.txt: Sail on by 28 29
02-28 23:02:24.454706  5126 22 V without_me.txt: 'Cause we need a little controversy 65
02-28 23:02:24.455932  2959 197 V vincent.txt: Starry, starry night 18
02-28 23:02:24.457497  2091 3448 V beat_it.txt: It doesn't matter who's wrong or right 15
02-28 23:02:24.460358  2091 8417 D heal_the_world.txt: To make a better world 43
02-28 23:02:24.460574  8887 7 D someone_like_you.txt: "Don't forget me, " I beg 42
02-28 23:02:24.469761  2091 639 D thriller.txt: You hear a creature creeping up behind 32
02-28 23:02:24.474930  5126 3914 V superman.txt:  9
02-28 23:02:24.479613  6467 8874 I san_guo.txt: 第五十一回　　曹仁大战东吴兵　　　孔明一气周公瑾 51
02-28 23:02:24.483542  2091 6483 V bad.txt:  47
02-28 23:02:24.492016  8887 3965 D set_fire_to_the_rain.txt: Watched it pour as I touched your face 33
02-28 23:02:24.494078  2091 6483 V bad.txt: [Chorus] 48
02-28 23:02:24.494101  2091 6483 V bad.txt: Because I'm bad, I'm bad! Shamone! (Bad, bad, really, really bad) 49
02-28 23:02:24.495228  2091 9487 V wind_of_change.txt: Blows straight into the face of time 34
02-28 23:02:24.499839  5126 3914 D superman.txt: [Refrain: Eminem (& Dina Rae)] 10
02-28 23:02:24.506880  5126 5611 V rap_god.txt: I'ma sleep in the front seat 193
02-28 23:02:24.510718  2959 197 V vincent.txt: Flaming flowers that brightly blaze 19
02-28 23:02:24.521954  5126 3914 V superman.txt: 'Cause I know you want me, baby, I think I want you too 11
02-28 23:02:24.531629  2091 9359 F send_me_angle.txt:  22
02-28 23:02:24.535062  2959 197 V vincent.txt: Swirling clouds in violet haze 20
02-28 23:02:24.539420  2959 197 W vincent.txt: Reflect in Vincent's eyes of china blue 21
02-28 23:02:24.547573  2091 3448 W beat_it.txt: Just beat it (Beat it) 16
02-28 23:02:24.548382  6467 8874 V san_guo.txt: 第五十二回　　诸葛亮智辞鲁肃　　　赵子龙计取桂阳 52
02-28 23:02:24.552434  5126 5611 V rap_god.txt: Bumpin' Heavy D and the Boyz 194
02-28 23:02:24.557914  2091 9359 V send_me_angle.txt: [Chorus] 23
02-28 23:02:24.558316  5126 3914 D superman.txt: (I think I love you, baby) I think I love you too 12
02-28 23:02:24.563032  2091 8671 D zombie.txt: [Post-Chorus] 19
02-28 23:02:24.568918  2091 639 V thriller.txt: You're out of time 33
02-28 23:02:24.571507  2959 197 V vincent.txt: Colors changing hue 22
02-28 23:02:24.582873  8887 7 D someone_like_you.txt: I remember you said 43
02-28 23:02:24.594046  8887 507 V hello.txt: Hello from the outside (Outside) 45
02-28 23:02:24.605210  2091 3448 D beat_it.txt: Just beat it (Beat it) 17
02-28 23:02:24.611283  2091 8827 V billie_jean.txt:  49
02-28 23:02:24.614750  2091 9359 E send_me_angle.txt: Here I am 24
02-28 23:02:24.619198  2091 3448 D beat_it.txt: Just beat it (Beat it) 18
02-28 23:02:24.626353  8887 3965 V set_fire_to_the_rain.txt: Well, it burned while I cried 34
02-28 23:02:24.629739  2959 197 D vincent.txt: Morning fields of amber grain 23
02-28 23:02:24.640861  2091 8671 W zombie.txt: Du, du, du, du 20
02-28 23:02:24.644797  7931 4403 F Scarborough_Fair.txt: Then she'll be a true love of mine 13
02-28 23:02:24.654886  8887 7 D someone_like_you.txt: "Sometimes it lasts in love, but sometimes it hurts instead" 44
02-28 23:02:24.662738  5126 3914 V superman.txt: I'm here to save you, girl, come be in Shady's world 13
02-28 23:02:24.667720  7931 6831 V bridge_over_trouble_water.txt: Your time has come to shine 29 30
02-28 23:02:24.672869  5126 3914 V superman.txt: I wanna grow together, let's let our love unfurl 14
02-28 23:02:24.673175  8887 7 V someone_like_you.txt:  45
02-28 23:02:24.677125  5126 3914 V superman.txt: You know you want me, baby, you know I want you too 15
02-28 23:02:24.684748  5126 3914 D superman.txt: They call me Superman, I'm here to rescue you 16
02-28 23:02:24.685216  2091 8827 F billie_jean.txt: [Chorus] 50
02-28 23:02:24.692989  8887 3965 I set_fire_to_the_rain.txt: 'Cause I heard it screaming out your name 35
02-28 23:02:24.702975  2091 9487 V wind_of_change.txt: Like a storm wind that will ring the freedom bell 35
02-28 23:02:24.714382  2091 3448 V beat_it.txt: Just beat it (Beat it, uh) 19
02-28 23:02:24.724883  2091 639 D thriller.txt:  34
02-28 23:02:24.730817  8887 8399 D when_we_are_young.txt: We were scared of getting old 22
02-28 23:02:24.742042  2091 8671 D zombie.txt: Du, du, du, du 21
02-28 23:02:24.745843  2091 8827 V billie_jean.txt: Billie Jean is not my lover (Hoo!) 51
02-28 23:02:24.748998  5126 1989 W till_I_collapse.txt: Women are caught in webs spin and hock venom 11
02-28 23:02:24.754718  2091 639 V thriller.txt:  35
02-28 23:02:24.761257  7931 6831 D bridge_over_trouble_water.txt: All your dreams are on their way 30 31
02-28 23:02:24.772944  2091 6422 D still_loving_you.txt: The things that killed our love 41
02-28 23:02:24.776875  7931 6831 F bridge_over_trouble_water.txt: See how they shine 31 32
02-28 23:02:24.786467  2091 6483 V bad.txt: You know I'm bad, I'm bad (Bad, bad) 50
02-28 23:02:24.792319  8887 5826 I rolling_in_the_deep.txt: You played it 75
02-28 23:02:24.795806  8887 507 I hello.txt: At least I can say that I've tried (I've tried) 46
02-28 23:02:24.802201  7931 4403 D Scarborough_Fair.txt: (Sleeps unaware of the clarion call) 14
02-28 23:02:24.805432  8887 5826 V rolling_in_the_deep.txt: You played it to the beat i 76
02-28 23:02:24.815372  8887 7 I someone_like_you.txt: Never mind, I'll find someone like you 46
02-28 23:02:24.818446  5126 3914 F superman.txt: I wanna save you, girl, come be in Shady's world 17
02-28 23:02:24.823261  5126 3914 D superman.txt: (Oh boy, you drive me crazy) Bitch, you make me hurl 18
02-28 23:02:24.829907  5126 5611 V rap_god.txt: Still "Chunky but Funky" 195
02-28 23:02:24.834448  7931 6831 D bridge_over_trouble_water.txt: Oh, if you need a friend 32 33
02-28 23:02:24.835831  2091 8417 V heal_the_world.txt:  44
02-28 23:02:24.838654  5126 5611 I rap_god.txt: But in my head there's something 196
02-28 23:02:24.846681  5126 7394 I godzilla.txt: Bitch, I got them racks with so much ease that they call me Diddy 63
02-28 23:02:24.856383  8887 8399 D when_we_are_young.txt: It made us restless 23
02-28 23:02:24.866917  2091 9359 V send_me_angle.txt: Will you send me an angel? 25
02-28 23:02:24.872883  2091 8827 V billie_jean.txt: She's just a girl who claims that I am the one 52
02-28 23:02:24.875406  7931 4403 V Scarborough_Fair.txt:  15
02-28 23:02:24.878757  7931 6831 V bridge_over_trouble_water.txt: I'm sailing right behind 33 34
02-28 23:02:24.879398  7931 4403 D Scarborough_Fair.txt: Tell her to find me an acre of land 16
02-28 23:02:24.882439  5126 3914 F superman.txt:  19
02-28 23:02:24.892468  8887 5826 V rolling_in_the_deep.txt: There's a fire starting in my heart 1
02-28 23:02:24.899328  2091 6483 F bad.txt: You know it! (Really, really bad) 51
02-28 23:02:24.905963  2091 6422 V still_loving_you.txt: Your pride has built a wall, so strong 42
02-28 23:02:24.910776  2091 8671 V zombie.txt: Du, du, du, du 22
02-28 23:02:24.918922  2091 8417 V heal_the_world.txt: [Chorus] 45
02-28 23:02:24.929528  6467 8874 V san_guo.txt: 第五十三回　　关云长义释黄汉升　　孙仲谋大战张文远 53
02-28 23:02:24.939020  8887 3965 D set_fire_to_the_rain.txt: Your name 36
