02-28 23:02:14.586906  2091 8417 V heal_the_world.txt: Heal the world 87
02-28 23:02:14.597426  5126 22 V without_me.txt: Everybody only wants to discuss me 85
02-28 23:02:14.601940  8887 7 I someone_like_you.txt: Adele 2
02-28 23:02:14.606511  5126 3567 F lose_yourself.txt: Ope, there goes Rabbit, he choked 20
02-28 23:02:14.616766  2091 9859 V they_dont_care_about_us.txt: Primis Player Placeholder 30
02-28 23:02:14.623940  2091 6483 I bad.txt: So listen up, don't make a fight 38
02-28 23:02:14.635774  2091 8827 V billie_jean.txt: For forty days and for forty nights, the law was on her side 28
02-28 23:02:14.638039  8887 8399 V when_we_are_young.txt: To when you were there 51
02-28 23:02:14.645310  2091 9487 V wind_of_change.txt: Distant memories 19
02-28 23:02:14.655669  5126 3567 D lose_yourself.txt: He's so mad, but he won't give up that easy? No 21
02-28 23:02:14.664777  2091 8417 V heal_the_world.txt: Make it a better place 88
02-28 23:02:14.673594  2091 6483 D bad.txt: Your talk is cheap, you're not a man 39
02-28 23:02:14.679499  5126 1989 V till_I_collapse.txt: 'Til the roof comes off, till the lights go out 53
02-28 23:02:14.682209  8887 507 D hello.txt: Anymore 39
02-28 23:02:14.682651  6467 8874 W san_guo.txt: 第二十九回　　小霸王怒斩于吉　　　碧眼儿坐领江东 29
02-28 23:02:14.693387  5126 7394 I godzilla.txt: But my fist is balled back up against the wall, pencil drawn 35
02-28 23:02:14.704956  2091 3448 V beat_it.txt: No one wants to be defeated 38
02-28 23:02:14.716542  2091 639 D thriller.txt: Than any ghoul would ever dare try 74
02-28 23:02:14.727305  2091 8827 V billie_jean.txt: But who can stand when she's in demand? 29
02-28 23:02:14.733443  2959 197 W vincent.txt: Frameless heads on nameless walls 43
02-28 23:02:14.737103  8887 5826 D rolling_in_the_deep.txt: You had my heart inside of your hands 39
02-28 23:02:14.739688  2091 8827 V billie_jean.txt: Her schemes and plans 30
02-28 23:02:14.749129  2091 6483 D bad.txt: You're throwin' stones to hide your hands 40
02-28 23:02:14.758320  5126 22 V without_me.txt: So this must mean I'm disgusting 86
02-28 23:02:14.768252  2091 6422 I still_loving_you.txt: Is there really no chance 23
02-28 23:02:14.777496  2091 9487 V wind_of_change.txt: Are buried in the past, forever 20
02-28 23:02:14.781054  2091 6422 V still_loving_you.txt: To start once again 24
02-28 23:02:14.788271  8887 7 D someone_like_you.txt: I heard that you're settled down 3
02-28 23:02:14.794465  7931 4403 V Scarborough_Fair.txt: Parsley, sage, rosemary, and thyme 26
02-28 23:02:14.799669  2091 6483 D bad.txt:  41
02-28 23:02:14.802978  8887 7 D someone_like_you.txt: That you found a girl and you're married now 4
02-28 23:02:14.807653  2091 6483 D bad.txt: [Pre-Chorus 1] 42
02-28 23:02:14.815450  2091 6422 D still_loving_you.txt: I'm still loving you 25
02-28 23:02:14.823292  8887 507 V hello.txt: Hello from the other side (Other side) 40
02-28 23:02:14.826000  8887 3965 D set_fire_to_the_rain.txt: I can't help myself from looking for you 46
02-28 23:02:14.831458  2091 9359 V send_me_angle.txt: Here I am 41
02-28 23:02:14.837711  7931 4403 V Scarborough_Fair.txt: (Generals order their soldiers to kill) 27
02-28 23:02:14.845609  2091 8827 E billie_jean.txt: 'Cause we danced on the floor in the round, hee! 31
02-28 23:02:14.852875  2959 8932 D american_pie.txt: If the Bible tells you so? 24
02-28 23:02:14.859887  2959 197 D vincent.txt: With eyes that watch the world and can't forget 44
02-28 23:02:14.867165  2091 8827 F billie_jean.txt: So take my strong advice, just remember to always think twice 32
02-28 23:02:14.877986  8887 7 V someone_like_you.txt: I heard that your dreams came true 5
02-28 23:02:14.887355  2091 8417 D heal_the_world.txt: For you and for me and the entire human race 89
02-28 23:02:14.893190  5126 22 D without_me.txt: But it's just me I'm just obscene 87
02-28 23:02:14.903481  2091 3448 D beat_it.txt: Showin' how funky and strong is your fight 39
02-28 23:02:14.909359  5126 5611 V rap_god.txt: Call me NASCAR, NASCAR 102
02-28 23:02:14.916146  5126 5611 V rap_god.txt: Dale Earnhardt of the trailer park, the White Trash God 103
02-28 23:02:14.918651  2091 9487 V wind_of_change.txt: I follow the Moskva 21
02-28 23:02:14.922406  2091 8671 V zombie.txt: Zombie, zombie, zombie-ie-ie 15
02-28 23:02:14.922861  8887 8399 V when_we_are_young.txt:  52
02-28 23:02:14.931855  2091 8827 D billie_jean.txt: (Don't think twice) Do think twice! (A-hoo!) 33
02-28 23:02:14.937447  5126 1989 V till_I_collapse.txt: 'Til my legs give out, can't shut my mouth. 54
02-28 23:02:14.937892  5126 22 V without_me.txt: Though I'm not the first king of controversy 88
02-28 23:02:14.938583  8887 5826 V rolling_in_the_deep.txt: (You're gonna wish you never had met me) 40
02-28 23:02:14.940734  5126 3914 V superman.txt: Saturday through Sunday, Monday 88
02-28 23:02:14.945186  2091 6483 V bad.txt: Well, they say the sky's the limit 43
02-28 23:02:14.952897  5126 3914 V superman.txt: Monday through Sunday, yo 89
02-28 23:02:14.961308  8887 507 D hello.txt:  41
02-28 23:02:14.966276  2091 8417 I heal_the_world.txt: There are people dying 90
02-28 23:02:14.967888  2091 8417 V heal_the_world.txt: If you care enough for the living 91
02-28 23:02:14.972954  2091 9359 D send_me_angle.txt: Will you send me an angel? 42
02-28 23:02:14.976952  2091 9487 D wind_of_change.txt: Down to Gorky Park 22
02-28 23:02:14.978287  2091 8827 V billie_jean.txt: She told my baby we'd danced till three, then she looked at me 34
02-28 23:02:14.986809  2091 3448 V beat_it.txt: It doesn't matter who's wrong or right 40
02-28 23:02:14.997200  2091 6422 V still_loving_you.txt: Primis Player Placeholder 26
02-28 23:02:14.999156  7931 4403 V Scarborough_Fair.txt: And gather it all in a bunch of heather 28
02-28 23:02:15.002307  8887 7 V someone_like_you.txt: Guess she gave you things, I didn't give to you 6
02-28 23:02:15.002993  8887 507 V hello.txt: I must've called a thousand times (Thousand times) 42
02-28 23:02:15.006024  2091 8827 D billie_jean.txt: Then showed a photo of a baby cryin', his eyes were like mine (Oh, no) 35
02-28 23:02:15.011785  5126 5611 D rap_god.txt: Kneel before General Zod 104
02-28 23:02:15.016987  8887 7 D someone_like_you.txt: Old friend, why are you so shy? 7
02-28 23:02:15.019719  8887 507 V hello.txt: To tell you I'm sorry for everything that I've done 43
02-28 23:02:15.028416  2959 197 V vincent.txt: Like the strangers that you've met 45
02-28 23:02:15.029111  2091 8671 D zombie.txt: What's in your head, in your head? 16
02-28 23:02:15.035499  5126 5611 D rap_god.txt: This planet's Krypton―no, Asgard, Asgard 105
02-28 23:02:15.043406  5126 3914 V superman.txt: Maybe I'll love you one day 90
02-28 23:02:15.048167  7931 4403 D Scarborough_Fair.txt: (A cause they've long ago forgotten) 29
02-28 23:02:15.049106  5126 1989 F till_I_collapse.txt: 'Til the smoke clears out and my high perhaps 55
02-28 23:02:15.058298  7931 4403 E Scarborough_Fair.txt: Then she'll be a true love of mine 30
02-28 23:02:15.066152  2091 3448 D beat_it.txt: Just beat it (Beat it, beat it, beat it) 41
02-28 23:02:15.074860  5126 7394 D godzilla.txt: This is just the song to go ballistic on 36
02-28 23:02:15.075057  2091 3448 V beat_it.txt: Beat it (Beat it, beat it, ha, ha, ha, ha) 42
02-28 23:02:15.080357  2091 9359 V send_me_angle.txt: Here I am 43
02-28 23:02:15.092133  8887 7 V someone_like_you.txt: Ain't like you to hold back or hide from the light 8
02-28 23:02:15.093083  7931 6831 W bridge_over_trouble_water.txt: When evening falls so hard 17 18
02-28 23:02:15.094430  2091 9487 V wind_of_change.txt: Listening to the wind of change 23
02-28 23:02:15.099701  2091 9859 W they_dont_care_about_us.txt:  31
02-28 23:02:15.100280  2091 6422 D still_loving_you.txt:  A Vocal Coach Reacts To Lil Tjay's Melodies | Genius News 27
02-28 23:02:15.111250  5126 3914 V superman.txt: Maybe we'll someday grow 91
02-28 23:02:15.112603  8887 7 D someone_like_you.txt:  9
02-28 23:02:15.120456  2959 197 V vincent.txt: The ragged men in ragged clothes 46
02-28 23:02:15.121375  2091 9487 V wind_of_change.txt: Take me to the magic of the moment 24
02-28 23:02:15.122797  2091 8417 V heal_the_world.txt: Make a better place for you and for me 92
02-28 23:02:15.133565  2091 9359 I send_me_angle.txt: In the land of the morning star! 44
02-28 23:02:15.135586  2091 6422 V still_loving_you.txt:  28
02-28 23:02:15.138093  7931 6300 D mrs_robinson.txt: And here's to you, Mrs. Robinson 3
02-28 23:02:15.140156  8887 7 W someone_like_you.txt: I hate to turn up out of the blue, uninvited 10
02-28 23:02:15.145917  8887 7 W someone_like_you.txt: But I couldn't stay away, I couldn't fight it 11
02-28 23:02:15.154238  2091 639 D thriller.txt: (Ooh, ooh) 75
02-28 23:02:15.165665  5126 7394 V godzilla.txt: You just pulled a pistol on the guy with the missile launcher 37
02-28 23:02:15.172998  8887 8399 D when_we_are_young.txt: And a part of me keeps holding on 53
02-28 23:02:15.183902  8887 7 D someone_like_you.txt: I had hoped you'd see my face 12
02-28 23:02:15.184035  5126 5611 D rap_god.txt: So you'll be Thor, I'll be Odin 106
02-28 23:02:15.192003  5126 3914 D superman.txt: 'Til then just sit your drunk ass on that fuckin' runway, ho 92
02-28 23:02:15.193695  8887 7 V someone_like_you.txt: And that you'd be reminded that for me, it isn't over 13
02-28 23:02:15.201933  2091 6483 D bad.txt: And to me, that's really true 44
02-28 23:02:15.206824  2091 9487 D wind_of_change.txt: On a glory night 25
02-28 23:02:15.214702  2091 639 V thriller.txt: Thriller, thriller night 76
02-28 23:02:15.224382  2091 639 V thriller.txt: So let me hold you tight 77
02-28 23:02:15.230024  8887 7 V someone_like_you.txt:  14
02-28 23:02:15.235656  2091 9487 V wind_of_change.txt: Where the children of tomorrow share their dreams 26
02-28 23:02:15.241864  5126 5611 V rap_god.txt: You rodent, I'm omnipotent 107
02-28 23:02:15.250380  5126 22 D without_me.txt: I am the worst thing since Elvis Presley 89
02-28 23:02:15.261496  5126 5611 V rap_god.txt: Let off, then I'm reloadin' 108
02-28 23:02:15.262522  2091 8671 V zombie.txt: Zombie, zombie, zombie-ie-ie-ie, oh 17
02-28 23:02:15.265521  6467 9869 V xi_you.txt: 第十一回 游地府太宗还魂 进瓜果刘全续配 11
02-28 23:02:15.273505  5126 5611 D rap_god.txt: Immediately with these bombs, I'm totin' 109
02-28 23:02:15.275721  2091 9359 V send_me_angle.txt: Here I am 45
02-28 23:02:15.276965  5126 3914 V superman.txt:  93
02-28 23:02:15.287045  2091 8417 D heal_the_world.txt: Heal the world (Heal the world) 93
02-28 23:02:15.291789  5126 5611 E rap_god.txt: And I should not be woken 110
02-28 23:02:15.295520  5126 1989 D till_I_collapse.txt: I'm a rip this shit till my bone collapse. 56
02-28 23:02:15.306354  2959 197 V vincent.txt: The silver thorn of bloody rose 47
02-28 23:02:15.311526  2091 639 V thriller.txt: And share a killer, thriller 78
02-28 23:02:15.318794  2091 8671 D zombie.txt:  18
02-28 23:02:15.328105  2091 9359 D send_me_angle.txt: Will you send me an angel? 46
02-28 23:02:15.328178  2959 197 V vincent.txt: Lie crushed and broken on the virgin snow 48
02-28 23:02:15.330350  5126 5611 D rap_god.txt: I'm the walkin' dead, but I'm just a talkin' head 111
02-28 23:02:15.341141  2091 9487 D wind_of_change.txt: With you and me 27
02-28 23:02:15.344212  2091 6483 D bad.txt: But my friend, you have seen nothing 45
02-28 23:02:15.352969  2091 6422 V still_loving_you.txt: [Verse 2] 29
02-28 23:02:15.354153  8887 7 D someone_like_you.txt: Never mind, I'll find someone like you 15
02-28 23:02:15.364270  2091 8671 D zombie.txt: [Post-Chorus] 19
02-28 23:02:15.373157  8887 507 D hello.txt: But when I call, you never seem to be home 44
02-28 23:02:15.377118  2091 8417 D heal_the_world.txt: Make it a better place 94
02-28 23:02:15.381380  8887 5826 V rolling_in_the_deep.txt: And you played it to the beat 41
02-28 23:02:15.383563  2091 9359 V send_me_angle.txt: Here I am 47
02-28 23:02:15.384616  2091 9359 D send_me_angle.txt: In the land of the morning star! 48
02-28 23:02:15.395940  7931 6831 F bridge_over_trouble_water.txt: I will comfort you 18 19
02-28 23:02:15.405859  2091 9359 I send_me_angle.txt: Here I am 49
02-28 23:02:15.411896  2091 9359 D send_me_angle.txt: Will you send me an angel? 50
02-28 23:02:15.422733  5126 7394 D godzilla.txt: I'm just a Loch Ness, the mythological 38
02-28 23:02:15.434072  2091 6483 D bad.txt: Just wait 'til I get through! 46
02-28 23:02:15.444483  2091 8827 V billie_jean.txt: 'Cause we danced on the floor in the round, baby 36
02-28 23:02:15.451974  2091 9859 D they_dont_care_about_us.txt:  A Vocal Coach Reacts To Lil Tjay's Melodies | Genius News 32
02-28 23:02:15.453250  2091 8417 V heal_the_world.txt: For you and for me and the entire human race 95
02-28 23:02:15.458626  2091 8671 W zombie.txt: Du, du, du, du 20
02-28 23:02:15.462712  2091 6483 V bad.txt:  47
02-28 23:02:15.464946  5126 5611 D rap_god.txt: A zombie floatin' 112
02-28 23:02:15.468263  8887 7 V someone_like_you.txt: I wish nothing but the best for you, too 16
02-28 23:02:15.478924  2091 8671 D zombie.txt: Du, du, du, du 21
02-28 23:02:15.483971  5126 5611 V rap_god.txt:  113
02-28 23:02:15.490788  5126 3914 V superman.txt: [Chorus: Eminem] 94
02-28 23:02:15.501659  5126 5611 W rap_god.txt: But I got your mom deep-throatin' 114
02-28 23:02:15.501930  2091 639 V thriller.txt: I'm gonna thrill you tonight 79
02-28 23:02:15.512249  8887 507 V hello.txt: Hello from the outside (Outside) 45
02-28 23:02:15.522206  8887 3965 V set_fire_to_the_rain.txt: I set fire to the rain 47
02-28 23:02:15.524725  5126 3914 I superman.txt: ‘Cause I can't be your Superman, can't be your Superman 95
02-28 23:02:15.531817  7931 4403 D Scarborough_Fair.txt: Are you going to Scarborough Fair? 31
02-28 23:02:15.542558  8887 8399 D when_we_are_young.txt: Just in case it hasn't gone 54
02-28 23:02:15.551821  2091 8671 V zombie.txt: Du, du, du, du 22
02-28 23:02:15.552270  5126 1989 D till_I_collapse.txt: Soon as a verse starts I eat at an MC's heart 57
02-28 23:02:15.555250  2091 8827 V billie_jean.txt: (Ooh, hee-hee-hee) 37
02-28 23:02:15.559463  7931 4403 V Scarborough_Fair.txt: Parsley, sage, rosemary, and thyme 32
02-28 23:02:15.570502  2091 8417 V heal_the_world.txt: There are people dying 96
02-28 23:02:15.572993  2091 8827 D billie_jean.txt: Hee! 38
02-28 23:02:15.583790  2091 6483 V bad.txt: [Chorus] 48
02-28 23:02:15.587618  2959 197 D vincent.txt: Now, I think I know what you tried to say to me 49
02-28 23:02:15.591004  2091 639 V thriller.txt:  80
02-28 23:02:15.594359  5126 3567 V lose_yourself.txt: He won't have it, he knows his whole back's to these ropes 22
02-28 23:02:15.601403  5126 3914 V superman.txt: Can't be your Superman, can't be your Superman 96
02-28 23:02:15.607736  2091 6483 V bad.txt: Because I'm bad, I'm bad! Shamone! (Bad, bad, really, really bad) 49
02-28 23:02:15.619521  2091 6422 V still_loving_you.txt: Try, baby, try 30
02-28 23:02:15.627552  8887 7 D someone_like_you.txt: "Don't forget me, " I beg 17
02-28 23:02:15.627763  5126 3914 V superman.txt: I can't be your Superman, can't be your Superman 97
02-28 23:02:15.631926  2091 8827 V billie_jean.txt: Hoo! 39
02-28 23:02:15.636263  2091 6422 W still_loving_you.txt: To trust in my love again 31
02-28 23:02:15.641416  5126 3914 V superman.txt: Can't be your Superman, your Superman, your Superman 98
02-28 23:02:15.647663  5126 3914 D superman.txt: ‘Cause I can't be your Superman, can't be your Superman 99
02-28 23:02:15.656621  6467 8874 D san_guo.txt: 第三十回　　　战官渡本初败绩　　　劫乌巢孟德烧粮 30
02-28 23:02:15.660857  2959 197 D vincent.txt: How you suffered for your sanity 50
02-28 23:02:15.665124  2091 6483 V bad.txt: You know I'm bad, I'm bad (Bad, bad) 50
02-28 23:02:15.671730  2091 3448 V beat_it.txt: Beat it (Beat it, beat it) 43
02-28 23:02:15.681868  8887 3965 V set_fire_to_the_rain.txt: Watched it pour as I touch your face 48
02-28 23:02:15.691719  7931 6831 V bridge_over_trouble_water.txt: I'll take your part 19 20
02-28 23:02:15.694338  2091 3448 D beat_it.txt: Beat it (Beat it, beat it) 44
02-28 23:02:15.698563  8887 507 I hello.txt: At least I can say that I've tried (I've tried) 46
02-28 23:02:15.709694  5126 22 I without_me.txt: To do black music so selfishly 90
02-28 23:02:15.720985  7931 4403 V Scarborough_Fair.txt: Remember me to one who lives there 33
02-28 23:02:15.723775  2091 8827 V billie_jean.txt:  40
02-28 23:02:15.734186  8887 5826 D rolling_in_the_deep.txt: (Tears are gonna fall, rolling in the deep) 42
02-28 23:02:15.740425  2091 9487 D wind_of_change.txt: Take me to the magic of the moment 28
02-28 23:02:15.751036  5126 3914 D superman.txt: Can't be your Superman, can't be your Superman 100
02-28 23:02:15.760790  5126 22 E without_me.txt: And use it to get myself wealthy 91
02-28 23:02:15.764984  5126 22 F without_me.txt: Hey, there's a concept that works 92
02-28 23:02:15.770603  2091 6422 V still_loving_you.txt: I will be there, I will be there 32
02-28 23:02:15.776600  2091 8417 D heal_the_world.txt: If you care enough for the living 97
02-28 23:02:15.782366  8887 3965 I set_fire_to_the_rain.txt: Well, it burned while I cried 49
02-28 23:02:15.791858  2091 6422 V still_loving_you.txt: Love, our love 33
02-28 23:02:15.798721  5126 7394 D godzilla.txt: Quick to tell a bitch screw off like a fifth of Vodka 39
02-28 23:02:15.806658  2959 197 D vincent.txt: How you tried to set them free 51
02-28 23:02:15.814470  8887 8399 V when_we_are_young.txt: I guess I still care 55
02-28 23:02:15.823038  2091 9487 V wind_of_change.txt: On a glory night 29
02-28 23:02:15.829230  2091 9859 V they_dont_care_about_us.txt:  33
02-28 23:02:15.838499  2091 9487 D wind_of_change.txt: Where the children of tomorrow dream away 30
02-28 23:02:15.843922  2959 197 V vincent.txt: They would not listen, they're not listening still 52
02-28 23:02:15.844563  2091 6483 F bad.txt: You know it! (Really, really bad) 51
02-28 23:02:15.847495  5126 3914 W superman.txt: I can't be your Superman, can't be your Superman 101
02-28 23:02:15.848415  2091 9487 V wind_of_change.txt: In the wind of change 31
02-28 23:02:15.853331  8887 3965 V set_fire_to_the_rain.txt: 'Cause I heard it screaming out your name 50
02-28 23:02:15.858412  8887 3965 D set_fire_to_the_rain.txt: Your name 51
02-28 23:02:15.864765  5126 22 V without_me.txt: Twenty million other white rappers emerge 93
02-28 23:02:15.865701  5126 7394 V godzilla.txt: When you twist the top of the bottle, I'm a 40
02-28 23:02:15.874518  2091 6483 V bad.txt: You know I'm bad, I'm bad! Shamone! (Bad, bad) 52
02-28 23:02:15.886353  5126 5611 D rap_god.txt: I'm out my Ramen Noodle 115
02-28 23:02:15.886877  2091 639 D thriller.txt: [Outro: Vincent Price & Michael Jackson] 81
02-28 23:02:15.890069  2959 197 V vincent.txt: Perhaps they never wil 53
02-28 23:02:15.896612  2091 9487 V wind_of_change.txt:  32
02-28 23:02:15.905523  5126 22 V without_me.txt: But no matter how many fish in the sea 94
02-28 23:02:15.911899  8887 3965 V set_fire_to_the_rain.txt:  52
02-28 23:02:15.915815  2091 8671 D zombie.txt: Du, du, du, du 23
02-28 23:02:15.927148  2091 6422 D still_loving_you.txt: Just shouldn't be thrown away 34
02-28 23:02:15.934950  8887 7 V someone_like_you.txt: I remember you said 18
02-28 23:02:15.939380  8887 507 V hello.txt: To tell you I'm sorry for breaking your heart 47
02-28 23:02:15.950026  5126 22 V without_me.txt: It will be so empty without me 95
02-28 23:02:15.950450  2091 6422 D still_loving_you.txt: I will be there, I will be there 35
02-28 23:02:15.953695  7931 4403 I Scarborough_Fair.txt: She once was a true love of min 34
02-28 23:02:15.960436  7931 4403 V Scarborough_Fair.txt: Scarborough Fair/Canticle 1
02-28 23:02:15.964448  2091 8671 V zombie.txt:  24
02-28 23:02:15.968271  5126 3567 W lose_yourself.txt: It don't matter, he's dope, he knows that, but he's broke 23
02-28 23:02:15.978221  5126 1989 D till_I_collapse.txt: What is he thinking? Enough to not go against me, smart 58
02-28 23:02:15.987711  5126 5611 D rap_god.txt: We have nothin' in common, poodle 116
02-28 23:02:15.998345  8887 8399 V when_we_are_young.txt: Do you still care? 56
02-28 23:02:16.009239  2091 8827 D billie_jean.txt: [Pre-Chorus] 41
02-28 23:02:16.010604  8887 7 V someone_like_you.txt: "Sometimes it lasts in love, but sometimes it hurts instead" 19
02-28 23:02:16.019245  8887 507 V hello.txt: But it don't matter, it clearly doesn't tear you apart anymor 48
02-28 23:02:16.030339  2959 197 D vincent.txt: Vincent 1
02-28 23:02:16.034590  8887 3965 D set_fire_to_the_rain.txt: I set fire to the rain 53
02-28 23:02:16.045786  2959 197 V vincent.txt: Don McLean 2
02-28 23:02:16.047462  7931 4403 V Scarborough_Fair.txt: Simon & Garfunkel 2
02-28 23:02:16.049633  2091 639 V thriller.txt: Darkness falls across the land 82
02-28 23:02:16.055420  8887 7 D someone_like_you.txt: "Sometimes it lasts in love, but sometimes it hurts instead" 20
02-28 23:02:16.055768  5126 22 I without_me.txt: Now this looks like a job for me 96
02-28 23:02:16.067651  8887 3965 V set_fire_to_the_rain.txt: And I threw us into the flames 54
02-28 23:02:16.070157  2091 9359 V send_me_angle.txt: Here I am 51
02-28 23:02:16.079630  5126 3914 D superman.txt: Can't be your Superman, your Superman, your Superman 102
02-28 23:02:16.091251  7931 4403 D Scarborough_Fair.txt: Are you going to Scarborough Fair? 3
02-28 23:02:16.101495  7931 6831 D bridge_over_trouble_water.txt: Oh, when darkness comes 20 21
02-28 23:02:16.108604  5126 3914 V superman.txt:  103
02-28 23:02:16.114714  2091 639 D thriller.txt: The midnight hour is close at hand 83
02-28 23:02:16.119508  8887 5826 D rolling_in_the_deep.txt: Could have had it all 43
02-28 23:02:16.131483  2091 6422 V still_loving_you.txt:  36
02-28 23:02:16.135086  2091 6483 D bad.txt: You know! (Really, really bad) 53
02-28 23:02:16.144731  2091 8417 D heal_the_world.txt: Make a better place for you and for me 98
02-28 23:02:16.148937  7931 6831 I bridge_over_trouble_water.txt: And pain is all around 21 22
02-28 23:02:16.150459  2091 639 I thriller.txt: Creatures crawl in search of blood 84
02-28 23:02:16.158011  8887 507 V hello.txt: Hello, it's me 1
02-28 23:02:16.165664  2091 6422 D still_loving_you.txt: [Chorus] 37
02-28 23:02:16.167801  5126 3567 D lose_yourself.txt: He's so stagnant, he knows, when he goes back to this mobile home, that's when it's 24
02-28 23:02:16.173500  5126 5611 V rap_god.txt: I'm a Doberman, pinch yourself in the arm 117
02-28 23:02:16.173870  8887 8399 D when_we_are_young.txt: It was just like a movie 57
02-28 23:02:16.184056  2091 8827 V billie_jean.txt: People always told me, "Be careful of what you do 42
02-28 23:02:16.192857  8887 7 D someone_like_you.txt:  21
02-28 23:02:16.201901  8887 3965 V set_fire_to_the_rain.txt: When we fell, something died 55
02-28 23:02:16.212168  2091 6422 D still_loving_you.txt: If we'd go again 38
02-28 23:02:16.219916  5126 22 D without_me.txt: So everybody just follow me 97
02-28 23:02:16.225230  2091 8827 V billie_jean.txt: And don't go around breakin' young girls' hearts" 43
02-28 23:02:16.227813  8887 507 I hello.txt: I was wondering if after all these years you'd like to meet 2
02-28 23:02:16.239318  5126 22 W without_me.txt: 'Cause we need a little controversy 98
02-28 23:02:16.243407  5126 5611 D rap_god.txt: And pay homage, pupil 118
02-28 23:02:16.248094  7931 6831 D bridge_over_trouble_water.txt:  22 23
02-28 23:02:16.255082  5126 22 V without_me.txt: 'Cause it feels so empty without me 99
02-28 23:02:16.266527  8887 3965 D set_fire_to_the_rain.txt: 'Cause I knew that that was the last time 56
02-28 23:02:16.276971  5126 3914 V superman.txt: [Refrain: Eminem (& Dina Rae)] 104
02-28 23:02:16.278968  7931 6831 V bridge_over_trouble_water.txt: Like a bridge over troubled water 23 24
02-28 23:02:16.289558  2091 9359 F send_me_angle.txt: In the land of the morning star! 52
02-28 23:02:16.291673  8887 8399 D when_we_are_young.txt: It was just like a song 58
02-28 23:02:16.295543  2091 639 D thriller.txt: To terrorize y'all's neighborhood 85
02-28 23:02:16.295971  2091 8827 V billie_jean.txt: (Don't break no hearts!) (Hee-hee) 44
02-28 23:02:16.302258  5126 22 V without_me.txt: I said, this looks like a job for me 100
02-28 23:02:16.305037  2091 8417 V heal_the_world.txt:  99
02-28 23:02:16.311930  8887 8399 V when_we_are_young.txt: My God, this reminds me 59
02-28 23:02:16.313113  5126 5611 D rap_god.txt: It's me, my honesty's brutal 119
02-28 23:02:16.317784  2091 8671 V zombie.txt: [Verse 2] 25
02-28 23:02:16.328963  2091 8417 W heal_the_world.txt:  100
02-28 23:02:16.336054  2091 9859 V they_dont_care_about_us.txt: [Post-Chorus] 34
02-28 23:02:16.346465  5126 5611 D rap_god.txt: But it's honestly futile if I don't 120
02-28 23:02:16.356111  5126 5611 F rap_god.txt: Utilize what I do though 121
02-28 23:02:16.361045  8887 507 V hello.txt: To go over everything 3
02-28 23:02:16.365970  2091 8827 V billie_jean.txt: But she came and stood right by me 45
02-28 23:02:16.368925  7931 6831 V bridge_over_trouble_water.txt: I will lay me down 24 25
02-28 23:02:16.371279  2091 3448 I beat_it.txt: Beat it (Beat it, beat it) 45
02-28 23:02:16.376037  7931 6831 D bridge_over_trouble_water.txt: Like a bridge over troubled water 25 26
02-28 23:02:16.380436  5126 5611 D rap_god.txt: For good at least once in a while 122
02-28 23:02:16.391417  8887 3965 D set_fire_to_the_rain.txt: The last time, oh 57
02-28 23:02:16.401971  8887 507 D hello.txt: They say that time's supposed to heal ya 4
02-28 23:02:16.407854  8887 8399 D when_we_are_young.txt: Of when we were young 60
02-28 23:02:16.410902  5126 22 V without_me.txt: So everybody just follow me 101
02-28 23:02:16.420410  2091 9859 D they_dont_care_about_us.txt: Tell me, what has become of my life? 35
02-28 23:02:16.423862  5126 22 D without_me.txt: 'Cause we need a little controversy 102
02-28 23:02:16.431388  2091 8417 V heal_the_world.txt: [Post-Chorus] 101
02-28 23:02:16.443056  8887 7 D someone_like_you.txt: You know how the time flies 22
02-28 23:02:16.448257  2091 6483 D bad.txt: And the whole world has to answer right now 54
02-28 23:02:16.458698  2091 8417 V heal_the_world.txt: There are people dying 102
02-28 23:02:16.466631  2091 639 V thriller.txt: I'm gonna thrill you tonight 86
02-28 23:02:16.474362  8887 7 V someone_like_you.txt: Only yesterday was the time of our lives 23
02-28 23:02:16.479982  7931 6831 V bridge_over_trouble_water.txt: I will lay me down 26 27
02-28 23:02:16.486939  5126 1989 D till_I_collapse.txt: And its absurd how people hang on every word 59
02-28 23:02:16.490554  2091 9359 D send_me_angle.txt: Here I am 53
02-28 23:02:16.498198  2959 197 D vincent.txt: Starry, starry night 3
02-28 23:02:16.510164  2091 6422 D still_loving_you.txt: All the way from the start 39
02-28 23:02:16.521971  8887 7 D someone_like_you.txt: We were born and raised in a summer haze 24
02-28 23:02:16.526875  7931 6831 V bridge_over_trouble_water.txt: Sail on silver girl 27 28
02-28 23:02:16.531923  8887 7 E someone_like_you.txt: Bound by the surprise of our glory days 25
02-28 23:02:16.533524  5126 22 D without_me.txt: 'Cause it feels so empty without m 103
02-28 23:02:16.536493  6467 8874 V san_guo.txt: 第三十一回　　曹操仓亭破本初　　　玄德荆州依刘表 31
02-28 23:02:16.538369  8887 3965 V set_fire_to_the_rain.txt: Oh, no 58
02-28 23:02:16.542681  2091 639 I thriller.txt: And whosoever shall be found 87
02-28 23:02:16.551990  2091 9359 D send_me_angle.txt: Will you send me an angel? 54
02-28 23:02:16.559895  2959 197 V vincent.txt: Paint your palette blue and gray 4
02-28 23:02:16.570557  7931 6831 V bridge_over_trouble_water.txt: Sail on by 28 29
02-28 23:02:16.580750  2091 8417 V heal_the_world.txt: If you care enough for the living 103
02-28 23:02:16.581462  2091 639 V thriller.txt: Without the soul for getting down 88
02-28 23:02:16.589870  8887 3965 D set_fire_to_the_rain.txt: Let it burn, oh-oh-oh 59
02-28 23:02:16.591891  2091 8827 V billie_jean.txt: Then the smell of sweet perfume (Ha-oh) 46
02-28 23:02:16.596864  2091 639 V thriller.txt: Must stand and face the hounds of hell 89
02-28 23:02:16.601330  2091 9295 D always_somewhere.txt: Always somewhere 17
02-28 23:02:16.608792  7931 6831 V bridge_over_trouble_water.txt: Your time has come to shine 29 30
02-28 23:02:16.617254  8887 3965 V set_fire_to_the_rain.txt: Let it burn 60
02-28 23:02:16.619116  2091 9859 V they_dont_care_about_us.txt: I have a wife and two children who love me 36
02-28 23:02:16.619758  2091 8827 I billie_jean.txt: This happened much too soon (Ha-oh, ha-ooh) 47
02-28 23:02:16.624920  2091 639 E thriller.txt: And rot inside a corpse's shell 90
02-28 23:02:16.626174  5126 22 V without_me.txt: Obie Trice 1
02-28 23:02:16.631082  2091 6483 V bad.txt: Just to tell you once again: Who's bad? 55
02-28 23:02:16.640345  2091 9487 D wind_of_change.txt: The wind of change 33
02-28 23:02:16.650576  2091 9359 V send_me_angle.txt: Here I am 55
02-28 23:02:16.650823  7931 4403 F Scarborough_Fair.txt: Parsley, sage, rosemary, and thyme 4
02-28 23:02:16.656811  2091 6483 V bad.txt:  56
02-28 23:02:16.665410  2091 9359 D send_me_angle.txt: In the land of the morning star 56
02-28 23:02:16.673043  2091 8827 V billie_jean.txt: She called me to her room (Ha-oh, hoo!) 48
02-28 23:02:16.673910  5126 22 V without_me.txt: Real name no gimmicks 2
02-28 23:02:16.676194  5126 7394 V godzilla.txt: Monster 41
02-28 23:02:16.680094  2091 8417 D heal_the_world.txt: Make a better place for you and for me 104
02-28 23:02:16.680916  5126 5611 D rap_god.txt: So I wanna make sure somewhere in this 123
02-28 23:02:16.685159  8887 5826 E rolling_in_the_deep.txt: Rolling in the deep 44
02-28 23:02:16.694016  2091 9859 D they_dont_care_about_us.txt: I am the victim of police brutality, now 37
02-28 23:02:16.696008  2091 8827 V billie_jean.txt:  49
02-28 23:02:16.702279  2091 9487 V wind_of_change.txt: Blows straight into the face of time 34
02-28 23:02:16.706054  5126 22 I without_me.txt: Two trailer park girls go round the outside 3
02-28 23:02:16.712192  2959 197 D vincent.txt: Look out on a summer's day 5
02-28 23:02:16.715757  5126 1989 W till_I_collapse.txt: I'll probably never get the props I feel I ever deserve 60
02-28 23:02:16.725739  8887 8399 D when_we_are_young.txt: When we were young 61
02-28 23:02:16.725948  2091 6422 V still_loving_you.txt: I would try to change 40
02-28 23:02:16.729522  5126 22 W without_me.txt: Round the outside, round the outside 4
02-28 23:02:16.732971  2959 8932 V american_pie.txt: Now, do you believe in rock 'n' roll 25
02-28 23:02:16.739556  2091 6483 D bad.txt: [Organ Solo] 57
02-28 23:02:16.746344  8887 7 V someone_like_you.txt: I hate to turn up out of the blue, uninvited 26
02-28 23:02:16.750772  5126 22 D without_me.txt: Two trailer park girls go round the outside 5
02-28 23:02:16.757920  2091 8827 F billie_jean.txt: [Chorus] 50
02-28 23:02:16.764662  8887 5826 D rolling_in_the_deep.txt: You had my heart inside of your hands 45
02-28 23:02:16.767966  8887 7 D someone_like_you.txt: But I couldn't stay away, I couldn't fight it 27
02-28 23:02:16.777129  5126 1989 V till_I_collapse.txt: But I'll never be served my spot is forever reserved 61
02-28 23:02:16.781802  2091 9859 D they_dont_care_about_us.txt: I'm tired of being the victim of hate 38
02-28 23:02:16.791027  2091 6422 D still_loving_you.txt: The things that killed our love 41
02-28 23:02:16.794721  2091 8417 V heal_the_world.txt: There are people dying 105
02-28 23:02:16.805472  7931 6831 D bridge_over_trouble_water.txt: All your dreams are on their way 30 31
02-28 23:02:16.815394  2091 8827 V billie_jean.txt: Billie Jean is not my lover (Hoo!) 51
02-28 23:02:16.826780  2959 197 D vincent.txt: With eyes that know the darkness in my soul 6
02-28 23:02:16.827839  2959 197 V vincent.txt: Shadows on the hills 7
02-28 23:02:16.834744  2091 8827 V billie_jean.txt: She's just a girl who claims that I am the one 52
02-28 23:02:16.845534  8887 7 V someone_like_you.txt: I had hoped you'd see my face 28
02-28 23:02:16.847228  5126 5611 E rap_god.txt: Chicken scratch I scribble and doodle enough rhymes 124
02-28 23:02:16.854041  2091 6422 V still_loving_you.txt: Your pride has built a wall, so strong 42
02-28 23:02:16.855135  2091 8827 V billie_jean.txt: But the kid is not my son 53
02-28 23:02:16.864465  2091 639 V thriller.txt: I'm gonna thrill you tonight 91
02-28 23:02:16.867816  2091 6483 V bad.txt:  58
02-28 23:02:16.872975  2091 6422 D still_loving_you.txt: That I can't get through 43
02-28 23:02:16.884385  2959 197 V vincent.txt: Sketch the trees and the daffodils 8
02-28 23:02:16.895219  2091 8417 D heal_the_world.txt: If you care enough for the living 106
02-28 23:02:16.906223  2091 6422 V still_loving_you.txt: Is there really no chance 44
02-28 23:02:16.908431  2091 8827 D billie_jean.txt: No-no-no, no-no-no-no-no-no (Hoo!) 54
02-28 23:02:16.916530  2959 197 D vincent.txt: Catch the breeze and the winter chills 9
02-28 23:02:16.921198  2091 6422 I still_loving_you.txt: To start once again 45
02-28 23:02:16.931079  2091 9487 V wind_of_change.txt: Like a storm wind that will ring the freedom bell 35
02-28 23:02:16.934434  5126 3914 D superman.txt: 'Cause I know you want me, baby, I think I want you too 105
02-28 23:02:16.938966  8887 7 V someone_like_you.txt: And that you'd be reminded that for me, it isn't over 29
02-28 23:02:16.941243  2091 8827 I billie_jean.txt: Billie Jean is not my lover 55
02-28 23:02:16.951446  2091 8417 D heal_the_world.txt: Make a better place for you and for me 107
02-28 23:02:16.952998  8887 7 D someone_like_you.txt:  30
02-28 23:02:16.962750  2091 6483 D bad.txt: [Pre-Chorus 2] 59
02-28 23:02:16.964496  6467 8874 V san_guo.txt: 第三十二回　　夺冀州袁尚争锋　　　决漳河许攸献计 32
02-28 23:02:16.970341  2091 9359 D send_me_angle.txt: Verse 1] 1
02-28 23:02:16.979035  2091 6483 D bad.txt: We can change the world tomorrow 60
02-28 23:02:16.990739  8887 5826 V rolling_in_the_deep.txt: But you played it with a beating 46
02-28 23:02:17.001648  5126 1989 D till_I_collapse.txt: If I ever leave earth that would be the death of me first 62
02-28 23:02:17.002306  2091 3448 V beat_it.txt:  46
02-28 23:02:17.008002  2091 9859 W they_dont_care_about_us.txt: You're ripping me of my pride, oh, for God's sake 39
02-28 23:02:17.008109  2091 9359 V send_me_angle.txt: Wise man said just walk this way 2
02-28 23:02:17.009427  7931 6831 F bridge_over_trouble_water.txt: See how they shine 31 32
02-28 23:02:17.016540  2091 3448 D beat_it.txt: [Guitar Solo] 47
02-28 23:02:17.017377  2091 6483 D bad.txt: This could be a better place 61
02-28 23:02:17.027588  5126 1989 V till_I_collapse.txt: 'Cause in my heart of hearts I know nothing could ever be worse 63
02-28 23:02:17.028138  2091 9859 V they_dont_care_about_us.txt: I look to heaven to fulfill its prophecy, set me free 40
02-28 23:02:17.039654  6467 8874 D san_guo.txt: 第三十三回　　曹丕乘乱纳甄氏　　　郭嘉遗计定辽东 33
02-28 23:02:17.044068  2091 6422 D still_loving_you.txt:  46
02-28 23:02:17.048509  8887 507 V hello.txt: But I ain't done much healing 5
02-28 23:02:17.060279  2091 9295 D always_somewhere.txt: Miss you where I've been 18
02-28 23:02:17.062343  2091 6422 D still_loving_you.txt: If we'd go again 47
02-28 23:02:17.072202  8887 7 D someone_like_you.txt: Never mind, I'll find someone like you 31
02-28 23:02:17.075884  2091 6422 D still_loving_you.txt: All the way from the start 48
02-28 23:02:17.086329  2091 6483 D bad.txt: If you don't like what I'm sayin' 62
02-28 23:02:17.089026  2091 9859 V they_dont_care_about_us.txt:  41
02-28 23:02:17.089625  7931 6831 D bridge_over_trouble_water.txt: Oh, if you need a friend 32 33
02-28 23:02:17.092101  2091 9859 D they_dont_care_about_us.txt: [Verse 3] 42
02-28 23:02:17.096019  7931 6831 V bridge_over_trouble_water.txt: I'm sailing right behind 33 34
02-28 23:02:17.107870  8887 7 V someone_like_you.txt: I wish nothing but the best for you, too 32
02-28 23:02:17.109989  8887 507 D hello.txt:  6
02-28 23:02:17.112805  8887 7 V someone_like_you.txt: "Don't forget me, " I begged 33
02-28 23:02:17.113877  2091 8827 V billie_jean.txt: She's just a girl who claims that I am the one (Oh baby) 56
02-28 23:02:17.120793  2091 6422 V still_loving_you.txt: I would try to change 49
02-28 23:02:17.122611  7931 4403 V Scarborough_Fair.txt: Remember me to one who lives there 5
02-28 23:02:17.123347  8887 8399 D when_we_are_young.txt: (When we were young) 62
02-28 23:02:17.131378  2091 639 V thriller.txt: (Thriller, ooh, thriller) 92
02-28 23:02:17.140665  5126 22 V without_me.txt: Round the outside, round the outside 6
02-28 23:02:17.145809  7931 4403 D Scarborough_Fair.txt: She once was a true love of mine 6
02-28 23:02:17.148713  2091 9359 V send_me_angle.txt: To the dawn of the light 3
02-28 23:02:17.158782  5126 5611 W rap_god.txt: To maybe try to help get some people through tough times 125
02-28 23:02:17.162255  2959 197 D vincent.txt: In colors on the snowy, linen land 10
02-28 23:02:17.163290  2091 8827 V billie_jean.txt: But the kid is not my son (Oh, no, no) 57
02-28 23:02:17.170540  2091 3448 V beat_it.txt:  48
02-28 23:02:17.177494  5126 22 D without_me.txt: Guess who's back, back again 7
02-28 23:02:17.188269  2959 197 W vincent.txt:  11
02-28 23:02:17.194610  2091 6483 V bad.txt: Then won't you slap my face? 63
02-28 23:02:17.198082  2959 197 D vincent.txt: Now, I understand what you tried to say to me 12
02-28 23:02:17.205836  5126 5611 D rap_god.txt: But I gotta keep a few punchlines 126
02-28 23:02:17.211586  2959 197 W vincent.txt: And how you suffered for your sanity 13
02-28 23:02:17.212051  8887 7 D someone_like_you.txt: I remember you said 34
02-28 23:02:17.215714  2091 9859 V they_dont_care_about_us.txt: Skin head, dead head, everybody's gone bad 43
02-28 23:02:17.224006  2091 6422 V still_loving_you.txt: The things that killed our love 50
02-28 23:02:17.231957  2091 9859 V they_dont_care_about_us.txt: Trepidation, speculation, everybody, allegation 44
02-28 23:02:17.234317  8887 5826 D rolling_in_the_deep.txt: Throw your soul through every open door 47
02-28 23:02:17.234346  5126 22 D without_me.txt: Shady's back, tell a friend 8
02-28 23:02:17.235425  8887 3965 D set_fire_to_the_rain.txt: Let it bur 61
02-28 23:02:17.235469  2091 9295 D always_somewhere.txt: I'll be back to love you again 19
02-28 23:02:17.239398  5126 7394 V godzilla.txt:  42
02-28 23:02:17.246574  7931 4403 V Scarborough_Fair.txt:  7
02-28 23:02:17.256044  5126 5611 I rap_god.txt: Just in case, 'cause even you unsigned 127
02-28 23:02:17.259173  8887 8399 D when_we_are_young.txt: When we were young 63
02-28 23:02:17.266529  5126 3914 D superman.txt: (I think I love you, baby) I think I love you too 106
02-28 23:02:17.274398  2091 8827 D billie_jean.txt: She says I am the one (Oh baby) 58
02-28 23:02:17.274827  2091 3448 V beat_it.txt: [Chorus] 49
02-28 23:02:17.279667  8887 7 D someone_like_you.txt: "Sometimes it lasts in love, but sometimes it hurts instead" 35
02-28 23:02:17.285125  5126 1989 V till_I_collapse.txt: That's why I'm clever when I put together every verse 64
02-28 23:02:17.286690  7931 6831 V bridge_over_trouble_water.txt:  34 35
02-28 23:02:17.297560  8887 8399 V when_we_are_young.txt: (When we were young) 64
02-28 23:02:17.307961  8887 507 V hello.txt: Hello, can you hear me? 7
02-28 23:02:17.309469  5126 5611 D rap_god.txt: Rappers are hungry lookin' at me like it's lunchtime 128
02-28 23:02:17.319843  6467 8874 I san_guo.txt: 第三十四回　　蔡夫人隔屏听密语　　刘皇叔跃马过檀溪 34
02-28 23:02:17.331738  5126 22 V without_me.txt: Guess who's back, guess who's back? 9
02-28 23:02:17.333180  2091 8827 V billie_jean.txt: But the kid is not my son (No, hee-hee!) 59
02-28 23:02:17.338020  2091 8671 D zombie.txt: Another mother's breakin' 26
02-28 23:02:17.343414  8887 5826 D rolling_in_the_deep.txt: Count your blessings to find what you look for 48
02-28 23:02:17.349369  8887 5826 D rolling_in_the_deep.txt: Turn my sorrow into treasured gold 49
02-28 23:02:17.353464  5126 3914 D superman.txt: I'm here to save you, girl, come be in Shady's world 107
02-28 23:02:17.356604  7931 6831 V bridge_over_trouble_water.txt: Like a bridge over troubled water 35 36
02-28 23:02:17.366413  5126 1989 V till_I_collapse.txt:  65
02-28 23:02:17.375901  7931 6831 V bridge_over_trouble_water.txt: I will ease your mind 36 37
02-28 23:02:17.386816  7931 4403 V Scarborough_Fair.txt: Tell her to make me a cambric shirt (in the deep forest green) 8
02-28 23:02:17.394270  2959 197 V vincent.txt: And how you tried to set them free 14
02-28 23:02:17.403924  2091 6483 V bad.txt:  64
02-28 23:02:17.405368  7931 6831 V bridge_over_trouble_water.txt: Like a bridge over troubled water 37 38
02-28 23:02:17.413937  7931 6831 V bridge_over_trouble_water.txt: I will ease your min 38 39
02-28 23:02:17.417888  7931 6831 F bridge_over_trouble_water.txt: Bridge Over Troubled Water 0 1
02-28 23:02:17.421943  5126 1989 V till_I_collapse.txt: My thoughts are sporadic, I act like I'm an addict 66
02-28 23:02:17.430449  2091 8671 D zombie.txt: Heart is takin' over 27
02-28 23:02:17.437200  7931 4403 D Scarborough_Fair.txt: Parsley, sage, rosemary, and thyme 9
02-28 23:02:17.442431  2091 639 D thriller.txt: I'm gonna thrill you tonight 93
02-28 23:02:17.453010  2959 197 V vincent.txt: They would not listen, they did not know how 15
02-28 23:02:17.453080  5126 22 V without_me.txt: Guess who's back, guess who's back? 10
02-28 23:02:17.453087  8887 3965 V set_fire_to_the_rain.txt: I let it fall, my heart 1
02-28 23:02:17.461700  5126 3914 D superman.txt: I wanna grow together, let's let our love unfurl 108
02-28 23:02:17.462034  2091 9487 V wind_of_change.txt: For peace of mind 36
02-28 23:02:17.471207  2091 9295 V always_somewhere.txt:  20
02-28 23:02:17.482704  2091 8827 V billie_jean.txt: [Break] 60
02-28 23:02:17.490045  5126 22 D without_me.txt: Guess who's back, guess who's back? 11
02-28 23:02:17.492143  8887 8399 V when_we_are_young.txt:  65
02-28 23:02:17.502122  5126 1989 V till_I_collapse.txt: I rap like I'm addicted to smack like I'm Kim Mathers 67
02-28 23:02:17.506729  2091 9359 D send_me_angle.txt: The wind will blow into your face 4
02-28 23:02:17.515642  2091 639 D thriller.txt: (Thriller night, thriller) 94
02-28 23:02:17.524735  2091 6422 E still_loving_you.txt: Yes, I've hurt your pride, and I know 51
02-28 23:02:17.529995  2091 8827 D billie_jean.txt: Ah, hee-hee-hee! 61
02-28 23:02:17.535714  2091 6483 W bad.txt:  65
02-28 23:02:17.542132  5126 3914 V superman.txt: You know you want me, baby, you know I want you too 109
02-28 23:02:17.546152  2091 6422 E still_loving_you.txt: What you've been through 52
02-28 23:02:17.557567  2091 8417 D heal_the_world.txt:  108
02-28 23:02:17.557960  2959 197 V vincent.txt: Perhaps they'll listen now 16
02-28 23:02:17.563604  5126 3914 V superman.txt: They call me Superman, I'm here to rescue you 110
02-28 23:02:17.567478  5126 3914 V superman.txt: I wanna save you, girl, come be in Shady's world 111
02-28 23:02:17.572490  2091 639 D thriller.txt: I'm gonna thrill you tonight 95
02-28 23:02:17.581845  2091 8671 D zombie.txt: When the violence causes silence 28
02-28 23:02:17.589892  2091 8671 V zombie.txt: We must be mistaken 29
02-28 23:02:17.601606  2091 8417 D heal_the_world.txt: [Outro: Michael Jackson & Child] 109
02-28 23:02:17.608597  8887 7 D someone_like_you.txt:  36
02-28 23:02:17.610798  2091 6422 F still_loving_you.txt: You should give me a chance 53
02-28 23:02:17.622411  2091 639 V thriller.txt: Ooh, babe, I'm gonna thrill you tonight 96
02-28 23:02:17.632560  2091 3448 V beat_it.txt: Beat it, beat it, beat it, beat it 50
02-28 23:02:17.639334  2091 8827 I billie_jean.txt: Hee! Hoo! 62
02-28 23:02:17.641846  2091 8417 D heal_the_world.txt: Make a better place (You and for me) 110
02-28 23:02:17.650077  5126 22 D without_me.txt: Guess who's back? 12
02-28 23:02:17.655090  5126 3914 D superman.txt: (Oh boy, you drive me crazy) Bitch, you make me hurl 112
02-28 23:02:17.658045  8887 507 V hello.txt: I'm in California dreaming about who we used to be 8
02-28 23:02:17.662386  8887 3965 V set_fire_to_the_rain.txt: And as it fell, you rose to claim it 2
02-28 23:02:17.669145  2091 3448 V beat_it.txt: No one wants to be defeated 51
02-28 23:02:17.676101  5126 3914 D superman.txt:  113
02-28 23:02:17.682388  2091 9487 V wind_of_change.txt: Let your balalaika sing 37
02-28 23:02:17.684347  8887 8399 D when_we_are_young.txt: Let me photograph you in this light 66
02-28 23:02:17.695388  5126 22 V without_me.txt:  13
02-28 23:02:17.705073  8887 5826 V rolling_in_the_deep.txt: You'll pay me back in kind and reap just what you've sown 50
02-28 23:02:17.711447  2091 639 V thriller.txt: Thriller night, babe 97
02-28 23:02:17.713336  2091 6422 V still_loving_you.txt: This can't be the end 54
02-28 23:02:17.723952  2091 639 V thriller.txt: The foulest stench is in the air 98
02-28 23:02:17.732633  2091 8671 E zombie.txt:  30
02-28 23:02:17.743054  2091 6422 E still_loving_you.txt: I'm still loving you 55
02-28 23:02:17.751263  5126 22 V without_me.txt: I've created a monster, 'cause nobody wants to see Marshall no more 14
02-28 23:02:17.753986  2091 8671 I zombie.txt: [Pre-Chorus] 31
02-28 23:02:17.761583  5126 3914 V superman.txt:  114
02-28 23:02:17.772023  2091 8827 V billie_jean.txt:  63
02-28 23:02:17.774550  5126 22 I without_me.txt: They want Shady, I'm chopped liver 15
02-28 23:02:17.784374  2091 9359 V send_me_angle.txt: As the years pass you by 5
02-28 23:02:17.795031  2091 8671 D zombie.txt: It's the same old theme, since 1916 32
02-28 23:02:17.795416  5126 3914 D superman.txt: [Verse 3: Eminem] 115
02-28 23:02:17.805688  2091 8671 V zombie.txt: In your head, in your head, they're still fightin' 33
02-28 23:02:17.814242  7931 6831 V bridge_over_trouble_water.txt: Simon & Garfunkel 1 2
02-28 23:02:17.826087  8887 3965 F set_fire_to_the_rain.txt: It was dark and I was over 3
02-28 23:02:17.834176  7931 6831 E bridge_over_trouble_water.txt: When you're weary 2 3
02-28 23:02:17.845347  2091 9487 V wind_of_change.txt: What my guitar wants to say 38
02-28 23:02:17.847383  6467 9869 V xi_you.txt: 第十二回 唐王秉诚修大会 观音显圣化金蝉 12
02-28 23:02:17.857062  2959 197 V vincent.txt:  17
02-28 23:02:17.867219  2091 8417 V heal_the_world.txt: Make a better place (You and for me) 111
02-28 23:02:17.873063  2091 9359 D send_me_angle.txt: Hear this voice from deep inside 6
02-28 23:02:17.880243  2091 9359 D send_me_angle.txt: It's the call of your heart 7
02-28 23:02:17.881029  8887 8399 V when_we_are_young.txt: In case it is the last time 67
02-28 23:02:17.892826  2091 8417 V heal_the_world.txt: Make a better place (You and for me) 112
02-28 23:02:17.894558  2091 3448 V beat_it.txt: Showin' how funky and strong is your fight 52
02-28 23:02:17.899829  7931 6831 V bridge_over_trouble_water.txt: Feeling small 3 4
02-28 23:02:17.901396  5126 7394 D godzilla.txt: You get in my way? I'ma feed you to the monster (Yeah) 43
02-28 23:02:17.904013  2091 9487 V wind_of_change.txt: Take me to the magic of the moment 39
02-28 23:02:17.914865  5126 7394 D godzilla.txt: I'm normal during the day, but at night turn to a monster (Yeah) 44
02-28 23:02:17.924195  5126 7394 V godzilla.txt: When the moon shines like Ice Road Truckers 45
02-28 23:02:17.924258  5126 22 V without_me.txt: Well if you want Shady, then this is what I'll give ya 16
02-28 23:02:17.935661  2959 197 V vincent.txt: Starry, starry night 18
02-28 23:02:17.935888  2091 8417 D heal_the_world.txt: (You and for me) 113
02-28 23:02:17.947388  8887 7 V someone_like_you.txt: Nothing compares, no worries or cares 37
02-28 23:02:17.954949  2091 8417 D heal_the_world.txt: Heal the world we live in (You and for me) 114
02-28 23:02:17.961689  2091 6483 V bad.txt: [Chorus] 66
02-28 23:02:17.966549  2091 8417 V heal_the_world.txt: Save it for our children (You and for me) 115
02-28 23:02:17.968563  2091 9859 V they_dont_care_about_us.txt: In the suit, on the news, everybody, dog food 45
02-28 23:02:17.971014  8887 7 D someone_like_you.txt: Regrets and mistakes, they're memories made 38
02-28 23:02:17.979419  5126 5611 V rap_god.txt: I know there was a time where once I 129
02-28 23:02:17.986974  5126 5611 D rap_god.txt: Was king of the underground 130
02-28 23:02:17.987251  2091 6422 I still_loving_you.txt: I’m still loving you 56
02-28 23:02:17.990429  5126 3914 D superman.txt: First thing you say: I'm not fazed 116
02-28 23:02:18.002136  8887 5826 D rolling_in_the_deep.txt: We could have had it all 51
02-28 23:02:18.002545  2091 6422 D still_loving_you.txt: I'm still loving you 57
02-28 23:02:18.009858  7931 8438 D sound_of_silence.txt:  10
02-28 23:02:18.020183  5126 1989 D till_I_collapse.txt: But I don't want to go forth and back in constant battles 68
02-28 23:02:18.032038  2091 9359 V send_me_angle.txt: Close your eyes and you will find 8
02-28 23:02:18.041595  5126 7394 E godzilla.txt: I look like a villain outta those blockbusters 46
02-28 23:02:18.048436  2091 6422 D still_loving_you.txt: I'm still loving you 58
02-28 23:02:18.058666  5126 22 V without_me.txt: A little bit of weed mixed with some hard liquor 17
02-28 23:02:18.061728  2091 8671 D zombie.txt: With their tanks and their bombs and their bombs and their guns 34
02-28 23:02:18.067828  8887 7 V someone_like_you.txt: Who would have known how bittersweet this would taste? 39
02-28 23:02:18.077037  8887 7 V someone_like_you.txt: Never mind, I'll find someone like you 40
02-28 23:02:18.081618  2091 6422 W still_loving_you.txt: I'm still loving you 59
02-28 23:02:18.092220  5126 3914 D superman.txt: I hang around big stars all day 117
02-28 23:02:18.093091  2091 8417 V heal_the_world.txt: Heal the world we live in (You and for me) 116
02-28 23:02:18.104977  2091 6483 D bad.txt: Because I'm bad, I'm bad! Shamone! (Bad, bad, really, really bad) 67
02-28 23:02:18.107043  2091 3448 W beat_it.txt: It doesn't matter who's wrong or right (Who's right) 53
